<html>
<body>
<pre>
<h1>µVision Build Log</h1>
<h2>Tool Versions:</h2>
IDE-Version: ¦ÌVision V5.36.0.0
Copyright (C) 2021 ARM Ltd and ARM Germany GmbH. All rights reserved.
License Information: Yiju Wang, Beihang University, LIC=WHYH9-42BY2-ARQXW-QZJBR-85HI1-P4TP0
 
Tool Versions:
Toolchain:       MDK-ARM Plus  Version: 5.36.0.0
Toolchain Path:  E:\Keil v5.36\ARM\ARMCC\Bin
C Compiler:      Armcc.exe V5.06 update 7 (build 960)
Assembler:       Armasm.exe V5.06 update 7 (build 960)
Linker/Locator:  ArmLink.exe V5.06 update 7 (build 960)
Library Manager: ArmAr.exe V5.06 update 7 (build 960)
Hex Converter:   FromElf.exe V5.06 update 7 (build 960)
CPU DLL:         SARMCM3.DLL V5.36.0.0
Dialog DLL:      DCM.DLL V1.17.3.0
Target DLL:      STLink\ST-LINKIII-KEIL_SWO.dll V3.0.9.0
Dialog DLL:      TCM.DLL V1.53.0.0
 
<h2>Project:</h2>
E:\3GradeSemester2\Mechatronics\Project\LogisticsSortingRobot\MDK-ARM\LogisticsSortingRobot.uvprojx
Project File Date:  06/15/2022

<h2>Output:</h2>
*** Using Compiler 'V5.06 update 7 (build 960)', folder: 'E:\Keil v5.36\ARM\ARMCC\Bin'
Rebuild target 'LogisticsSortingRobot'
assembling startup_stm32f407xx.s...
compiling stm32f4xx_hal_rcc.c...
compiling stm32f4xx_hal_gpio.c...
compiling main.c...
compiling stm32f4xx_hal_flash.c...
compiling stm32f4xx_hal_msp.c...
compiling stm32f4xx_it.c...
compiling gpio.c...
compiling dma.c...
compiling stm32f4xx_hal_flash_ramfunc.c...
compiling usart.c...
compiling stm32f4xx_hal_flash_ex.c...
compiling stm32f4xx_hal_rcc_ex.c...
compiling croutine.c...
compiling stm32f4xx_hal_timebase_tim.c...
compiling event_groups.c...
compiling list.c...
compiling tim.c...
compiling freertos.c...
compiling queue.c...
compiling stream_buffer.c...
compiling timers.c...
compiling tasks.c...
compiling heap_4.c...
compiling port.c...
compiling cmsis_os.c...
compiling LEDModule.c...
..\Layer_FunctionModule\LEDModule.c(44): warning:  #188-D: enumerated type mixed with another type
  	SetLEDOnorOff(ALARMLED, LEDON);
..\Layer_FunctionModule\LEDModule.c: 1 warning, 0 errors
compiling system_stm32f4xx.c...
compiling stm32f4xx_hal_uart.c...
compiling KeyModule.c...
compiling stm32f4xx_hal_exti.c...
compiling stm32f4xx_hal_pwr_ex.c...
compiling AirPump.c...
compiling stm32f4xx_hal_dma.c...
compiling stm32f4xx_hal_dma_ex.c...
compiling stm32f4xx_hal_cortex.c...
compiling stm32f4xx_hal.c...
compiling stm32f4xx_hal_tim.c...
compiling stm32f4xx_hal_pwr.c...
compiling Serial.c...
compiling stm32f4xx_hal_tim_ex.c...
compiling Stepper.c...
compiling WeighingSensor.c...
compiling Switch.c...
compiling Mechanism.c...
..\Layer_Mechanical\Mechanism.c(50): warning:  #1035-D: single-precision operand implicitly converted to double-precision
  			shaftTar = (mechTar / REV_DISP_RAXIS);
..\Layer_Mechanical\Mechanism.c: 1 warning, 0 errors
compiling TaskExecute.c...
compiling UltraSonic.c...
..\Layer_FunctionModule\UltraSonic.c(74): warning:  #1035-D: single-precision operand implicitly converted to double-precision
  		This->Len = (float)(This->Data[1] - This->Data[0]) * 0.017;
..\Layer_FunctionModule\UltraSonic.c: 1 warning, 0 errors
compiling Application.c...
linking...
Program Size: Code=34072 RO-data=992 RW-data=488 ZI-data=20888  
FromELF: creating hex file...
"LogisticsSortingRobot\LogisticsSortingRobot.axf" - 0 Error(s), 3 Warning(s).

<h2>Software Packages used:</h2>

Package Vendor: ARM
                http://www.keil.com/pack/ARM.CMSIS.5.8.0.pack
                ARM.CMSIS.5.8.0
                CMSIS (Common Microcontroller Software Interface Standard)
   * Component: CORE Version: 5.5.0

Package Vendor: Keil
                http://www.keil.com/pack/Keil.STM32F4xx_DFP.2.15.0.pack
                Keil.STM32F4xx_DFP.2.15.0
                STMicroelectronics STM32F4 Series Device Support, Drivers and Examples

<h2>Collection of Component include folders:</h2>
  .\RTE\_LogisticsSortingRobot
  E:\Keil v5.36\Pack\ARM\CMSIS\5.8.0\CMSIS\Core\Include
  E:\Keil v5.36\Pack\Keil\STM32F4xx_DFP\2.15.0\Drivers\CMSIS\Device\ST\STM32F4xx\Include

<h2>Collection of Component Files used:</h2>

   * Component: ARM::CMSIS:CORE:5.5.0
      Include file:  CMSIS\Core\Include\tz_context.h
Build Time Elapsed:  00:00:20
</pre>
</body>
</html>
