Component: ARM Compiler 5.06 update 7 (build 960) Tool: armlink [4d3601]

==============================================================================

Section Cross References

    startup_stm32f407xx.o(STACK) refers (Special) to heapauxi.o(.text) for __use_two_region_memory
    startup_stm32f407xx.o(HEAP) refers (Special) to heapauxi.o(.text) for __use_two_region_memory
    startup_stm32f407xx.o(RESET) refers (Special) to heapauxi.o(.text) for __use_two_region_memory
    startup_stm32f407xx.o(RESET) refers to startup_stm32f407xx.o(STACK) for __initial_sp
    startup_stm32f407xx.o(RESET) refers to startup_stm32f407xx.o(.text) for Reset_Handler
    startup_stm32f407xx.o(RESET) refers to stm32f4xx_it.o(i.NMI_Handler) for NMI_Handler
    startup_stm32f407xx.o(RESET) refers to stm32f4xx_it.o(i.HardFault_Handler) for HardFault_Handler
    startup_stm32f407xx.o(RESET) refers to stm32f4xx_it.o(i.MemManage_Handler) for MemManage_Handler
    startup_stm32f407xx.o(RESET) refers to stm32f4xx_it.o(i.BusFault_Handler) for BusFault_Handler
    startup_stm32f407xx.o(RESET) refers to stm32f4xx_it.o(i.UsageFault_Handler) for UsageFault_Handler
    startup_stm32f407xx.o(RESET) refers to port.o(.emb_text) for SVC_Handler
    startup_stm32f407xx.o(RESET) refers to stm32f4xx_it.o(i.DebugMon_Handler) for DebugMon_Handler
    startup_stm32f407xx.o(RESET) refers to port.o(i.SysTick_Handler) for SysTick_Handler
    startup_stm32f407xx.o(RESET) refers to switch.o(i.EXTI1_IRQHandler) for EXTI1_IRQHandler
    startup_stm32f407xx.o(RESET) refers to switch.o(i.EXTI2_IRQHandler) for EXTI2_IRQHandler
    startup_stm32f407xx.o(RESET) refers to switch.o(i.EXTI3_IRQHandler) for EXTI3_IRQHandler
    startup_stm32f407xx.o(RESET) refers to switch.o(i.EXTI4_IRQHandler) for EXTI4_IRQHandler
    startup_stm32f407xx.o(RESET) refers to switch.o(i.EXTI9_5_IRQHandler) for EXTI9_5_IRQHandler
    startup_stm32f407xx.o(RESET) refers to stm32f4xx_it.o(i.TIM1_UP_TIM10_IRQHandler) for TIM1_UP_TIM10_IRQHandler
    startup_stm32f407xx.o(RESET) refers to stm32f4xx_it.o(i.TIM2_IRQHandler) for TIM2_IRQHandler
    startup_stm32f407xx.o(RESET) refers to stm32f4xx_it.o(i.TIM3_IRQHandler) for TIM3_IRQHandler
    startup_stm32f407xx.o(RESET) refers to stm32f4xx_it.o(i.TIM4_IRQHandler) for TIM4_IRQHandler
    startup_stm32f407xx.o(RESET) refers to stm32f4xx_it.o(i.USART1_IRQHandler) for USART1_IRQHandler
    startup_stm32f407xx.o(RESET) refers to switch.o(i.EXTI15_10_IRQHandler) for EXTI15_10_IRQHandler
    startup_stm32f407xx.o(RESET) refers to stm32f4xx_it.o(i.TIM8_BRK_TIM12_IRQHandler) for TIM8_BRK_TIM12_IRQHandler
    startup_stm32f407xx.o(RESET) refers to stm32f4xx_it.o(i.TIM8_UP_TIM13_IRQHandler) for TIM8_UP_TIM13_IRQHandler
    startup_stm32f407xx.o(RESET) refers to stm32f4xx_it.o(i.DMA2_Stream2_IRQHandler) for DMA2_Stream2_IRQHandler
    startup_stm32f407xx.o(RESET) refers to stm32f4xx_it.o(i.DMA2_Stream7_IRQHandler) for DMA2_Stream7_IRQHandler
    startup_stm32f407xx.o(.text) refers (Special) to heapauxi.o(.text) for __use_two_region_memory
    startup_stm32f407xx.o(.text) refers to system_stm32f4xx.o(i.SystemInit) for SystemInit
    startup_stm32f407xx.o(.text) refers to __main.o(!!!main) for __main
    startup_stm32f407xx.o(.text) refers to startup_stm32f407xx.o(HEAP) for Heap_Mem
    startup_stm32f407xx.o(.text) refers to startup_stm32f407xx.o(STACK) for Stack_Mem
    main.o(i.HAL_TIM_PeriodElapsedCallback) refers to stm32f4xx_hal.o(i.HAL_IncTick) for HAL_IncTick
    main.o(i.SystemClock_Config) refers to rt_memclr_w.o(.text) for __aeabi_memclr4
    main.o(i.SystemClock_Config) refers to stm32f4xx_hal_rcc.o(i.HAL_RCC_OscConfig) for HAL_RCC_OscConfig
    main.o(i.SystemClock_Config) refers to stm32f4xx_hal_rcc.o(i.HAL_RCC_ClockConfig) for HAL_RCC_ClockConfig
    main.o(i.main) refers to stm32f4xx_hal.o(i.HAL_Init) for HAL_Init
    main.o(i.main) refers to main.o(i.SystemClock_Config) for SystemClock_Config
    main.o(i.main) refers to gpio.o(i.MX_GPIO_Init) for MX_GPIO_Init
    main.o(i.main) refers to dma.o(i.MX_DMA_Init) for MX_DMA_Init
    main.o(i.main) refers to tim.o(i.MX_TIM12_Init) for MX_TIM12_Init
    main.o(i.main) refers to usart.o(i.MX_USART1_UART_Init) for MX_USART1_UART_Init
    main.o(i.main) refers to tim.o(i.MX_TIM3_Init) for MX_TIM3_Init
    main.o(i.main) refers to tim.o(i.MX_TIM4_Init) for MX_TIM4_Init
    main.o(i.main) refers to tim.o(i.MX_TIM8_Init) for MX_TIM8_Init
    main.o(i.main) refers to tim.o(i.MX_TIM6_Init) for MX_TIM6_Init
    main.o(i.main) refers to tim.o(i.MX_TIM2_Init) for MX_TIM2_Init
    main.o(i.main) refers to freertos.o(i.MX_FREERTOS_Init) for MX_FREERTOS_Init
    main.o(i.main) refers to cmsis_os.o(i.osKernelStart) for osKernelStart
    gpio.o(i.MX_GPIO_Init) refers to rt_memclr_w.o(.text) for __aeabi_memclr4
    gpio.o(i.MX_GPIO_Init) refers to stm32f4xx_hal_gpio.o(i.HAL_GPIO_WritePin) for HAL_GPIO_WritePin
    gpio.o(i.MX_GPIO_Init) refers to stm32f4xx_hal_gpio.o(i.HAL_GPIO_Init) for HAL_GPIO_Init
[...]
    __aeabi_memclr4                          0x08000545   Thumb Code     0  rt_memclr_w.o(.text)
    __aeabi_memclr8                          0x08000545   Thumb Code     0  rt_memclr_w.o(.text)
    __rt_memclr_w                            0x08000545   Thumb Code    78  rt_memclr_w.o(.text)
    _memset_w                                0x08000549   Thumb Code     0  rt_memclr_w.o(.text)
    __use_two_region_memory                  0x08000593   Thumb Code     2  heapauxi.o(.text)
    __rt_heap_escrow$2region                 0x08000595   Thumb Code     2  heapauxi.o(.text)
    __rt_heap_expand$2region                 0x08000597   Thumb Code     2  heapauxi.o(.text)
    __read_errno                             0x08000599   Thumb Code    10  _rserrno.o(.text)
    __set_errno                              0x080005a3   Thumb Code    12  _rserrno.o(.text)
    __aeabi_errno_addr                       0x080005b1   Thumb Code     8  rt_errno_addr_intlibspace.o(.text)
    __errno$intlibspace                      0x080005b1   Thumb Code     0  rt_errno_addr_intlibspace.o(.text)
    __rt_errno_addr$intlibspace              0x080005b1   Thumb Code     0  rt_errno_addr_intlibspace.o(.text)
    __user_libspace                          0x080005b9   Thumb Code     8  libspace.o(.text)
    __user_perproc_libspace                  0x080005b9   Thumb Code     0  libspace.o(.text)
    __user_perthread_libspace                0x080005b9   Thumb Code     0  libspace.o(.text)
    __user_setup_stackheap                   0x080005c1   Thumb Code    74  sys_stackheap_outer.o(.text)
    exit                                     0x0800060b   Thumb Code    18  exit.o(.text)
    _sys_exit                                0x0800061d   Thumb Code     8  sys_exit.o(.text)
    __I$use$semihosting                      0x08000629   Thumb Code     0  use_no_semi.o(.text)
    __use_no_semihosting_swi                 0x08000629   Thumb Code     2  use_no_semi.o(.text)
    AlarmLED                                 0x0800062b   Thumb Code     8  ledmodule.o(i.AlarmLED)
    __semihosting_library_function           0x0800062b   Thumb Code     0  indicate_semi.o(.text)
    Allocate_UltraSonic                      0x08000635   Thumb Code    34  ultrasonic.o(i.Allocate_UltraSonic)
    AppTaskFunc                              0x08000661   Thumb Code   636  application.o(i.AppTaskFunc)
    BusFault_Handler                         0x080008f9   Thumb Code     2  stm32f4xx_it.o(i.BusFault_Handler)
    DMA2_Stream2_IRQHandler                  0x080008fd   Thumb Code     6  stm32f4xx_it.o(i.DMA2_Stream2_IRQHandler)
    DMA2_Stream7_IRQHandler                  0x08000909   Thumb Code     6  stm32f4xx_it.o(i.DMA2_Stream7_IRQHandler)
    DebugMon_Handler                         0x080009b9   Thumb Code     2  stm32f4xx_it.o(i.DebugMon_Handler)
    DriveJointMove                           0x080009bd   Thumb Code   104  mechanism.o(i.DriveJointMove)
    EXTI15_10_IRQHandler                     0x08000a31   Thumb Code    56  switch.o(i.EXTI15_10_IRQHandler)
    EXTI1_IRQHandler                         0x08000a75   Thumb Code    48  switch.o(i.EXTI1_IRQHandler)
    EXTI2_IRQHandler                         0x08000ab1   Thumb Code    48  switch.o(i.EXTI2_IRQHandler)
    EXTI3_IRQHandler                         0x08000aed   Thumb Code    48  switch.o(i.EXTI3_IRQHandler)
    EXTI4_IRQHandler                         0x08000b29   Thumb Code    48  switch.o(i.EXTI4_IRQHandler)
    EXTI9_5_IRQHandler                       0x08000b65   Thumb Code    48  switch.o(i.EXTI9_5_IRQHandler)
    Error_Handler                            0x08000ba1   Thumb Code     4  main.o(i.Error_Handler)
    GetCoordinateMessage                     0x08000ba5   Thumb Code    14  application.o(i.GetCoordinateMessage)
    GetStepperDir                            0x08000bbd   Thumb Code    20  stepper.o(i.GetStepperDir)
    HAL_DMA_Abort                            0x08000bd5   Thumb Code   146  stm32f4xx_hal_dma.o(i.HAL_DMA_Abort)
    HAL_DMA_Abort_IT                         0x08000c67   Thumb Code    36  stm32f4xx_hal_dma.o(i.HAL_DMA_Abort_IT)
    HAL_DMA_IRQHandler                       0x08000c8d   Thumb Code   412  stm32f4xx_hal_dma.o(i.HAL_DMA_IRQHandler)
    HAL_DMA_Init                             0x08000e2d   Thumb Code   206  stm32f4xx_hal_dma.o(i.HAL_DMA_Init)
    HAL_DMA_Start_IT                         0x08000f01   Thumb Code   110  stm32f4xx_hal_dma.o(i.HAL_DMA_Start_IT)
    HAL_Delay                                0x08000f71   Thumb Code    32  stm32f4xx_hal.o(i.HAL_Delay)
    HAL_GPIO_Init                            0x08000f95   Thumb Code   450  stm32f4xx_hal_gpio.o(i.HAL_GPIO_Init)
    HAL_GPIO_ReadPin                         0x08001185   Thumb Code    10  stm32f4xx_hal_gpio.o(i.HAL_GPIO_ReadPin)
    HAL_GPIO_WritePin                        0x0800118f   Thumb Code    10  stm32f4xx_hal_gpio.o(i.HAL_GPIO_WritePin)
    HAL_GetTick                              0x08001199   Thumb Code     6  stm32f4xx_hal.o(i.HAL_GetTick)
    HAL_IncTick                              0x080011a5   Thumb Code    12  stm32f4xx_hal.o(i.HAL_IncTick)
    HAL_Init                                 0x080011b5   Thumb Code    48  stm32f4xx_hal.o(i.HAL_Init)
    HAL_InitTick                             0x080011e9   Thumb Code   100  stm32f4xx_hal_timebase_tim.o(i.HAL_InitTick)
    HAL_MspInit                              0x0800125d   Thumb Code    52  stm32f4xx_hal_msp.o(i.HAL_MspInit)
    HAL_NVIC_EnableIRQ                       0x08001295   Thumb Code    26  stm32f4xx_hal_cortex.o(i.HAL_NVIC_EnableIRQ)
    HAL_NVIC_SetPriority                     0x080012b1   Thumb Code    60  stm32f4xx_hal_cortex.o(i.HAL_NVIC_SetPriority)
    HAL_NVIC_SetPriorityGrouping             0x080012f1   Thumb Code    26  stm32f4xx_hal_cortex.o(i.HAL_NVIC_SetPriorityGrouping)
    HAL_RCC_ClockConfig                      0x08001315   Thumb Code   288  stm32f4xx_hal_rcc.o(i.HAL_RCC_ClockConfig)
    HAL_RCC_GetClockConfig                   0x08001449   Thumb Code    54  stm32f4xx_hal_rcc.o(i.HAL_RCC_GetClockConfig)
    HAL_RCC_GetPCLK1Freq                     0x08001489   Thumb Code    20  stm32f4xx_hal_rcc.o(i.HAL_RCC_GetPCLK1Freq)
    HAL_RCC_GetPCLK2Freq                     0x080014a9   Thumb Code    20  stm32f4xx_hal_rcc.o(i.HAL_RCC_GetPCLK2Freq)
    HAL_RCC_GetSysClockFreq                  0x080014c9   Thumb Code    88  stm32f4xx_hal_rcc.o(i.HAL_RCC_GetSysClockFreq)
    HAL_RCC_OscConfig                        0x08001529   Thumb Code   856  stm32f4xx_hal_rcc.o(i.HAL_RCC_OscConfig)
    HAL_TIMEx_BreakCallback                  0x08001895   Thumb Code     2  stm32f4xx_hal_tim_ex.o(i.HAL_TIMEx_BreakCallback)
    HAL_TIMEx_CommutCallback                 0x08001897   Thumb Code     2  stm32f4xx_hal_tim_ex.o(i.HAL_TIMEx_CommutCallback)
    HAL_TIMEx_CommutHalfCpltCallback         0x08001899   Thumb Code     2  stm32f4xx_hal_tim_ex.o(i.HAL_TIMEx_CommutHalfCpltCallback)
    HAL_TIMEx_ConfigBreakDeadTime            0x0800189b   Thumb Code    84  stm32f4xx_hal_tim_ex.o(i.HAL_TIMEx_ConfigBreakDeadTime)
    HAL_TIMEx_MasterConfigSynchronization    0x080018f1   Thumb Code   116  stm32f4xx_hal_tim_ex.o(i.HAL_TIMEx_MasterConfigSynchronization)
    HAL_TIM_Base_Init                        0x08001981   Thumb Code   104  stm32f4xx_hal_tim.o(i.HAL_TIM_Base_Init)
    HAL_TIM_Base_MspInit                     0x080019ed   Thumb Code   166  tim.o(i.HAL_TIM_Base_MspInit)
    HAL_TIM_Base_Start_IT                    0x08001aa9   Thumb Code   100  stm32f4xx_hal_tim.o(i.HAL_TIM_Base_Start_IT)
    HAL_TIM_Base_Stop_IT                     0x08001b29   Thumb Code    48  stm32f4xx_hal_tim.o(i.HAL_TIM_Base_Stop_IT)
    HAL_TIM_ConfigClockSource                0x08001b59   Thumb Code   220  stm32f4xx_hal_tim.o(i.HAL_TIM_ConfigClockSource)
    HAL_TIM_ErrorCallback                    0x08001c35   Thumb Code     2  stm32f4xx_hal_tim.o(i.HAL_TIM_ErrorCallback)
    HAL_TIM_IC_CaptureCallback               0x08001c39   Thumb Code   186  ultrasonic.o(i.HAL_TIM_IC_CaptureCallback)
    HAL_TIM_IC_CaptureHalfCpltCallback       0x08001cf9   Thumb Code     2  stm32f4xx_hal_tim.o(i.HAL_TIM_IC_CaptureHalfCpltCallback)
    HAL_TIM_IC_ConfigChannel                 0x08001cfb   Thumb Code   286  stm32f4xx_hal_tim.o(i.HAL_TIM_IC_ConfigChannel)
    HAL_TIM_IC_Init                          0x08001e19   Thumb Code   104  stm32f4xx_hal_tim.o(i.HAL_TIM_IC_Init)
    HAL_TIM_IC_MspInit                       0x08001e85   Thumb Code     2  stm32f4xx_hal_tim.o(i.HAL_TIM_IC_MspInit)
    HAL_TIM_IC_Start_IT                      0x08001e89   Thumb Code   240  stm32f4xx_hal_tim.o(i.HAL_TIM_IC_Start_IT)
    HAL_TIM_IC_Stop_IT                       0x08001f95   Thumb Code   146  stm32f4xx_hal_tim.o(i.HAL_TIM_IC_Stop_IT)
    HAL_TIM_IRQHandler                       0x08002027   Thumb Code   382  stm32f4xx_hal_tim.o(i.HAL_TIM_IRQHandler)
    HAL_TIM_MspPostInit                      0x080021a5   Thumb Code   188  tim.o(i.HAL_TIM_MspPostInit)
    HAL_TIM_OC_DelayElapsedCallback          0x0800227d   Thumb Code     2  stm32f4xx_hal_tim.o(i.HAL_TIM_OC_DelayElapsedCallback)
    HAL_TIM_PWM_ConfigChannel                0x0800227f   Thumb Code   204  stm32f4xx_hal_tim.o(i.HAL_TIM_PWM_ConfigChannel)
    HAL_TIM_PWM_Init                         0x0800234d   Thumb Code   104  stm32f4xx_hal_tim.o(i.HAL_TIM_PWM_Init)
    HAL_TIM_PWM_MspInit                      0x080023b9   Thumb Code   142  tim.o(i.HAL_TIM_PWM_MspInit)
    HAL_TIM_PWM_PulseFinishedCallback        0x08002455   Thumb Code     2  stm32f4xx_hal_tim.o(i.HAL_TIM_PWM_PulseFinishedCallback)
    HAL_TIM_PWM_PulseFinishedHalfCpltCallback 0x08002457   Thumb Code     2  stm32f4xx_hal_tim.o(i.HAL_TIM_PWM_PulseFinishedHalfCpltCallback)
    HAL_TIM_PWM_Start                        0x08002459   Thumb Code   172  stm32f4xx_hal_tim.o(i.HAL_TIM_PWM_Start)
    HAL_TIM_PWM_Stop                         0x08002521   Thumb Code   114  stm32f4xx_hal_tim.o(i.HAL_TIM_PWM_Stop)
    HAL_TIM_PeriodElapsedCallback            0x0800259d   Thumb Code    14  main.o(i.HAL_TIM_PeriodElapsedCallback)
    HAL_TIM_PeriodElapsedHalfCpltCallback    0x080025b1   Thumb Code     2  stm32f4xx_hal_tim.o(i.HAL_TIM_PeriodElapsedHalfCpltCallback)
    HAL_TIM_RegisterCallback                 0x080025b3   Thumb Code   250  stm32f4xx_hal_tim.o(i.HAL_TIM_RegisterCallback)
    HAL_TIM_TriggerCallback                  0x080026ad   Thumb Code     2  stm32f4xx_hal_tim.o(i.HAL_TIM_TriggerCallback)
    HAL_TIM_TriggerHalfCpltCallback          0x080026af   Thumb Code     2  stm32f4xx_hal_tim.o(i.HAL_TIM_TriggerHalfCpltCallback)
    HAL_UARTEx_ReceiveToIdle_DMA             0x080026b1   Thumb Code    86  stm32f4xx_hal_uart.o(i.HAL_UARTEx_ReceiveToIdle_DMA)
    HAL_UARTEx_RxEventCallback               0x08002707   Thumb Code     2  stm32f4xx_hal_uart.o(i.HAL_UARTEx_RxEventCallback)
    HAL_UART_AbortCpltCallback               0x08002709   Thumb Code     2  stm32f4xx_hal_uart.o(i.HAL_UART_AbortCpltCallback)
    HAL_UART_AbortReceiveCpltCallback        0x0800270b   Thumb Code     2  stm32f4xx_hal_uart.o(i.HAL_UART_AbortReceiveCpltCallback)
    HAL_UART_AbortTransmitCpltCallback       0x0800270d   Thumb Code     2  stm32f4xx_hal_uart.o(i.HAL_UART_AbortTransmitCpltCallback)
    HAL_UART_ErrorCallback                   0x0800270f   Thumb Code     2  stm32f4xx_hal_uart.o(i.HAL_UART_ErrorCallback)
    HAL_UART_IRQHandler                      0x08002711   Thumb Code   612  stm32f4xx_hal_uart.o(i.HAL_UART_IRQHandler)
    HAL_UART_Init                            0x08002979   Thumb Code   112  stm32f4xx_hal_uart.o(i.HAL_UART_Init)
    HAL_UART_MspInit                         0x080029ed   Thumb Code   214  usart.o(i.HAL_UART_MspInit)
    HAL_UART_RegisterRxEventCallback         0x08002ad9   Thumb Code    66  stm32f4xx_hal_uart.o(i.HAL_UART_RegisterRxEventCallback)
    HAL_UART_RxCpltCallback                  0x08002b1b   Thumb Code     2  stm32f4xx_hal_uart.o(i.HAL_UART_RxCpltCallback)
    HAL_UART_RxHalfCpltCallback              0x08002b1d   Thumb Code     2  stm32f4xx_hal_uart.o(i.HAL_UART_RxHalfCpltCallback)
    HAL_UART_Transmit_DMA                    0x08002b21   Thumb Code   126  stm32f4xx_hal_uart.o(i.HAL_UART_Transmit_DMA)
    HAL_UART_TxCpltCallback                  0x08002bad   Thumb Code     2  stm32f4xx_hal_uart.o(i.HAL_UART_TxCpltCallback)
    HAL_UART_TxHalfCpltCallback              0x08002baf   Thumb Code     2  stm32f4xx_hal_uart.o(i.HAL_UART_TxHalfCpltCallback)
    HardFault_Handler                        0x08002bb1   Thumb Code     2  stm32f4xx_it.o(i.HardFault_Handler)
    IfGoodsDrops                             0x08002bb5   Thumb Code    18  application.o(i.IfGoodsDrops)
    IfLockerNotSame                          0x08002bcd   Thumb Code    40  application.o(i.IfLockerNotSame)
    JointAllResetToHead                      0x08002bf9   Thumb Code    20  taskexecute.o(i.JointAllResetToHead)
    JointResetToHead                         0x08002c0d   Thumb Code    26  mechanism.o(i.JointResetToHead)
    JointTaskFunc                            0x08002c31   Thumb Code   116  taskexecute.o(i.JointTaskFunc)
    MX_DMA_Init                              0x08002cd9   Thumb Code    56  dma.o(i.MX_DMA_Init)
    MX_FREERTOS_Init                         0x08002d15   Thumb Code   230  freertos.o(i.MX_FREERTOS_Init)
    MX_GPIO_Init                             0x08002e05   Thumb Code   530  gpio.o(i.MX_GPIO_Init)
    MX_TIM12_Init                            0x08003031   Thumb Code   120  tim.o(i.MX_TIM12_Init)
    MX_TIM2_Init                             0x080030b1   Thumb Code   110  tim.o(i.MX_TIM2_Init)
    MX_TIM3_Init                             0x08003125   Thumb Code   150  tim.o(i.MX_TIM3_Init)
    MX_TIM4_Init                             0x080031c5   Thumb Code   108  tim.o(i.MX_TIM4_Init)
    MX_TIM6_Init                             0x08003239   Thumb Code    60  tim.o(i.MX_TIM6_Init)
    MX_TIM8_Init                             0x0800327d   Thumb Code   154  tim.o(i.MX_TIM8_Init)
    MX_USART1_UART_Init                      0x08003321   Thumb Code    48  usart.o(i.MX_USART1_UART_Init)
    MemManage_Handler                        0x08003359   Thumb Code     2  stm32f4xx_it.o(i.MemManage_Handler)
    NMI_Handler                              0x0800335b   Thumb Code     2  stm32f4xx_it.o(i.NMI_Handler)
    RangingTaskFunc                          0x0800335d   Thumb Code   100  taskexecute.o(i.RangingTaskFunc)
    RobotIkine                               0x080033d9   Thumb Code   284  application.o(i.RobotIkine)
    SW1Clicked                               0x08003515   Thumb Code     8  mechanism.o(i.SW1Clicked)
    SW1Released                              0x0800351d   Thumb Code     8  mechanism.o(i.SW1Released)
    SW2Clicked                               0x08003525   Thumb Code     8  mechanism.o(i.SW2Clicked)
    SW2Released                              0x0800352d   Thumb Code     8  mechanism.o(i.SW2Released)
    SW3Clicked                               0x08003535   Thumb Code     8  mechanism.o(i.SW3Clicked)
    SW3Released                              0x0800353d   Thumb Code     8  mechanism.o(i.SW3Released)
    SW4Clicked                               0x08003545   Thumb Code     8  mechanism.o(i.SW4Clicked)
    SW4Released                              0x0800354d   Thumb Code     8  mechanism.o(i.SW4Released)
    SW5Clicked                               0x08003555   Thumb Code     8  mechanism.o(i.SW5Clicked)
    SW5Released                              0x0800355d   Thumb Code     8  mechanism.o(i.SW5Released)
    SW6Clicked                               0x08003565   Thumb Code     8  mechanism.o(i.SW6Clicked)
    SW6Released                              0x0800356d   Thumb Code     8  mechanism.o(i.SW6Released)
    SendJointMoveOrder                       0x08003575   Thumb Code    80  application.o(i.SendJointMoveOrder)
    SerialInit                               0x080035c9   Thumb Code    30  serial.o(i.SerialInit)
    SerialPackExtract                        0x080035f5   Thumb Code    44  serial.o(i.SerialPackExtract)
    SerialPackTransmit                       0x08003621   Thumb Code    52  serial.o(i.SerialPackTransmit)
    SerialRequireFromUpper                   0x0800365d   Thumb Code    14  serial.o(i.SerialRequireFromUpper)
    SerialTaskFunc                           0x0800366d   Thumb Code   102  taskexecute.o(i.SerialTaskFunc)
    SetLEDOnorOff                            0x080036e5   Thumb Code    68  ledmodule.o(i.SetLEDOnorOff)
    SetPressureSensorWork                    0x08003731   Thumb Code    18  application.o(i.SetPressureSensorWork)
    SetRangingSensorWork                     0x08003749   Thumb Code    22  application.o(i.SetRangingSensorWork)
    SetStepperEnabled                        0x08003765   Thumb Code    44  stepper.o(i.SetStepperEnabled)
    SetStepperTarPosWithVel                  0x08003795   Thumb Code   250  stepper.o(i.SetStepperTarPosWithVel)
    SetStepperTarVel                         0x08003899   Thumb Code   240  stepper.o(i.SetStepperTarVel)
    SetStepperZeroPos                        0x08003991   Thumb Code    40  stepper.o(i.SetStepperZeroPos)
    StartDefaultTask                         0x080039bd   Thumb Code     8  freertos.o(i.StartDefaultTask)
    StepperModuleInit                        0x080039c5   Thumb Code    44  stepper.o(i.StepperModuleInit)
    SwitchClickedProcess                     0x080039f9   Thumb Code    76  mechanism.o(i.SwitchClickedProcess)
    SwitchModuleInit                         0x08003a49   Thumb Code    32  switch.o(i.SwitchModuleInit)
    SwitchReleasedProcess                    0x08003a6d   Thumb Code    62  mechanism.o(i.SwitchReleasedProcess)
    SysTick_Handler                          0x08003ab1   Thumb Code    38  port.o(i.SysTick_Handler)
    SystemClock_Config                       0x08003add   Thumb Code   138  main.o(i.SystemClock_Config)
    SystemInit                               0x08003b71   Thumb Code    12  system_stm32f4xx.o(i.SystemInit)
    TIM1_UP_TIM10_IRQHandler                 0x08003b81   Thumb Code     6  stm32f4xx_it.o(i.TIM1_UP_TIM10_IRQHandler)
    TIM2_IRQHandler                          0x08003b8d   Thumb Code     6  stm32f4xx_it.o(i.TIM2_IRQHandler)
    TIM3_IRQHandler                          0x08003b99   Thumb Code     6  stm32f4xx_it.o(i.TIM3_IRQHandler)
    TIM4_IRQHandler                          0x08003ba5   Thumb Code     6  stm32f4xx_it.o(i.TIM4_IRQHandler)
    TIM8_BRK_TIM12_IRQHandler                0x08003bb1   Thumb Code    18  stm32f4xx_it.o(i.TIM8_BRK_TIM12_IRQHandler)
    TIM8_UP_TIM13_IRQHandler                 0x08003bcd   Thumb Code     6  stm32f4xx_it.o(i.TIM8_UP_TIM13_IRQHandler)
    TIM_Base_SetConfig                       0x08003bd9   Thumb Code   156  stm32f4xx_hal_tim.o(i.TIM_Base_SetConfig)
    TIM_CCxChannelCmd                        0x08003ca1   Thumb Code    26  stm32f4xx_hal_tim.o(i.TIM_CCxChannelCmd)
    TIM_ETR_SetConfig                        0x08003cbb   Thumb Code    20  stm32f4xx_hal_tim.o(i.TIM_ETR_SetConfig)
    TIM_OC2_SetConfig                        0x08003d41   Thumb Code    98  stm32f4xx_hal_tim.o(i.TIM_OC2_SetConfig)
    TIM_ResetCallback                        0x08003e65   Thumb Code    56  stm32f4xx_hal_tim.o(i.TIM_ResetCallback)
    TIM_TI1_SetConfig                        0x08003ef5   Thumb Code   100  stm32f4xx_hal_tim.o(i.TIM_TI1_SetConfig)
    Target_MMtransform                       0x08003fd1   Thumb Code   100  mechanism.o(i.Target_MMtransform)
    UART_InitCallbacksToDefault              0x080041e5   Thumb Code    38  stm32f4xx_hal_uart.o(i.UART_InitCallbacksToDefault)
    UART_Start_Receive_DMA                   0x080043fd   Thumb Code   134  stm32f4xx_hal_uart.o(i.UART_Start_Receive_DMA)
    USART1_IRQHandler                        0x08004491   Thumb Code     6  stm32f4xx_it.o(i.USART1_IRQHandler)
    UltraSonic_Actuation                     0x0800449d   Thumb Code   158  ultrasonic.o(i.UltraSonic_Actuation)
    UsageFault_Handler                       0x08004545   Thumb Code     2  stm32f4xx_it.o(i.UsageFault_Handler)
    WaitCameraOPEN                           0x08004549   Thumb Code    12  application.o(i.WaitCameraOPEN)
    WaitPressureSensorWorkEnd                0x08004559   Thumb Code    18  application.o(i.WaitPressureSensorWorkEnd)
    WaitRangingSensorWorkEnd                 0x08004571   Thumb Code    18  application.o(i.WaitRangingSensorWorkEnd)
    WaitSYNCfromUpper                        0x08004589   Thumb Code    12  application.o(i.WaitSYNCfromUpper)
    WeighingSensor_Actuation                 0x08004599   Thumb Code   152  weighingsensor.o(i.WeighingSensor_Actuation)
    WeighingSensor_Allocate                  0x08004631   Thumb Code    30  weighingsensor.o(i.WeighingSensor_Allocate)
    WeighingTaskFunc                         0x08004659   Thumb Code   104  taskexecute.o(i.WeighingTaskFunc)
    __ARM_fpclassify                         0x080046d1   Thumb Code    48  fpclassify.o(i.__ARM_fpclassify)
    __hardfp_atan                            0x08004721   Thumb Code   622  atan.o(i.__hardfp_atan)
    __hardfp_atan2                           0x080049f9   Thumb Code   448  atan2.o(i.__hardfp_atan2)
    __hardfp_ceil                            0x08004bf9   Thumb Code   252  ceil.o(i.__hardfp_ceil)
    __hardfp_fabs                            0x08004d11   Thumb Code    20  fabs.o(i.__hardfp_fabs)
    __hardfp_pow                             0x08004d29   Thumb Code  3072  pow.o(i.__hardfp_pow)
    __hardfp_sqrt                            0x08005979   Thumb Code   122  sqrt.o(i.__hardfp_sqrt)
    __kernel_poly                            0x080059f3   Thumb Code   248  poly.o(i.__kernel_poly)
    __mathlib_dbl_divzero                    0x08005af1   Thumb Code    28  dunder.o(i.__mathlib_dbl_divzero)
    __mathlib_dbl_infnan                     0x08005b21   Thumb Code    20  dunder.o(i.__mathlib_dbl_infnan)
    __mathlib_dbl_infnan2                    0x08005b35   Thumb Code    20  dunder.o(i.__mathlib_dbl_infnan2)
    __mathlib_dbl_invalid                    0x08005b49   Thumb Code    24  dunder.o(i.__mathlib_dbl_invalid)
    __mathlib_dbl_overflow                   0x08005b69   Thumb Code    24  dunder.o(i.__mathlib_dbl_overflow)
    __mathlib_dbl_underflow                  0x08005b89   Thumb Code    24  dunder.o(i.__mathlib_dbl_underflow)
    atan                                     0x08005ba9   Thumb Code    16  atan.o(i.atan)
    delay_us                                 0x08005bb9   Thumb Code    54  tim.o(i.delay_us)
    fabs                                     0x08005bf5   Thumb Code    24  fabs.o(i.fabs)
    main                                     0x08005c0d   Thumb Code    54  main.o(i.main)
    osDelay                                  0x08005c85   Thumb Code    14  cmsis_os.o(i.osDelay)
    osKernelStart                            0x08005c93   Thumb Code    10  cmsis_os.o(i.osKernelStart)
    osSemaphoreCreate                        0x08005c9d   Thumb Code    80  cmsis_os.o(i.osSemaphoreCreate)
    osThreadCreate                           0x08005ced   Thumb Code    84  cmsis_os.o(i.osThreadCreate)
    pvPortMalloc                             0x08006559   Thumb Code   216  heap_4.o(i.pvPortMalloc)
    pvTaskIncrementMutexHeldCount            0x08006635   Thumb Code    18  tasks.o(i.pvTaskIncrementMutexHeldCount)
    pxPortInitialiseStack                    0x0800664d   Thumb Code    40  port.o(i.pxPortInitialiseStack)
    sqrt                                     0x08006679   Thumb Code   110  sqrt.o(i.sqrt)
    uxListRemove                             0x080066e7   Thumb Code    38  list.o(i.uxListRemove)
    vApplicationGetIdleTaskMemory            0x0800670d   Thumb Code    16  freertos.o(i.vApplicationGetIdleTaskMemory)
    vApplicationGetTimerTaskMemory           0x08006721   Thumb Code    16  freertos.o(i.vApplicationGetTimerTaskMemory)
    vListInitialise                          0x08006735   Thumb Code    22  list.o(i.vListInitialise)
    vListInitialiseItem                      0x0800674b   Thumb Code     6  list.o(i.vListInitialiseItem)
    vListInsert                              0x08006751   Thumb Code    48  list.o(i.vListInsert)
    vListInsertEnd                           0x08006781   Thumb Code    24  list.o(i.vListInsertEnd)
    vPortEnterCritical                       0x08006799   Thumb Code    54  port.o(i.vPortEnterCritical)
    vPortExitCritical                        0x080067d9   Thumb Code    34  port.o(i.vPortExitCritical)
    vPortFree                                0x08006801   Thumb Code    94  heap_4.o(i.vPortFree)
    vPortSetupTimerInterrupt                 0x08006865   Thumb Code    32  port.o(i.vPortSetupTimerInterrupt)
    vPortValidateInterruptPriority           0x08006889   Thumb Code    74  port.o(i.vPortValidateInterruptPriority)
    vQueueAddToRegistry                      0x080068dd   Thumb Code    34  queue.o(i.vQueueAddToRegistry)
    vQueueWaitForMessageRestricted           0x08006905   Thumb Code    68  queue.o(i.vQueueWaitForMessageRestricted)
    vTaskDelay                               0x08006949   Thumb Code    66  tasks.o(i.vTaskDelay)
    vTaskInternalSetTimeOutState             0x08006995   Thumb Code    12  tasks.o(i.vTaskInternalSetTimeOutState)
    vTaskMissedYield                         0x080069a5   Thumb Code     8  tasks.o(i.vTaskMissedYield)
    vTaskPlaceOnEventList                    0x080069b1   Thumb Code    44  tasks.o(i.vTaskPlaceOnEventList)
    vTaskPlaceOnEventListRestricted          0x080069e1   Thumb Code    52  tasks.o(i.vTaskPlaceOnEventListRestricted)
    vTaskPriorityDisinheritAfterTimeout      0x08006a19   Thumb Code   152  tasks.o(i.vTaskPriorityDisinheritAfterTimeout)
    vTaskStartScheduler                      0x08006ab9   Thumb Code   118  tasks.o(i.vTaskStartScheduler)
    vTaskSuspendAll                          0x08006b41   Thumb Code    10  tasks.o(i.vTaskSuspendAll)
    vTaskSwitchContext                       0x08006b51   Thumb Code    82  tasks.o(i.vTaskSwitchContext)
    xPortStartScheduler                      0x08006bad   Thumb Code   222  port.o(i.xPortStartScheduler)
    xQueueCreateCountingSemaphore            0x08006ca1   Thumb Code    58  queue.o(i.xQueueCreateCountingSemaphore)
    xQueueCreateCountingSemaphoreStatic      0x08006cdb   Thumb Code    64  queue.o(i.xQueueCreateCountingSemaphoreStatic)
    xQueueGenericCreate                      0x08006d1b   Thumb Code    66  queue.o(i.xQueueGenericCreate)
    xQueueGenericCreateStatic                0x08006d5d   Thumb Code   102  queue.o(i.xQueueGenericCreateStatic)
    xQueueGenericReset                       0x08006dc5   Thumb Code   132  queue.o(i.xQueueGenericReset)
    xQueueGenericSend                        0x08006e4d   Thumb Code   346  queue.o(i.xQueueGenericSend)
    xQueueGenericSendFromISR                 0x08006fad   Thumb Code   190  queue.o(i.xQueueGenericSendFromISR)
    xQueueReceive                            0x0800706d   Thumb Code   308  queue.o(i.xQueueReceive)
    xQueueSemaphoreTake                      0x080071a5   Thumb Code   372  queue.o(i.xQueueSemaphoreTake)
    xTaskCheckForTimeOut                     0x0800731d   Thumb Code   112  tasks.o(i.xTaskCheckForTimeOut)
    xTaskCreate                              0x08007391   Thumb Code    90  tasks.o(i.xTaskCreate)
    xTaskCreateStatic                        0x080073eb   Thumb Code    86  tasks.o(i.xTaskCreateStatic)
    xTaskGetSchedulerState                   0x08007441   Thumb Code    22  tasks.o(i.xTaskGetSchedulerState)
    xTaskGetTickCount                        0x0800745d   Thumb Code     6  tasks.o(i.xTaskGetTickCount)
    xTaskIncrementTick                       0x08007469   Thumb Code   194  tasks.o(i.xTaskIncrementTick)
    xTaskPriorityDisinherit                  0x08007535   Thumb Code   144  tasks.o(i.xTaskPriorityDisinherit)
    xTaskPriorityInherit                     0x080075cd   Thumb Code   130  tasks.o(i.xTaskPriorityInherit)
    xTaskRemoveFromEventList                 0x08007659   Thumb Code   108  tasks.o(i.xTaskRemoveFromEventList)
    xTaskResumeAll                           0x080076cd   Thumb Code   182  tasks.o(i.xTaskResumeAll)
    xTimerCreateTimerTask                    0x08007791   Thumb Code    78  timers.o(i.xTimerCreateTimerTask)
    xTimerGenericCommand                     0x080077f1   Thumb Code    92  timers.o(i.xTimerGenericCommand)
    __aeabi_dneg                             0x08007851   Thumb Code     0  basic.o(x$fpl$basic)
    _dneg                                    0x08007851   Thumb Code     6  basic.o(x$fpl$basic)
    __aeabi_fneg                             0x08007857   Thumb Code     0  basic.o(x$fpl$basic)
    _fneg                                    0x08007857   Thumb Code     6  basic.o(x$fpl$basic)
    _dabs                                    0x0800785d   Thumb Code     6  basic.o(x$fpl$basic)
    _fabs                                    0x08007863   Thumb Code     6  basic.o(x$fpl$basic)
    __aeabi_d2f                              0x08007869   Thumb Code     0  d2f.o(x$fpl$d2f)
    _d2f                                     0x08007869   Thumb Code    98  d2f.o(x$fpl$d2f)
    __aeabi_dadd                             0x080078cd   Thumb Code     0  daddsub_clz.o(x$fpl$dadd)
    _dadd                                    0x080078cd   Thumb Code   332  daddsub_clz.o(x$fpl$dadd)
    __fpl_dcheck_NaN1                        0x08007a1d   Thumb Code    10  dcheck1.o(x$fpl$dcheck1)
    __fpl_dcmp_Inf                           0x08007a2d   Thumb Code    24  dcmpi.o(x$fpl$dcmpinf)
    __aeabi_ddiv                             0x08007a45   Thumb Code     0  ddiv.o(x$fpl$ddiv)
    _ddiv                                    0x08007a45   Thumb Code   552  ddiv.o(x$fpl$ddiv)
    __aeabi_cdcmpeq                          0x08007cf5   Thumb Code     0  deqf.o(x$fpl$deqf)
    _dcmpeq                                  0x08007cf5   Thumb Code   120  deqf.o(x$fpl$deqf)
    __aeabi_d2iz                             0x08007d6d   Thumb Code     0  dfix.o(x$fpl$dfix)
    _dfix                                    0x08007d6d   Thumb Code    94  dfix.o(x$fpl$dfix)
    __aeabi_d2uiz                            0x08007dcd   Thumb Code     0  dfixu.o(x$fpl$dfixu)
    _dfixu                                   0x08007dcd   Thumb Code    90  dfixu.o(x$fpl$dfixu)
    __aeabi_i2d                              0x08007e27   Thumb Code     0  dflt_clz.o(x$fpl$dflt)
    _dflt                                    0x08007e27   Thumb Code    46  dflt_clz.o(x$fpl$dflt)
    __aeabi_cdcmple                          0x08007e55   Thumb Code     0  dleqf.o(x$fpl$dleqf)
    _dcmple                                  0x08007e55   Thumb Code   120  dleqf.o(x$fpl$dleqf)
    __fpl_dcmple_InfNaN                      0x08007eb7   Thumb Code     0  dleqf.o(x$fpl$dleqf)
    __aeabi_dmul                             0x08007ecd   Thumb Code     0  dmul.o(x$fpl$dmul)
    _dmul                                    0x08007ecd   Thumb Code   332  dmul.o(x$fpl$dmul)
    __fpl_dnaninf                            0x08008021   Thumb Code   156  dnaninf.o(x$fpl$dnaninf)
    __fpl_dretinf                            0x080080bd   Thumb Code    12  dretinf.o(x$fpl$dretinf)
    __aeabi_cdrcmple                         0x080080c9   Thumb Code     0  drleqf.o(x$fpl$drleqf)
    _drcmple                                 0x080080c9   Thumb Code   108  drleqf.o(x$fpl$drleqf)
    __aeabi_drsub                            0x08008135   Thumb Code     0  daddsub_clz.o(x$fpl$drsb)
    _drsb                                    0x08008135   Thumb Code    22  daddsub_clz.o(x$fpl$drsb)
    _dsqrt                                   0x0800814d   Thumb Code   404  dsqrt_umaal.o(x$fpl$dsqrt)
    __aeabi_dsub                             0x080082e5   Thumb Code     0  daddsub_clz.o(x$fpl$dsub)
    _dsub                                    0x080082e5   Thumb Code   464  daddsub_clz.o(x$fpl$dsub)
    __aeabi_f2d                              0x080084b9   Thumb Code     0  f2d.o(x$fpl$f2d)
    _f2d                                     0x080084b9   Thumb Code    86  f2d.o(x$fpl$f2d)
    __fpl_fnaninf                            0x0800850f   Thumb Code   140  fnaninf.o(x$fpl$fnaninf)
    _fp_init                                 0x0800859b   Thumb Code    10  fpinit.o(x$fpl$fpinit)
    __fplib_config_fpu_vfp                   0x080085a3   Thumb Code     0  fpinit.o(x$fpl$fpinit)
    __fplib_config_pureend_doubles           0x080085a3   Thumb Code     0  fpinit.o(x$fpl$fpinit)
    __fpl_fretinf                            0x080085a5   Thumb Code    10  fretinf.o(x$fpl$fretinf)
    __fpl_return_NaN                         0x080085af   Thumb Code   100  retnan.o(x$fpl$retnan)
    __ARM_scalbn                             0x08008613   Thumb Code    92  scalbn.o(x$fpl$scalbn)
    __fpl_cmpreturn                          0x0800866f   Thumb Code    48  trapv.o(x$fpl$trapveneer)
    __I$use$fp                               0x0800869e   Number         0  usenofp.o(x$fpl$usenofp)
    AHBPrescTable                            0x08008750   Data          16  system_stm32f4xx.o(.constdata)
    APBPrescTable                            0x08008760   Data           8  system_stm32f4xx.o(.constdata)
    __mathlib_zero                           0x08008888   Data           8  qnan.o(.constdata)
    Region$$Table$$Base                      0x080088d8   Number         0  anon$$obj.o(Region$$Table)
    Region$$Table$$Limit                     0x080088f8   Number         0  anon$$obj.o(Region$$Table)
    Serial_Queue                             0x20000000   Data           4  freertos.o(.data)
    JointDrive_Queue                         0x20000004   Data           4  freertos.o(.data)
    Coordinate_Queue                         0x20000008   Data           4  freertos.o(.data)
    PressureSensor_Queue                     0x2000000c   Data           4  freertos.o(.data)
    RangingSensor_Queue                      0x20000010   Data           4  freertos.o(.data)
    defaultTaskHandle                        0x20000014   Data           4  freertos.o(.data)
    JointTaskHandle                          0x20000018   Data           4  freertos.o(.data)
    RangingTaskHandle                        0x2000001c   Data           4  freertos.o(.data)
    SerialTaskHandle                         0x20000020   Data           4  freertos.o(.data)
    WeighingTaskHandle                       0x20000024   Data           4  freertos.o(.data)
    AppTaskHandle                            0x20000028   Data           4  freertos.o(.data)
    SYNC_SignalHandle                        0x2000002c   Data           4  freertos.o(.data)
    CameraOpen_SigalHandle                   0x20000030   Data           4  freertos.o(.data)
    uwTickFreq                               0x20000034   Data           1  stm32f4xx_hal.o(.data)
    uwTickPrio                               0x20000038   Data           4  stm32f4xx_hal.o(.data)
    uwTick                                   0x2000003c   Data           4  stm32f4xx_hal.o(.data)
    SystemCoreClock                          0x20000040   Data           4  system_stm32f4xx.o(.data)
    pxCurrentTCB                             0x20000044   Data           4  tasks.o(.data)
    Switch                                   0x200001a2   Data           4  mechanism.o(.data)
    Joint                                    0x200001a6   Data          12  mechanism.o(.data)
    pUltraSonic                              0x200001b4   Data           4  taskexecute.o(.data)
    pWeightSensor                            0x200001b8   Data           4  taskexecute.o(.data)
    WaitTime                                 0x200001bc   Data           2  application.o(.data)
    Locker_x                                 0x200001be   Data           2  application.o(.data)
    Locker_y                                 0x200001c0   Data           2  application.o(.data)
    Locker_z                                 0x200001c2   Data           2  application.o(.data)
    Goods_x                                  0x200001c4   Data           2  application.o(.data)
    Goods_y                                  0x200001c6   Data           2  application.o(.data)
    Goods_z                                  0x200001c8   Data           2  application.o(.data)
    WheelPos                                 0x200001cc   Data           4  application.o(.data)
    ZaxisPosToGoods                          0x200001d0   Data           4  application.o(.data)
    ZaxisPosToLocker                         0x200001d4   Data           4  application.o(.data)
    RaxisPos                                 0x200001d8   Data           4  application.o(.data)
    ThetaPos                                 0x200001dc   Data           4  application.o(.data)
    CoordinateArray                          0x200001e0   Data           6  application.o(.data)
    htim2                                    0x200006b0   Data         180  tim.o(.bss)
    htim3                                    0x20000764   Data         180  tim.o(.bss)
    htim4                                    0x20000818   Data         180  tim.o(.bss)
    htim6                                    0x200008cc   Data         180  tim.o(.bss)
    htim8                                    0x20000980   Data         180  tim.o(.bss)
    htim12                                   0x20000a34   Data         180  tim.o(.bss)
    huart1                                   0x20000ae8   Data         116  usart.o(.bss)
    hdma_usart1_rx                           0x20000b5c   Data          96  usart.o(.bss)
    hdma_usart1_tx                           0x20000bbc   Data          96  usart.o(.bss)
    htim1                                    0x20000c1c   Data         180  stm32f4xx_hal_timebase_tim.o(.bss)
    xQueueRegistry                           0x20000cd0   Data          64  queue.o(.bss)
    __libspace_start                         0x20004d1c   Data          96  libspace.o(.bss)
    __temporary_stack_top$libspace           0x20004d7c   Data           0  libspace.o(.bss)



==============================================================================

Memory Map of the image

  Image Entry point : 0x08000189

  Load Region LR_IROM1 (Base: 0x08000000, Size: 0x00008ae0, Max: 0x00080000, ABSOLUTE, COMPRESSED[0x00008954])

    Execution Region ER_IROM1 (Exec base: 0x08000000, Load base: 0x08000000, Size: 0x000088f8, Max: 0x00080000, ABSOLUTE)

    Exec Addr    Load Addr    Size         Type   Attr      Idx    E Section Name        Object

    0x08000000   0x08000000   0x00000188   Data   RO            3    RESET               startup_stm32f407xx.o
    0x08000188   0x08000188   0x00000008   Code   RO         5382  * !!!main             c_w.l(__main.o)
    0x08000190   0x08000190   0x00000034   Code   RO         5867    !!!scatter          c_w.l(__scatter.o)
    0x080001c4   0x080001c4   0x0000005a   Code   RO         5865    !!dczerorl2         c_w.l(__dczerorl2.o)
    0x0800021e   0x0800021e   0x00000002   PAD
    0x08000220   0x08000220   0x0000001c   Code   RO         5869    !!handler_zi        c_w.l(__scatter_zi.o)
    0x0800023c   0x0800023c   0x00000002   Code   RO         5725    .ARM.Collect$$libinit$$00000000  c_w.l(libinit.o)
    0x0800023e   0x0800023e   0x00000004   Code   RO         5743    .ARM.Collect$$libinit$$00000001  c_w.l(libinit2.o)
    0x08000242   0x08000242   0x00000000   Code   RO         5746    .ARM.Collect$$libinit$$00000004  c_w.l(libinit2.o)
    0x08000242   0x08000242   0x00000000   Code   RO         5749    .ARM.Collect$$libinit$$0000000A  c_w.l(libinit2.o)
    0x08000242   0x08000242   0x00000000   Code   RO         5751    .ARM.Collect$$libinit$$0000000C  c_w.l(libinit2.o)
    0x08000242   0x08000242   0x00000000   Code   RO         5753    .ARM.Collect$$libinit$$0000000E  c_w.l(libinit2.o)
    0x08000242   0x08000242   0x00000000   Code   RO         5756    .ARM.Collect$$libinit$$00000011  c_w.l(libinit2.o)
    0x08000242   0x08000242   0x00000000   Code   RO         5758    .ARM.Collect$$libinit$$00000013  c_w.l(libinit2.o)
    0x08000242   0x08000242   0x00000000   Code   RO         5760    .ARM.Collect$$libinit$$00000015  c_w.l(libinit2.o)
    0x08000242   0x08000242   0x00000000   Code   RO         5762    .ARM.Collect$$libinit$$00000017  c_w.l(libinit2.o)
    0x08000242   0x08000242   0x00000000   Code   RO         5764    .ARM.Collect$$libinit$$00000019  c_w.l(libinit2.o)
    0x08000242   0x08000242   0x00000000   Code   RO         5766    .ARM.Collect$$libinit$$0000001B  c_w.l(libinit2.o)
    0x08000242   0x08000242   0x00000000   Code   RO         5768    .ARM.Collect$$libinit$$0000001D  c_w.l(libinit2.o)
    0x08000242   0x08000242   0x00000000   Code   RO         5770    .ARM.Collect$$libinit$$0000001F  c_w.l(libinit2.o)
    0x08000242   0x08000242   0x00000000   Code   RO         5772    .ARM.Collect$$libinit$$00000021  c_w.l(libinit2.o)
    0x08000242   0x08000242   0x00000000   Code   RO         5774    .ARM.Collect$$libinit$$00000023  c_w.l(libinit2.o)
    0x08000242   0x08000242   0x00000000   Code   RO         5776    .ARM.Collect$$libinit$$00000025  c_w.l(libinit2.o)
    0x08000242   0x08000242   0x00000000   Code   RO         5780    .ARM.Collect$$libinit$$0000002C  c_w.l(libinit2.o)
    0x08000242   0x08000242   0x00000000   Code   RO         5782    .ARM.Collect$$libinit$$0000002E  c_w.l(libinit2.o)
    0x08000242   0x08000242   0x00000000   Code   RO         5784    .ARM.Collect$$libinit$$00000030  c_w.l(libinit2.o)
    0x08000242   0x08000242   0x00000000   Code   RO         5786    .ARM.Collect$$libinit$$00000032  c_w.l(libinit2.o)
    0x08000242   0x08000242   0x00000002   Code   RO         5787    .ARM.Collect$$libinit$$00000033  c_w.l(libinit2.o)
    0x08000244   0x08000244   0x00000002   Code   RO         5820    .ARM.Collect$$libshutdown$$00000000  c_w.l(libshutdown.o)
    0x08000246   0x08000246   0x00000000   Code   RO         5846    .ARM.Collect$$libshutdown$$00000002  c_w.l(libshutdown2.o)
    0x08000246   0x08000246   0x00000000   Code   RO         5848    .ARM.Collect$$libshutdown$$00000004  c_w.l(libshutdown2.o)
    0x08000246   0x08000246   0x00000000   Code   RO         5850    .ARM.Collect$$libshutdown$$00000006  c_w.l(libshutdown2.o)
    0x08000246   0x08000246   0x00000000   Code   RO         5853    .ARM.Collect$$libshutdown$$00000009  c_w.l(libshutdown2.o)
    0x08000246   0x08000246   0x00000000   Code   RO         5856    .ARM.Collect$$libshutdown$$0000000C  c_w.l(libshutdown2.o)
    0x08000246   0x08000246   0x00000000   Code   RO         5858    .ARM.Collect$$libshutdown$$0000000E  c_w.l(libshutdown2.o)
    0x08000246   0x08000246   0x00000000   Code   RO         5861    .ARM.Collect$$libshutdown$$00000011  c_w.l(libshutdown2.o)
    0x08000246   0x08000246   0x00000002   Code   RO         5862    .ARM.Collect$$libshutdown$$00000012  c_w.l(libshutdown2.o)
    0x08000248   0x08000248   0x00000000   Code   RO         5464    .ARM.Collect$$rtentry$$00000000  c_w.l(__rtentry.o)
    0x08000248   0x08000248   0x00000000   Code   RO         5629    .ARM.Collect$$rtentry$$00000002  c_w.l(__rtentry2.o)
    0x08000248   0x08000248   0x00000006   Code   RO         5641    .ARM.Collect$$rtentry$$00000004  c_w.l(__rtentry4.o)
    0x0800024e   0x0800024e   0x00000000   Code   RO         5631    .ARM.Collect$$rtentry$$00000009  c_w.l(__rtentry2.o)
    0x0800024e   0x0800024e   0x00000004   Code   RO         5632    .ARM.Collect$$rtentry$$0000000A  c_w.l(__rtentry2.o)
    0x08000252   0x08000252   0x00000000   Code   RO         5634    .ARM.Collect$$rtentry$$0000000C  c_w.l(__rtentry2.o)
    0x08000252   0x08000252   0x00000008   Code   RO         5635    .ARM.Collect$$rtentry$$0000000D  c_w.l(__rtentry2.o)
    0x0800025a   0x0800025a   0x00000002   Code   RO         5730    .ARM.Collect$$rtexit$$00000000  c_w.l(rtexit.o)
    0x0800025c   0x0800025c   0x00000000   Code   RO         5793    .ARM.Collect$$rtexit$$00000002  c_w.l(rtexit2.o)
    0x0800025c   0x0800025c   0x00000004   Code   RO         5794    .ARM.Collect$$rtexit$$00000003  c_w.l(rtexit2.o)
    0x08000260   0x08000260   0x00000006   Code   RO         5795    .ARM.Collect$$rtexit$$00000004  c_w.l(rtexit2.o)
    0x08000266   0x08000266   0x00000002   PAD
    0x08000268   0x08000268   0x000000be   Code   RO         4571    .emb_text           port.o
    0x08000326   0x08000326   0x00000002   PAD
    0x08000328   0x08000328   0x00000040   Code   RO            4    .text               startup_stm32f407xx.o
    0x08000368   0x08000368   0x000000ee   Code   RO         5368    .text               c_w.l(lludivv7m.o)
    0x08000456   0x08000456   0x0000008a   Code   RO         5372    .text               c_w.l(rt_memcpy_v6.o)
    0x080004e0   0x080004e0   0x00000064   Code   RO         5374    .text               c_w.l(rt_memcpy_w.o)
    0x08000544   0x08000544   0x0000004e   Code   RO         5378    .text               c_w.l(rt_memclr_w.o)
    0x08000592   0x08000592   0x00000006   Code   RO         5380    .text               c_w.l(heapauxi.o)
    0x08000598   0x08000598   0x00000016   Code   RO         5469    .text               c_w.l(_rserrno.o)
    0x080005ae   0x080005ae   0x00000002   PAD
    0x080005b0   0x080005b0   0x00000008   Code   RO         5648    .text               c_w.l(rt_errno_addr_intlibspace.o)
    0x080005b8   0x080005b8   0x00000008   Code   RO         5672    .text               c_w.l(libspace.o)
    0x080005c0   0x080005c0   0x0000004a   Code   RO         5675    .text               c_w.l(sys_stackheap_outer.o)
    0x0800060a   0x0800060a   0x00000012   Code   RO         5714    .text               c_w.l(exit.o)
    0x0800061c   0x0800061c   0x0000000c   Code   RO         5790    .text               c_w.l(sys_exit.o)
    0x08000628   0x08000628   0x00000002   Code   RO         5809    .text               c_w.l(use_no_semi.o)
    0x0800062a   0x0800062a   0x00000000   Code   RO         5811    .text               c_w.l(indicate_semi.o)
    0x0800062a   0x0800062a   0x00000008   Code   RO         4701    i.AlarmLED          ledmodule.o
    0x08000632   0x08000632   0x00000002   PAD
    0x08000634   0x08000634   0x0000002c   Code   RO         4977    i.Allocate_UltraSonic  ultrasonic.o
    0x08000660   0x08000660   0x00000298   Code   RO         5271    i.AppTaskFunc       application.o
    0x080008f8   0x080008f8   0x00000002   Code   RO          483    i.BusFault_Handler  stm32f4xx_it.o
    0x080008fa   0x080008fa   0x00000002   PAD
    0x080008fc   0x080008fc   0x0000000c   Code   RO          484    i.DMA2_Stream2_IRQHandler  stm32f4xx_it.o
    0x08000908   0x08000908   0x0000000c   Code   RO          485    i.DMA2_Stream7_IRQHandler  stm32f4xx_it.o
    0x08000914   0x08000914   0x00000028   Code   RO         1117    i.DMA_CalcBaseAndBitshift  stm32f4xx_hal_dma.o
    0x0800093c   0x0800093c   0x00000054   Code   RO         1118    i.DMA_CheckFifoParam  stm32f4xx_hal_dma.o
    0x08000990   0x08000990   0x00000028   Code   RO         1119    i.DMA_SetConfig     stm32f4xx_hal_dma.o
    0x080009b8   0x080009b8   0x00000002   Code   RO          486    i.DebugMon_Handler  stm32f4xx_it.o
    0x080009ba   0x080009ba   0x00000002   PAD
    0x080009bc   0x080009bc   0x00000074   Code   RO         5055    i.DriveJointMove    mechanism.o
    0x08000a30   0x08000a30   0x00000044   Code   RO         4912    i.EXTI15_10_IRQHandler  switch.o
    0x08000a74   0x08000a74   0x0000003c   Code   RO         4913    i.EXTI1_IRQHandler  switch.o
    0x08000ab0   0x08000ab0   0x0000003c   Code   RO         4914    i.EXTI2_IRQHandler  switch.o
    0x08000aec   0x08000aec   0x0000003c   Code   RO         4915    i.EXTI3_IRQHandler  switch.o
    0x08000b28   0x08000b28   0x0000003c   Code   RO         4916    i.EXTI4_IRQHandler  switch.o
    0x08000b64   0x08000b64   0x0000003c   Code   RO         4917    i.EXTI9_5_IRQHandler  switch.o
    0x08000ba0   0x08000ba0   0x00000004   Code   RO           13    i.Error_Handler     main.o
    0x08000ba4   0x08000ba4   0x00000018   Code   RO         5272    i.GetCoordinateMessage  application.o
    0x08000bbc   0x08000bbc   0x00000018   Code   RO         4827    i.GetStepperDir     stepper.o
    0x08000bd4   0x08000bd4   0x00000092   Code   RO         1120    i.HAL_DMA_Abort     stm32f4xx_hal_dma.o
    0x08000c66   0x08000c66   0x00000024   Code   RO         1121    i.HAL_DMA_Abort_IT  stm32f4xx_hal_dma.o
    0x08000c8a   0x08000c8a   0x00000002   PAD
    0x08000c8c   0x08000c8c   0x000001a0   Code   RO         1125    i.HAL_DMA_IRQHandler  stm32f4xx_hal_dma.o
    0x08000e2c   0x08000e2c   0x000000d4   Code   RO         1126    i.HAL_DMA_Init      stm32f4xx_hal_dma.o
    0x08000f00   0x08000f00   0x0000006e   Code   RO         1130    i.HAL_DMA_Start_IT  stm32f4xx_hal_dma.o
    0x08000f6e   0x08000f6e   0x00000002   PAD
    0x08000f70   0x08000f70   0x00000024   Code   RO         1539    i.HAL_Delay         stm32f4xx_hal.o
    0x08000f94   0x08000f94   0x000001f0   Code   RO         1013    i.HAL_GPIO_Init     stm32f4xx_hal_gpio.o
    0x08001184   0x08001184   0x0000000a   Code   RO         1015    i.HAL_GPIO_ReadPin  stm32f4xx_hal_gpio.o
    0x0800118e   0x0800118e   0x0000000a   Code   RO         1017    i.HAL_GPIO_WritePin  stm32f4xx_hal_gpio.o
    0x08001198   0x08001198   0x0000000c   Code   RO         1545    i.HAL_GetTick       stm32f4xx_hal.o
    0x080011a4   0x080011a4   0x00000010   Code   RO         1551    i.HAL_IncTick       stm32f4xx_hal.o
    0x080011b4   0x080011b4   0x00000034   Code   RO         1552    i.HAL_Init          stm32f4xx_hal.o
    0x080011e8   0x080011e8   0x00000074   Code   RO          619    i.HAL_InitTick      stm32f4xx_hal_timebase_tim.o
    0x0800125c   0x0800125c   0x00000038   Code   RO          595    i.HAL_MspInit       stm32f4xx_hal_msp.o
    0x08001294   0x08001294   0x0000001a   Code   RO         1402    i.HAL_NVIC_EnableIRQ  stm32f4xx_hal_cortex.o
    0x080012ae   0x080012ae   0x00000002   PAD
    0x080012b0   0x080012b0   0x00000040   Code   RO         1408    i.HAL_NVIC_SetPriority  stm32f4xx_hal_cortex.o
    0x080012f0   0x080012f0   0x00000024   Code   RO         1409    i.HAL_NVIC_SetPriorityGrouping  stm32f4xx_hal_cortex.o
    0x08001314   0x08001314   0x00000134   Code   RO          659    i.HAL_RCC_ClockConfig  stm32f4xx_hal_rcc.o
    0x08001448   0x08001448   0x00000040   Code   RO          663    i.HAL_RCC_GetClockConfig  stm32f4xx_hal_rcc.o
    0x08001488   0x08001488   0x00000020   Code   RO          666    i.HAL_RCC_GetPCLK1Freq  stm32f4xx_hal_rcc.o
    0x080014a8   0x080014a8   0x00000020   Code   RO          667    i.HAL_RCC_GetPCLK2Freq  stm32f4xx_hal_rcc.o
    0x080014c8   0x080014c8   0x00000060   Code   RO          668    i.HAL_RCC_GetSysClockFreq  stm32f4xx_hal_rcc.o
    0x08001528   0x08001528   0x0000036c   Code   RO          671    i.HAL_RCC_OscConfig  stm32f4xx_hal_rcc.o
    0x08001894   0x08001894   0x00000002   Code   RO         2514    i.HAL_TIMEx_BreakCallback  stm32f4xx_hal_tim_ex.o
    0x08001896   0x08001896   0x00000002   Code   RO         2515    i.HAL_TIMEx_CommutCallback  stm32f4xx_hal_tim_ex.o
    0x08001898   0x08001898   0x00000002   Code   RO         2516    i.HAL_TIMEx_CommutHalfCpltCallback  stm32f4xx_hal_tim_ex.o
    0x0800189a   0x0800189a   0x00000054   Code   RO         2517    i.HAL_TIMEx_ConfigBreakDeadTime  stm32f4xx_hal_tim_ex.o
    0x080018ee   0x080018ee   0x00000002   PAD
    0x080018f0   0x080018f0   0x00000090   Code   RO         2533    i.HAL_TIMEx_MasterConfigSynchronization  stm32f4xx_hal_tim_ex.o
    0x08001980   0x08001980   0x0000006c   Code   RO         1792    i.HAL_TIM_Base_Init  stm32f4xx_hal_tim.o
    0x080019ec   0x080019ec   0x000000bc   Code   RO          346    i.HAL_TIM_Base_MspInit  tim.o
    0x08001aa8   0x08001aa8   0x00000080   Code   RO         1797    i.HAL_TIM_Base_Start_IT  stm32f4xx_hal_tim.o
    0x08001b28   0x08001b28   0x00000030   Code   RO         1800    i.HAL_TIM_Base_Stop_IT  stm32f4xx_hal_tim.o
    0x08001b58   0x08001b58   0x000000dc   Code   RO         1801    i.HAL_TIM_ConfigClockSource  stm32f4xx_hal_tim.o
    0x08001c34   0x08001c34   0x00000002   Code   RO         1822    i.HAL_TIM_ErrorCallback  stm32f4xx_hal_tim.o
    0x08001c36   0x08001c36   0x00000002   PAD
    0x08001c38   0x08001c38   0x000000c0   Code   RO         4978    i.HAL_TIM_IC_CaptureCallback  ultrasonic.o
    0x08001cf8   0x08001cf8   0x00000002   Code   RO         1827    i.HAL_TIM_IC_CaptureHalfCpltCallback  stm32f4xx_hal_tim.o
    0x08001cfa   0x08001cfa   0x0000011e   Code   RO         1828    i.HAL_TIM_IC_ConfigChannel  stm32f4xx_hal_tim.o
    0x08001e18   0x08001e18   0x0000006c   Code   RO         1831    i.HAL_TIM_IC_Init   stm32f4xx_hal_tim.o
    0x08001e84   0x08001e84   0x00000002   Code   RO         1833    i.HAL_TIM_IC_MspInit  stm32f4xx_hal_tim.o
    0x08001e86   0x08001e86   0x00000002   PAD
    0x08001e88   0x08001e88   0x0000010c   Code   RO         1836    i.HAL_TIM_IC_Start_IT  stm32f4xx_hal_tim.o
    0x08001f94   0x08001f94   0x00000092   Code   RO         1839    i.HAL_TIM_IC_Stop_IT  stm32f4xx_hal_tim.o
    0x08002026   0x08002026   0x0000017e   Code   RO         1840    i.HAL_TIM_IRQHandler  stm32f4xx_hal_tim.o
    0x080021a4   0x080021a4   0x000000d8   Code   RO          347    i.HAL_TIM_MspPostInit  tim.o
    0x0800227c   0x0800227c   0x00000002   Code   RO         1843    i.HAL_TIM_OC_DelayElapsedCallback  stm32f4xx_hal_tim.o
    0x0800227e   0x0800227e   0x000000cc   Code   RO         1864    i.HAL_TIM_PWM_ConfigChannel  stm32f4xx_hal_tim.o
    0x0800234a   0x0800234a   0x00000002   PAD
    0x0800234c   0x0800234c   0x0000006c   Code   RO         1867    i.HAL_TIM_PWM_Init  stm32f4xx_hal_tim.o
    0x080023b8   0x080023b8   0x0000009c   Code   RO          349    i.HAL_TIM_PWM_MspInit  tim.o
    0x08002454   0x08002454   0x00000002   Code   RO         1870    i.HAL_TIM_PWM_PulseFinishedCallback  stm32f4xx_hal_tim.o
    0x08002456   0x08002456   0x00000002   Code   RO         1871    i.HAL_TIM_PWM_PulseFinishedHalfCpltCallback  stm32f4xx_hal_tim.o
    0x08002458   0x08002458   0x000000c8   Code   RO         1872    i.HAL_TIM_PWM_Start  stm32f4xx_hal_tim.o
    0x08002520   0x08002520   0x0000007c   Code   RO         1875    i.HAL_TIM_PWM_Stop  stm32f4xx_hal_tim.o
    0x0800259c   0x0800259c   0x00000014   Code   RO           14    i.HAL_TIM_PeriodElapsedCallback  main.o
    0x080025b0   0x080025b0   0x00000002   Code   RO         1879    i.HAL_TIM_PeriodElapsedHalfCpltCallback  stm32f4xx_hal_tim.o
    0x080025b2   0x080025b2   0x000000fa   Code   RO         1881    i.HAL_TIM_RegisterCallback  stm32f4xx_hal_tim.o
    0x080026ac   0x080026ac   0x00000002   Code   RO         1884    i.HAL_TIM_TriggerCallback  stm32f4xx_hal_tim.o
    0x080026ae   0x080026ae   0x00000002   Code   RO         1885    i.HAL_TIM_TriggerHalfCpltCallback  stm32f4xx_hal_tim.o
    0x080026b0   0x080026b0   0x00000056   Code   RO         2790    i.HAL_UARTEx_ReceiveToIdle_DMA  stm32f4xx_hal_uart.o
    0x08002706   0x08002706   0x00000002   Code   RO         2792    i.HAL_UARTEx_RxEventCallback  stm32f4xx_hal_uart.o
    0x08002708   0x08002708   0x00000002   Code   RO         2794    i.HAL_UART_AbortCpltCallback  stm32f4xx_hal_uart.o
    0x0800270a   0x0800270a   0x00000002   Code   RO         2796    i.HAL_UART_AbortReceiveCpltCallback  stm32f4xx_hal_uart.o
    0x0800270c   0x0800270c   0x00000002   Code   RO         2799    i.HAL_UART_AbortTransmitCpltCallback  stm32f4xx_hal_uart.o
    0x0800270e   0x0800270e   0x00000002   Code   RO         2806    i.HAL_UART_ErrorCallback  stm32f4xx_hal_uart.o
    0x08002710   0x08002710   0x00000268   Code   RO         2809    i.HAL_UART_IRQHandler  stm32f4xx_hal_uart.o
    0x08002978   0x08002978   0x00000074   Code   RO         2810    i.HAL_UART_Init     stm32f4xx_hal_uart.o
    0x080029ec   0x080029ec   0x000000ec   Code   RO          442    i.HAL_UART_MspInit  usart.o
    0x08002ad8   0x08002ad8   0x00000042   Code   RO         2817    i.HAL_UART_RegisterRxEventCallback  stm32f4xx_hal_uart.o
    0x08002b1a   0x08002b1a   0x00000002   Code   RO         2818    i.HAL_UART_RxCpltCallback  stm32f4xx_hal_uart.o
    0x08002b1c   0x08002b1c   0x00000002   Code   RO         2819    i.HAL_UART_RxHalfCpltCallback  stm32f4xx_hal_uart.o
    0x08002b1e   0x08002b1e   0x00000002   PAD
    0x08002b20   0x08002b20   0x0000008c   Code   RO         2821    i.HAL_UART_Transmit_DMA  stm32f4xx_hal_uart.o
    0x08002bac   0x08002bac   0x00000002   Code   RO         2823    i.HAL_UART_TxCpltCallback  stm32f4xx_hal_uart.o
    0x08002bae   0x08002bae   0x00000002   Code   RO         2824    i.HAL_UART_TxHalfCpltCallback  stm32f4xx_hal_uart.o
    0x08002bb0   0x08002bb0   0x00000002   Code   RO          487    i.HardFault_Handler  stm32f4xx_it.o
    0x08002bb2   0x08002bb2   0x00000002   PAD
    0x08002bb4   0x08002bb4   0x00000018   Code   RO         5273    i.IfGoodsDrops      application.o
    0x08002bcc   0x08002bcc   0x0000002c   Code   RO         5274    i.IfLockerNotSame   application.o
    0x08002bf8   0x08002bf8   0x00000014   Code   RO         5193    i.JointAllResetToHead  taskexecute.o
    0x08002c0c   0x08002c0c   0x00000024   Code   RO         5056    i.JointResetToHead  mechanism.o
    0x08002c30   0x08002c30   0x000000a8   Code   RO         5194    i.JointTaskFunc     taskexecute.o
    0x08002cd8   0x08002cd8   0x0000003c   Code   RO          321    i.MX_DMA_Init       dma.o
    0x08002d14   0x08002d14   0x000000f0   Code   RO          234    i.MX_FREERTOS_Init  freertos.o
    0x08002e04   0x08002e04   0x0000022c   Code   RO          208    i.MX_GPIO_Init      gpio.o
    0x08003030   0x08003030   0x00000080   Code   RO          350    i.MX_TIM12_Init     tim.o
    0x080030b0   0x080030b0   0x00000074   Code   RO          351    i.MX_TIM2_Init      tim.o
    0x08003124   0x08003124   0x000000a0   Code   RO          352    i.MX_TIM3_Init      tim.o
    0x080031c4   0x080031c4   0x00000074   Code   RO          353    i.MX_TIM4_Init      tim.o
    0x08003238   0x08003238   0x00000044   Code   RO          354    i.MX_TIM6_Init      tim.o
    0x0800327c   0x0800327c   0x000000a4   Code   RO          355    i.MX_TIM8_Init      tim.o
    0x08003320   0x08003320   0x00000038   Code   RO          443    i.MX_USART1_UART_Init  usart.o
    0x08003358   0x08003358   0x00000002   Code   RO          488    i.MemManage_Handler  stm32f4xx_it.o
    0x0800335a   0x0800335a   0x00000002   Code   RO          489    i.NMI_Handler       stm32f4xx_it.o
    0x0800335c   0x0800335c   0x0000007c   Code   RO         5195    i.RangingTaskFunc   taskexecute.o
    0x080033d8   0x080033d8   0x0000013c   Code   RO         5275    i.RobotIkine        application.o
    0x08003514   0x08003514   0x00000008   Code   RO         5058    i.SW1Clicked        mechanism.o
    0x0800351c   0x0800351c   0x00000008   Code   RO         5059    i.SW1Released       mechanism.o
    0x08003524   0x08003524   0x00000008   Code   RO         5060    i.SW2Clicked        mechanism.o
    0x0800352c   0x0800352c   0x00000008   Code   RO         5061    i.SW2Released       mechanism.o
    0x08003534   0x08003534   0x00000008   Code   RO         5062    i.SW3Clicked        mechanism.o
    0x0800353c   0x0800353c   0x00000008   Code   RO         5063    i.SW3Released       mechanism.o
    0x08003544   0x08003544   0x00000008   Code   RO         5064    i.SW4Clicked        mechanism.o
    0x0800354c   0x0800354c   0x00000008   Code   RO         5065    i.SW4Released       mechanism.o
    0x08003554   0x08003554   0x00000008   Code   RO         5066    i.SW5Clicked        mechanism.o
    0x0800355c   0x0800355c   0x00000008   Code   RO         5067    i.SW5Released       mechanism.o
    0x08003564   0x08003564   0x00000008   Code   RO         5068    i.SW6Clicked        mechanism.o
    0x0800356c   0x0800356c   0x00000008   Code   RO         5069    i.SW6Released       mechanism.o
    0x08003574   0x08003574   0x00000054   Code   RO         5276    i.SendJointMoveOrder  application.o
    0x080035c8   0x080035c8   0x0000002c   Code   RO         4740    i.SerialInit        serial.o
    0x080035f4   0x080035f4   0x0000002c   Code   RO         4741    i.SerialPackExtract  serial.o
    0x08003620   0x08003620   0x0000003c   Code   RO         4742    i.SerialPackTransmit  serial.o
    0x0800365c   0x0800365c   0x0000000e   Code   RO         4744    i.SerialRequireFromUpper  serial.o
    0x0800366a   0x0800366a   0x00000002   PAD
    0x0800366c   0x0800366c   0x00000078   Code   RO         5196    i.SerialTaskFunc    taskexecute.o
    0x080036e4   0x080036e4   0x0000004c   Code   RO         4702    i.SetLEDOnorOff     ledmodule.o
    0x08003730   0x08003730   0x00000018   Code   RO         5277    i.SetPressureSensorWork  application.o
    0x08003748   0x08003748   0x0000001c   Code   RO         5278    i.SetRangingSensorWork  application.o
    0x08003764   0x08003764   0x00000030   Code   RO         4828    i.SetStepperEnabled  stepper.o
    0x08003794   0x08003794   0x00000104   Code   RO         4830    i.SetStepperTarPosWithVel  stepper.o
    0x08003898   0x08003898   0x000000f8   Code   RO         4831    i.SetStepperTarVel  stepper.o
    0x08003990   0x08003990   0x0000002c   Code   RO         4832    i.SetStepperZeroPos  stepper.o
    0x080039bc   0x080039bc   0x00000008   Code   RO          237    i.StartDefaultTask  freertos.o
    0x080039c4   0x080039c4   0x00000034   Code   RO         4833    i.StepperModuleInit  stepper.o
    0x080039f8   0x080039f8   0x00000050   Code   RO         5070    i.SwitchClickedProcess  mechanism.o
    0x08003a48   0x08003a48   0x00000024   Code   RO         4918    i.SwitchModuleInit  switch.o
    0x08003a6c   0x08003a6c   0x00000044   Code   RO         5071    i.SwitchReleasedProcess  mechanism.o
    0x08003ab0   0x08003ab0   0x0000002c   Code   RO         4572    i.SysTick_Handler   port.o
    0x08003adc   0x08003adc   0x00000094   Code   RO           15    i.SystemClock_Config  main.o
    0x08003b70   0x08003b70   0x00000010   Code   RO         3169    i.SystemInit        system_stm32f4xx.o
    0x08003b80   0x08003b80   0x0000000c   Code   RO          490    i.TIM1_UP_TIM10_IRQHandler  stm32f4xx_it.o
    0x08003b8c   0x08003b8c   0x0000000c   Code   RO          491    i.TIM2_IRQHandler   stm32f4xx_it.o
    0x08003b98   0x08003b98   0x0000000c   Code   RO          492    i.TIM3_IRQHandler   stm32f4xx_it.o
    0x08003ba4   0x08003ba4   0x0000000c   Code   RO          493    i.TIM4_IRQHandler   stm32f4xx_it.o
    0x08003bb0   0x08003bb0   0x0000001c   Code   RO          494    i.TIM8_BRK_TIM12_IRQHandler  stm32f4xx_it.o
    0x08003bcc   0x08003bcc   0x0000000c   Code   RO          495    i.TIM8_UP_TIM13_IRQHandler  stm32f4xx_it.o
    0x08003bd8   0x08003bd8   0x000000c8   Code   RO         1887    i.TIM_Base_SetConfig  stm32f4xx_hal_tim.o
    0x08003ca0   0x08003ca0   0x0000001a   Code   RO         1888    i.TIM_CCxChannelCmd  stm32f4xx_hal_tim.o
    0x08003cba   0x08003cba   0x00000014   Code   RO         1898    i.TIM_ETR_SetConfig  stm32f4xx_hal_tim.o
    0x08003cce   0x08003cce   0x00000010   Code   RO         1899    i.TIM_ITRx_SetConfig  stm32f4xx_hal_tim.o
    0x08003cde   0x08003cde   0x00000002   PAD
    0x08003ce0   0x08003ce0   0x00000060   Code   RO         1900    i.TIM_OC1_SetConfig  stm32f4xx_hal_tim.o
    0x08003d40   0x08003d40   0x0000006c   Code   RO         1901    i.TIM_OC2_SetConfig  stm32f4xx_hal_tim.o
    0x08003dac   0x08003dac   0x00000068   Code   RO         1902    i.TIM_OC3_SetConfig  stm32f4xx_hal_tim.o
    0x08003e14   0x08003e14   0x00000050   Code   RO         1903    i.TIM_OC4_SetConfig  stm32f4xx_hal_tim.o
    0x08003e64   0x08003e64   0x0000006c   Code   RO         1904    i.TIM_ResetCallback  stm32f4xx_hal_tim.o
    0x08003ed0   0x08003ed0   0x00000022   Code   RO         1906    i.TIM_TI1_ConfigInputStage  stm32f4xx_hal_tim.o
    0x08003ef2   0x08003ef2   0x00000002   PAD
    0x08003ef4   0x08003ef4   0x00000080   Code   RO         1907    i.TIM_TI1_SetConfig  stm32f4xx_hal_tim.o
    0x08003f74   0x08003f74   0x00000024   Code   RO         1908    i.TIM_TI2_ConfigInputStage  stm32f4xx_hal_tim.o
    0x08003f98   0x08003f98   0x00000036   Code   RO         1909    i.TIM_TI2_SetConfig  stm32f4xx_hal_tim.o
    0x08003fce   0x08003fce   0x00000002   PAD
    0x08003fd0   0x08003fd0   0x0000007c   Code   RO         5072    i.Target_MMtransform  mechanism.o
    0x0800404c   0x0800404c   0x0000000c   Code   RO         2827    i.UART_DMAAbortOnError  stm32f4xx_hal_uart.o
    0x08004058   0x08004058   0x0000004c   Code   RO         2828    i.UART_DMAError     stm32f4xx_hal_uart.o
    0x080040a4   0x080040a4   0x0000007c   Code   RO         2829    i.UART_DMAReceiveCplt  stm32f4xx_hal_uart.o
    0x08004120   0x08004120   0x00000014   Code   RO         2831    i.UART_DMARxHalfCplt  stm32f4xx_hal_uart.o
    0x08004134   0x08004134   0x0000003e   Code   RO         2833    i.UART_DMATransmitCplt  stm32f4xx_hal_uart.o
    0x08004172   0x08004172   0x00000006   Code   RO         2835    i.UART_DMATxHalfCplt  stm32f4xx_hal_uart.o
    0x08004178   0x08004178   0x0000004e   Code   RO         2837    i.UART_EndRxTransfer  stm32f4xx_hal_uart.o
    0x080041c6   0x080041c6   0x0000001c   Code   RO         2838    i.UART_EndTxTransfer  stm32f4xx_hal_uart.o
    0x080041e2   0x080041e2   0x00000002   PAD
    0x080041e4   0x080041e4   0x0000004c   Code   RO         2839    i.UART_InitCallbacksToDefault  stm32f4xx_hal_uart.o
    0x08004230   0x08004230   0x000000c0   Code   RO         2840    i.UART_Receive_IT   stm32f4xx_hal_uart.o
    0x080042f0   0x080042f0   0x0000010c   Code   RO         2841    i.UART_SetConfig    stm32f4xx_hal_uart.o
    0x080043fc   0x080043fc   0x00000094   Code   RO         2842    i.UART_Start_Receive_DMA  stm32f4xx_hal_uart.o
    0x08004490   0x08004490   0x0000000c   Code   RO          496    i.USART1_IRQHandler  stm32f4xx_it.o
    0x0800449c   0x0800449c   0x000000a8   Code   RO         4979    i.UltraSonic_Actuation  ultrasonic.o
    0x08004544   0x08004544   0x00000002   Code   RO          497    i.UsageFault_Handler  stm32f4xx_it.o
    0x08004546   0x08004546   0x00000002   PAD
    0x08004548   0x08004548   0x00000010   Code   RO         5279    i.WaitCameraOPEN    application.o
    0x08004558   0x08004558   0x00000018   Code   RO         5280    i.WaitPressureSensorWorkEnd  application.o
    0x08004570   0x08004570   0x00000018   Code   RO         5281    i.WaitRangingSensorWorkEnd  application.o
    0x08004588   0x08004588   0x00000010   Code   RO         5282    i.WaitSYNCfromUpper  application.o
    0x08004598   0x08004598   0x00000098   Code   RO         5019    i.WeighingSensor_Actuation  weighingsensor.o
    0x08004630   0x08004630   0x00000028   Code   RO         5020    i.WeighingSensor_Allocate  weighingsensor.o
    0x08004658   0x08004658   0x00000078   Code   RO         5197    i.WeighingTaskFunc  taskexecute.o
    0x080046d0   0x080046d0   0x00000030   Code   RO         5623    i.__ARM_fpclassify  m_wm.l(fpclassify.o)
    0x08004700   0x08004700   0x00000020   Code   RO         1415    i.__NVIC_SetPriority  stm32f4xx_hal_cortex.o
    0x08004720   0x08004720   0x000002d8   Code   RO         5595    i.__hardfp_atan     m_wm.l(atan.o)
    0x080049f8   0x080049f8   0x00000200   Code   RO         5414    i.__hardfp_atan2    m_wm.l(atan2.o)
    0x08004bf8   0x08004bf8   0x00000118   Code   RO         5426    i.__hardfp_ceil     m_wm.l(ceil.o)
    0x08004d10   0x08004d10   0x00000014   Code   RO         5432    i.__hardfp_fabs     m_wm.l(fabs.o)
    0x08004d24   0x08004d24   0x00000004   PAD
    0x08004d28   0x08004d28   0x00000c50   Code   RO         5438    i.__hardfp_pow      m_wm.l(pow.o)
    0x08005978   0x08005978   0x0000007a   Code   RO         5452    i.__hardfp_sqrt     m_wm.l(sqrt.o)
    0x080059f2   0x080059f2   0x000000f8   Code   RO         5625    i.__kernel_poly     m_wm.l(poly.o)
    0x08005aea   0x08005aea   0x00000006   PAD
    0x08005af0   0x08005af0   0x00000030   Code   RO         5609    i.__mathlib_dbl_divzero  m_wm.l(dunder.o)
    0x08005b20   0x08005b20   0x00000014   Code   RO         5610    i.__mathlib_dbl_infnan  m_wm.l(dunder.o)
    0x08005b34   0x08005b34   0x00000014   Code   RO         5611    i.__mathlib_dbl_infnan2  m_wm.l(dunder.o)
    0x08005b48   0x08005b48   0x00000020   Code   RO         5612    i.__mathlib_dbl_invalid  m_wm.l(dunder.o)
    0x08005b68   0x08005b68   0x00000020   Code   RO         5613    i.__mathlib_dbl_overflow  m_wm.l(dunder.o)
    0x08005b88   0x08005b88   0x00000020   Code   RO         5615    i.__mathlib_dbl_underflow  m_wm.l(dunder.o)
    0x08005ba8   0x08005ba8   0x00000010   Code   RO         5597    i.atan              m_wm.l(atan.o)
    0x08005bb8   0x08005bb8   0x0000003c   Code   RO          356    i.delay_us          tim.o
    0x08005bf4   0x08005bf4   0x00000018   Code   RO         5434    i.fabs              m_wm.l(fabs.o)
    0x08005c0c   0x08005c0c   0x00000036   Code   RO           16    i.main              main.o
    0x08005c42   0x08005c42   0x0000000c   Code   RO         4149    i.makeFreeRtosPriority  cmsis_os.o
    0x08005c4e   0x08005c4e   0x00000002   PAD
    0x08005c50   0x08005c50   0x00000034   Code   RO         4745    i.onUartReceivedData  serial.o
    0x08005c84   0x08005c84   0x0000000e   Code   RO         4151    i.osDelay           cmsis_os.o
    0x08005c92   0x08005c92   0x0000000a   Code   RO         4154    i.osKernelStart     cmsis_os.o
    0x08005c9c   0x08005c9c   0x00000050   Code   RO         4180    i.osSemaphoreCreate  cmsis_os.o
    0x08005cec   0x08005cec   0x00000054   Code   RO         4188    i.osThreadCreate    cmsis_os.o
    0x08005d40   0x08005d40   0x00000070   Code   RO         3689    i.prvAddCurrentTaskToDelayedList  tasks.o
    0x08005db0   0x08005db0   0x000000d0   Code   RO         3690    i.prvAddNewTaskToReadyList  tasks.o
    0x08005e80   0x08005e80   0x00000058   Code   RO         4003    i.prvCheckForValidListAndQueue  timers.o
    0x08005ed8   0x08005ed8   0x00000026   Code   RO         3347    i.prvCopyDataFromQueue  queue.o
    0x08005efe   0x08005efe   0x0000006c   Code   RO         3348    i.prvCopyDataToQueue  queue.o
    0x08005f6a   0x08005f6a   0x00000034   Code   RO         3691    i.prvDeleteTCB      tasks.o
    0x08005f9e   0x08005f9e   0x00000002   PAD
    0x08005fa0   0x08005fa0   0x0000004c   Code   RO         4516    i.prvHeapInit       heap_4.o
    0x08005fec   0x08005fec   0x00000060   Code   RO         3692    i.prvIdleTask       tasks.o
    0x0800604c   0x0800604c   0x00000016   Code   RO         3350    i.prvInitialiseNewQueue  queue.o
    0x08006062   0x08006062   0x00000098   Code   RO         3693    i.prvInitialiseNewTask  tasks.o
    0x080060fa   0x080060fa   0x00000002   PAD
    0x080060fc   0x080060fc   0x0000004c   Code   RO         4517    i.prvInsertBlockIntoFreeList  heap_4.o
    0x08006148   0x08006148   0x00000038   Code   RO         4005    i.prvInsertTimerInActiveList  timers.o
    0x08006180   0x08006180   0x0000001c   Code   RO         3351    i.prvIsQueueEmpty   queue.o
    0x0800619c   0x0800619c   0x000000f0   Code   RO         4006    i.prvProcessReceivedCommands  timers.o
    0x0800628c   0x0800628c   0x000000c0   Code   RO         4007    i.prvProcessTimerOrBlockTask  timers.o
    0x0800634c   0x0800634c   0x00000020   Code   RO         3694    i.prvResetNextTaskUnblockTime  tasks.o
    0x0800636c   0x0800636c   0x00000028   Code   RO         4008    i.prvSampleTimeNow  timers.o
    0x08006394   0x08006394   0x0000006c   Code   RO         4009    i.prvSwitchTimerLists  timers.o
    0x08006400   0x08006400   0x000000a0   Code   RO         4834    i.prvTIMPeriodElapsedCallback  stepper.o
    0x080064a0   0x080064a0   0x00000028   Code   RO         4573    i.prvTaskExitError  port.o
    0x080064c8   0x080064c8   0x00000024   Code   RO         4010    i.prvTimerTask      timers.o
    0x080064ec   0x080064ec   0x0000006a   Code   RO         3352    i.prvUnlockQueue    queue.o
    0x08006556   0x08006556   0x00000002   PAD
    0x08006558   0x08006558   0x000000dc   Code   RO         4518    i.pvPortMalloc      heap_4.o
    0x08006634   0x08006634   0x00000018   Code   RO         3696    i.pvTaskIncrementMutexHeldCount  tasks.o
    0x0800664c   0x0800664c   0x0000002c   Code   RO         4574    i.pxPortInitialiseStack  port.o
    0x08006678   0x08006678   0x0000006e   Code   RO         5454    i.sqrt              m_wm.l(sqrt.o)
    0x080066e6   0x080066e6   0x00000026   Code   RO         3307    i.uxListRemove      list.o
    0x0800670c   0x0800670c   0x00000014   Code   RO          239    i.vApplicationGetIdleTaskMemory  freertos.o
    0x08006720   0x08006720   0x00000014   Code   RO          240    i.vApplicationGetTimerTaskMemory  freertos.o
    0x08006734   0x08006734   0x00000016   Code   RO         3308    i.vListInitialise   list.o
    0x0800674a   0x0800674a   0x00000006   Code   RO         3309    i.vListInitialiseItem  list.o
    0x08006750   0x08006750   0x00000030   Code   RO         3310    i.vListInsert       list.o
    0x08006780   0x08006780   0x00000018   Code   RO         3311    i.vListInsertEnd    list.o
    0x08006798   0x08006798   0x00000040   Code   RO         4576    i.vPortEnterCritical  port.o
    0x080067d8   0x080067d8   0x00000028   Code   RO         4577    i.vPortExitCritical  port.o
    0x08006800   0x08006800   0x00000064   Code   RO         4519    i.vPortFree         heap_4.o
    0x08006864   0x08006864   0x00000024   Code   RO         4578    i.vPortSetupTimerInterrupt  port.o
    0x08006888   0x08006888   0x00000054   Code   RO         4579    i.vPortValidateInterruptPriority  port.o
    0x080068dc   0x080068dc   0x00000028   Code   RO         3356    i.vQueueAddToRegistry  queue.o
    0x08006904   0x08006904   0x00000044   Code   RO         3359    i.vQueueWaitForMessageRestricted  queue.o
    0x08006948   0x08006948   0x0000004c   Code   RO         3703    i.vTaskDelay        tasks.o
    0x08006994   0x08006994   0x00000010   Code   RO         3706    i.vTaskInternalSetTimeOutState  tasks.o
    0x080069a4   0x080069a4   0x0000000c   Code   RO         3707    i.vTaskMissedYield  tasks.o
    0x080069b0   0x080069b0   0x00000030   Code   RO         3709    i.vTaskPlaceOnEventList  tasks.o
    0x080069e0   0x080069e0   0x00000038   Code   RO         3710    i.vTaskPlaceOnEventListRestricted  tasks.o
    0x08006a18   0x08006a18   0x000000a0   Code   RO         3712    i.vTaskPriorityDisinheritAfterTimeout  tasks.o
    0x08006ab8   0x08006ab8   0x00000088   Code   RO         3717    i.vTaskStartScheduler  tasks.o
    0x08006b40   0x08006b40   0x00000010   Code   RO         3719    i.vTaskSuspendAll   tasks.o
    0x08006b50   0x08006b50   0x0000005c   Code   RO         3720    i.vTaskSwitchContext  tasks.o
    0x08006bac   0x08006bac   0x000000f4   Code   RO         4580    i.xPortStartScheduler  port.o
    0x08006ca0   0x08006ca0   0x0000003a   Code   RO         3360    i.xQueueCreateCountingSemaphore  queue.o
    0x08006cda   0x08006cda   0x00000040   Code   RO         3361    i.xQueueCreateCountingSemaphoreStatic  queue.o
    0x08006d1a   0x08006d1a   0x00000042   Code   RO         3364    i.xQueueGenericCreate  queue.o
    0x08006d5c   0x08006d5c   0x00000066   Code   RO         3365    i.xQueueGenericCreateStatic  queue.o
    0x08006dc2   0x08006dc2   0x00000002   PAD
    0x08006dc4   0x08006dc4   0x00000088   Code   RO         3366    i.xQueueGenericReset  queue.o
    0x08006e4c   0x08006e4c   0x00000160   Code   RO         3367    i.xQueueGenericSend  queue.o
    0x08006fac   0x08006fac   0x000000be   Code   RO         3368    i.xQueueGenericSendFromISR  queue.o
    0x0800706a   0x0800706a   0x00000002   PAD
    0x0800706c   0x0800706c   0x00000138   Code   RO         3374    i.xQueueReceive     queue.o
    0x080071a4   0x080071a4   0x00000178   Code   RO         3376    i.xQueueSemaphoreTake  queue.o
    0x0800731c   0x0800731c   0x00000074   Code   RO         3722    i.xTaskCheckForTimeOut  tasks.o
    0x08007390   0x08007390   0x0000005a   Code   RO         3723    i.xTaskCreate       tasks.o
    0x080073ea   0x080073ea   0x00000056   Code   RO         3724    i.xTaskCreateStatic  tasks.o
    0x08007440   0x08007440   0x0000001c   Code   RO         3728    i.xTaskGetSchedulerState  tasks.o
    0x0800745c   0x0800745c   0x0000000c   Code   RO         3729    i.xTaskGetTickCount  tasks.o
    0x08007468   0x08007468   0x000000cc   Code   RO         3731    i.xTaskIncrementTick  tasks.o
    0x08007534   0x08007534   0x00000098   Code   RO         3734    i.xTaskPriorityDisinherit  tasks.o
    0x080075cc   0x080075cc   0x0000008c   Code   RO         3735    i.xTaskPriorityInherit  tasks.o
    0x08007658   0x08007658   0x00000074   Code   RO         3736    i.xTaskRemoveFromEventList  tasks.o
    0x080076cc   0x080076cc   0x000000c4   Code   RO         3737    i.xTaskResumeAll    tasks.o
    0x08007790   0x08007790   0x00000060   Code   RO         4017    i.xTimerCreateTimerTask  timers.o
    0x080077f0   0x080077f0   0x00000060   Code   RO         4018    i.xTimerGenericCommand  timers.o
    0x08007850   0x08007850   0x00000018   Code   RO         5566    x$fpl$basic         fz_wm.l(basic.o)
    0x08007868   0x08007868   0x00000062   Code   RO         5384    x$fpl$d2f           fz_wm.l(d2f.o)
    0x080078ca   0x080078ca   0x00000002   PAD
    0x080078cc   0x080078cc   0x00000150   Code   RO         5386    x$fpl$dadd          fz_wm.l(daddsub_clz.o)
    0x08007a1c   0x08007a1c   0x00000010   Code   RO         5668    x$fpl$dcheck1       fz_wm.l(dcheck1.o)
    0x08007a2c   0x08007a2c   0x00000018   Code   RO         5670    x$fpl$dcmpinf       fz_wm.l(dcmpi.o)
    0x08007a44   0x08007a44   0x000002b0   Code   RO         5393    x$fpl$ddiv          fz_wm.l(ddiv.o)
    0x08007cf4   0x08007cf4   0x00000078   Code   RO         5568    x$fpl$deqf          fz_wm.l(deqf.o)
    0x08007d6c   0x08007d6c   0x0000005e   Code   RO         5396    x$fpl$dfix          fz_wm.l(dfix.o)
    0x08007dca   0x08007dca   0x00000002   PAD
    0x08007dcc   0x08007dcc   0x0000005a   Code   RO         5400    x$fpl$dfixu         fz_wm.l(dfixu.o)
    0x08007e26   0x08007e26   0x0000002e   Code   RO         5405    x$fpl$dflt          fz_wm.l(dflt_clz.o)
    0x08007e54   0x08007e54   0x00000078   Code   RO         5570    x$fpl$dleqf         fz_wm.l(dleqf.o)
    0x08007ecc   0x08007ecc   0x00000154   Code   RO         5410    x$fpl$dmul          fz_wm.l(dmul.o)
    0x08008020   0x08008020   0x0000009c   Code   RO         5572    x$fpl$dnaninf       fz_wm.l(dnaninf.o)
    0x080080bc   0x080080bc   0x0000000c   Code   RO         5574    x$fpl$dretinf       fz_wm.l(dretinf.o)
    0x080080c8   0x080080c8   0x0000006c   Code   RO         5576    x$fpl$drleqf        fz_wm.l(drleqf.o)
    0x08008134   0x08008134   0x00000016   Code   RO         5387    x$fpl$drsb          fz_wm.l(daddsub_clz.o)
    0x0800814a   0x0800814a   0x00000002   PAD
    0x0800814c   0x0800814c   0x00000198   Code   RO         5578    x$fpl$dsqrt         fz_wm.l(dsqrt_umaal.o)
    0x080082e4   0x080082e4   0x000001d4   Code   RO         5388    x$fpl$dsub          fz_wm.l(daddsub_clz.o)
    0x080084b8   0x080084b8   0x00000056   Code   RO         5412    x$fpl$f2d           fz_wm.l(f2d.o)
    0x0800850e   0x0800850e   0x0000008c   Code   RO         5580    x$fpl$fnaninf       fz_wm.l(fnaninf.o)
    0x0800859a   0x0800859a   0x0000000a   Code   RO         5805    x$fpl$fpinit        fz_wm.l(fpinit.o)
    0x080085a4   0x080085a4   0x0000000a   Code   RO         5582    x$fpl$fretinf       fz_wm.l(fretinf.o)
    0x080085ae   0x080085ae   0x00000064   Code   RO         5728    x$fpl$retnan        fz_wm.l(retnan.o)
    0x08008612   0x08008612   0x0000005c   Code   RO         5592    x$fpl$scalbn        fz_wm.l(scalbn.o)
    0x0800866e   0x0800866e   0x00000030   Code   RO         5788    x$fpl$trapveneer    fz_wm.l(trapv.o)
    0x0800869e   0x0800869e   0x00000000   Code   RO         5594    x$fpl$usenofp       fz_wm.l(usenofp.o)
    0x0800869e   0x0800869e   0x00000002   PAD
    0x080086a0   0x080086a0   0x000000a8   Data   RO          242    .constdata          freertos.o
    0x08008748   0x08008748   0x00000008   Data   RO         1132    .constdata          stm32f4xx_hal_dma.o
    0x08008750   0x08008750   0x00000010   Data   RO         3170    .constdata          system_stm32f4xx.o
    0x08008760   0x08008760   0x00000008   Data   RO         3171    .constdata          system_stm32f4xx.o
    0x08008768   0x08008768   0x00000088   Data   RO         5441    .constdata          m_wm.l(pow.o)
    0x080087f0   0x080087f0   0x00000098   Data   RO         5598    .constdata          m_wm.l(atan.o)
    0x08008888   0x08008888   0x00000008   Data   RO         5627    .constdata          m_wm.l(qnan.o)
    0x08008890   0x08008890   0x00000046   Data   RO          243    .conststring        freertos.o
    0x080088d6   0x080088d6   0x00000002   PAD
    0x080088d8   0x080088d8   0x00000020   Data   RO         5863    Region$$Table       anon$$obj.o


    Execution Region RW_IRAM1 (Exec base: 0x20000000, Load base: 0x080088f8, Size: 0x00005380, Max: 0x0001c000, ABSOLUTE, COMPRESSED[0x0000005c])

    Exec Addr    Load Addr    Size         Type   Attr      Idx    E Section Name        Object

    0x20000000   COMPRESSED   0x00000034   Data   RW          244    .data               freertos.o
    0x20000034   COMPRESSED   0x0000000c   Data   RW         1559    .data               stm32f4xx_hal.o
    0x20000040   COMPRESSED   0x00000004   Data   RW         3172    .data               system_stm32f4xx.o
    0x20000044   COMPRESSED   0x0000003c   Data   RW         3740    .data               tasks.o
    0x20000080   COMPRESSED   0x00000014   Data   RW         4024    .data               timers.o
    0x20000094   COMPRESSED   0x00000020   Data   RW         4525    .data               heap_4.o
    0x200000b4   COMPRESSED   0x0000000c   Data   RW         4581    .data               port.o
    0x200000c0   COMPRESSED   0x000000b0   Data   RW         4835    .data               stepper.o
    0x20000170   COMPRESSED   0x00000030   Data   RW         4919    .data               switch.o
    0x200001a0   COMPRESSED   0x00000001   Data   RW         4981    .data               ultrasonic.o
    0x200001a1   COMPRESSED   0x00000001   Data   RW         5022    .data               weighingsensor.o
    0x200001a2   COMPRESSED   0x00000010   Data   RW         5073    .data               mechanism.o
    0x200001b2   COMPRESSED   0x00000002   PAD
    0x200001b4   COMPRESSED   0x00000008   Data   RW         5198    .data               taskexecute.o
    0x200001bc   COMPRESSED   0x0000002a   Data   RW         5283    .data               application.o
    0x200001e6   COMPRESSED   0x00000002   PAD
    0x200001e8        -       0x000004c8   Zero   RW          241    .bss                freertos.o
    0x200006b0        -       0x00000438   Zero   RW          357    .bss                tim.o
    0x20000ae8        -       0x00000134   Zero   RW          444    .bss                usart.o
    0x20000c1c        -       0x000000b4   Zero   RW          622    .bss                stm32f4xx_hal_timebase_tim.o
    0x20000cd0        -       0x00000040   Zero   RW         3377    .bss                queue.o
    0x20000d10        -       0x000000f0   Zero   RW         3739    .bss                tasks.o
    0x20000e00        -       0x000000d0   Zero   RW         4023    .bss                timers.o
    0x20000ed0        -       0x00003c00   Zero   RW         4524    .bss                heap_4.o
    0x20004ad0        -       0x00000211   Zero   RW         4746    .bss                serial.o
    0x20004ce1   COMPRESSED   0x00000003   PAD
    0x20004ce4        -       0x00000024   Zero   RW         4980    .bss                ultrasonic.o
    0x20004d08        -       0x00000014   Zero   RW         5021    .bss                weighingsensor.o
    0x20004d1c        -       0x00000060   Zero   RW         5673    .bss                c_w.l(libspace.o)
    0x20004d7c   COMPRESSED   0x00000004   PAD
    0x20004d80        -       0x00000200   Zero   RW            2    HEAP                startup_stm32f407xx.o
    0x20004f80        -       0x00000400   Zero   RW            1    STACK               startup_stm32f407xx.o


    Execution Region RW_IRAM2 (Exec base: 0x2001c000, Load base: 0x08008954, Size: 0x00000000, Max: 0x00004000, ABSOLUTE)

    **** No section assigned to this execution region ****


==============================================================================

Image component sizes


      Code (inc. data)   RO Data    RW Data    ZI Data      Debug   Object Name

      1288        116          0         42          0       8753   application.o
       200          0          0          0          0      24365   cmsis_os.o
        60          4          0          0          0        834   dma.o
         0          0          0          0          0      20052   event_groups.o
       288         18        238         52       1224       5188   freertos.o
       556         26          0          0          0       1263   gpio.o
       472         24          0         32      15360       5015   heap_4.o
        84          8          0          0          0       1643   ledmodule.o
       138          0          0          0          0       3698   list.o
       226         16          0          0          0     729260   main.o
       520         56          0         16          0      11921   mechanism.o
       786         82          0         12          0      12145   port.o
      2066         24          0          0         64      22566   queue.o
       214         36          0          0        529       4706   serial.o
        64         26        392          0       1536        868   startup_stm32f407xx.o
       836         44          0        176          0       6401   stepper.o
       116         18          0         12          0       8898   stm32f4xx_hal.o
       158         14          0          0          0      33286   stm32f4xx_hal_cortex.o
      1084         16          8          0          0       7574   stm32f4xx_hal_dma.o
       516         46          0          0          0       2947   stm32f4xx_hal_gpio.o
        56          4          0          0          0        918   stm32f4xx_hal_msp.o
      1408         82          0          0          0       6069   stm32f4xx_hal_rcc.o
      3608        308          0          0          0      28564   stm32f4xx_hal_tim.o
       234         28          0          0          0       3992   stm32f4xx_hal_tim_ex.o
       116         16          0          0        180       1495   stm32f4xx_hal_timebase_tim.o
      2132         84          0          0          0      19563   stm32f4xx_hal_uart.o
       136         58          0          0          0       7477   stm32f4xx_it.o
         0          0          0          0          0        396   stream_buffer.o
       404         76          0         48          0       5407   switch.o
        16          4         24          4          0       1199   system_stm32f4xx.o
       552        110          0          8          0      19593   taskexecute.o
      2428        184          0         60        240      30053   tasks.o
      1372        120          0          0       1080       7656   tim.o
       952         80          0         20        208      30375   timers.o
       404         26          0          1         36       3710   ultrasonic.o
       292         30          0          0        308       2000   usart.o
       192         10          0          1         20       2765   weighingsensor.o

    ----------------------------------------------------------------------
     24024       1794        696        488      20788    1082615   Object Totals
         0          0         32          0          0          0   (incl. Generated)
        50          0          2          4          3          0   (incl. Padding)

    ----------------------------------------------------------------------

      Code (inc. data)   RO Data    RW Data    ZI Data      Debug   Library Member Name

        90          0          0          0          0          0   __dczerorl2.o
         8          0          0          0          0         68   __main.o
         0          0          0          0          0          0   __rtentry.o
        12          0          0          0          0          0   __rtentry2.o
         6          0          0          0          0          0   __rtentry4.o
        52          8          0          0          0          0   __scatter.o
        28          0          0          0          0          0   __scatter_zi.o
        22          0          0          0          0        100   _rserrno.o
        18          0          0          0          0         80   exit.o
         6          0          0          0          0        152   heapauxi.o
         0          0          0          0          0          0   indicate_semi.o
         2          0          0          0          0          0   libinit.o
         6          0          0          0          0          0   libinit2.o
         2          0          0          0          0          0   libshutdown.o
         2          0          0          0          0          0   libshutdown2.o
         8          4          0          0         96         68   libspace.o
       238          0          0          0          0        100   lludivv7m.o
         8          4          0          0          0         68   rt_errno_addr_intlibspace.o
        78          0          0          0          0         80   rt_memclr_w.o
       138          0          0          0          0         68   rt_memcpy_v6.o
       100          0          0          0          0         80   rt_memcpy_w.o
         2          0          0          0          0          0   rtexit.o
        10          0          0          0          0          0   rtexit2.o
        12          4          0          0          0         68   sys_exit.o
        74          0          0          0          0         80   sys_stackheap_outer.o
         2          0          0          0          0         68   use_no_semi.o
        24          0          0          0          0        164   basic.o
        98          4          0          0          0        140   d2f.o
       826         16          0          0          0        492   daddsub_clz.o
        16          4          0          0          0        116   dcheck1.o
        24          0          0          0          0        116   dcmpi.o
       688        140          0          0          0        256   ddiv.o
       120          4          0          0          0        140   deqf.o
        94          4          0          0          0        140   dfix.o
        90          4          0          0          0        140   dfixu.o
        46          0          0          0          0        116   dflt_clz.o
       120          4          0          0          0        140   dleqf.o
       340         12          0          0          0        152   dmul.o
       156          4          0          0          0        140   dnaninf.o
        12          0          0          0          0        116   dretinf.o
       108          0          0          0          0        128   drleqf.o
       408         56          0          0          0        168   dsqrt_umaal.o
        86          4          0          0          0        132   f2d.o
       140          4          0          0          0        132   fnaninf.o
        10          0          0          0          0        116   fpinit.o
        10          0          0          0          0        116   fretinf.o
       100          0          0          0          0        116   retnan.o
        92          0          0          0          0        116   scalbn.o
        48          0          0          0          0        116   trapv.o
         0          0          0          0          0          0   usenofp.o
       744        106        152          0          0        352   atan.o
       512         64          0          0          0        208   atan2.o
       280         28          0          0          0        156   ceil.o
       184         44          0          0          0        744   dunder.o
        44          0          0          0          0        248   fabs.o
        48          0          0          0          0        124   fpclassify.o
       248          0          0          0          0        152   poly.o
      3152        296        136          0          0        352   pow.o
         0          0          8          0          0          0   qnan.o
       232          0          0          0          0        296   sqrt.o

    ----------------------------------------------------------------------
     10048        818        296          0        100       7220   Library Totals
        24          0          0          0          4          0   (incl. Padding)

    ----------------------------------------------------------------------

      Code (inc. data)   RO Data    RW Data    ZI Data      Debug   Library Name

       924         20          0          0         96       1080   c_w.l
      3656        260          0          0          0       3508   fz_wm.l
      5444        538        296          0          0       2632   m_wm.l

    ----------------------------------------------------------------------
     10048        818        296          0        100       7220   Library Totals

    ----------------------------------------------------------------------

==============================================================================


      Code (inc. data)   RO Data    RW Data    ZI Data      Debug   

     34072       2612        992        488      20888    1059367   Grand Totals
     34072       2612        992         92      20888    1059367   ELF Image Totals (compressed)
     34072       2612        992         92          0          0   ROM Totals

==============================================================================

    Total RO  Size (Code + RO Data)                35064 (  34.24kB)
    Total RW  Size (RW Data + ZI Data)             21376 (  20.88kB)
    Total ROM Size (Code + RO Data + RW Data)      35156 (  34.33kB)

==============================================================================

