Component: ARM Compiler 5.06 update 7 (build 960) Tool: armlink [4d3601]

==============================================================================

Section Cross References

    startup_stm32f407xx.o(STACK) refers (Special) to heapauxi.o(.text) for __use_two_region_memory
    startup_stm32f407xx.o(HEAP) refers (Special) to heapauxi.o(.text) for __use_two_region_memory
    startup_stm32f407xx.o(RESET) refers (Special) to heapauxi.o(.text) for __use_two_region_memory
    startup_stm32f407xx.o(RESET) refers to startup_stm32f407xx.o(STACK) for __initial_sp
    startup_stm32f407xx.o(RESET) refers to startup_stm32f407xx.o(.text) for Reset_Handler
    startup_stm32f407xx.o(RESET) refers to stm32f4xx_it.o(i.NMI_Handler) for NMI_Handler
    startup_stm32f407xx.o(RESET) refers to stm32f4xx_it.o(i.HardFault_Handler) for HardFault_Handler
    startup_stm32f407xx.o(RESET) refers to stm32f4xx_it.o(i.MemManage_Handler) for MemManage_Handler
    startup_stm32f407xx.o(RESET) refers to stm32f4xx_it.o(i.BusFault_Handler) for BusFault_Handler
    startup_stm32f407xx.o(RESET) refers to stm32f4xx_it.o(i.UsageFault_Handler) for UsageFault_Handler
    startup_stm32f407xx.o(RESET) refers to port.o(.emb_text) for SVC_Handler
    startup_stm32f407xx.o(RESET) refers to stm32f4xx_it.o(i.DebugMon_Handler) for DebugMon_Handler
    startup_stm32f407xx.o(RESET) refers to port.o(i.SysTick_Handler) for SysTick_Handler
    startup_stm32f407xx.o(RESET) refers to switch.o(i.EXTI1_IRQHandler) for EXTI1_IRQHandler
    startup_stm32f407xx.o(RESET) refers to switch.o(i.EXTI2_IRQHandler) for EXTI2_IRQHandler
    startup_stm32f407xx.o(RESET) refers to switch.o(i.EXTI3_IRQHandler) for EXTI3_IRQHandler
    startup_stm32f407xx.o(RESET) refers to switch.o(i.EXTI4_IRQHandler) for EXTI4_IRQHandler
    startup_stm32f407xx.o(RESET) refers to stm32f4xx_it.o(i.TIM1_UP_TIM10_IRQHandler) for TIM1_UP_TIM10_IRQHandler
    startup_stm32f407xx.o(RESET) refers to stm32f4xx_it.o(i.TIM3_IRQHandler) for TIM3_IRQHandler
    startup_stm32f407xx.o(RESET) refers to stm32f4xx_it.o(i.TIM4_IRQHandler) for TIM4_IRQHandler
    startup_stm32f407xx.o(RESET) refers to stm32f4xx_it.o(i.USART1_IRQHandler) for USART1_IRQHandler
    startup_stm32f407xx.o(RESET) refers to stm32f4xx_it.o(i.TIM8_BRK_TIM12_IRQHandler) for TIM8_BRK_TIM12_IRQHandler
    startup_stm32f407xx.o(RESET) refers to stm32f4xx_it.o(i.TIM8_UP_TIM13_IRQHandler) for TIM8_UP_TIM13_IRQHandler
    startup_stm32f407xx.o(RESET) refers to stm32f4xx_it.o(i.DMA2_Stream2_IRQHandler) for DMA2_Stream2_IRQHandler
    startup_stm32f407xx.o(RESET) refers to stm32f4xx_it.o(i.DMA2_Stream7_IRQHandler) for DMA2_Stream7_IRQHandler
    startup_stm32f407xx.o(.text) refers (Special) to heapauxi.o(.text) for __use_two_region_memory
    startup_stm32f407xx.o(.text) refers to system_stm32f4xx.o(i.SystemInit) for SystemInit
    startup_stm32f407xx.o(.text) refers to __main.o(!!!main) for __main
    startup_stm32f407xx.o(.text) refers to startup_stm32f407xx.o(HEAP) for Heap_Mem
    startup_stm32f407xx.o(.text) refers to startup_stm32f407xx.o(STACK) for Stack_Mem
    main.o(i.HAL_TIM_PeriodElapsedCallback) refers to stm32f4xx_hal.o(i.HAL_IncTick) for HAL_IncTick
    main.o(i.SystemClock_Config) refers to rt_memclr_w.o(.text) for __aeabi_memclr4
    main.o(i.SystemClock_Config) refers to stm32f4xx_hal_rcc.o(i.HAL_RCC_OscConfig) for HAL_RCC_OscConfig
    main.o(i.SystemClock_Config) refers to stm32f4xx_hal_rcc.o(i.HAL_RCC_ClockConfig) for HAL_RCC_ClockConfig
    main.o(i.main) refers to stm32f4xx_hal.o(i.HAL_Init) for HAL_Init
    main.o(i.main) refers to main.o(i.SystemClock_Config) for SystemClock_Config
    main.o(i.main) refers to gpio.o(i.MX_GPIO_Init) for MX_GPIO_Init
    main.o(i.main) refers to dma.o(i.MX_DMA_Init) for MX_DMA_Init
    main.o(i.main) refers to tim.o(i.MX_TIM12_Init) for MX_TIM12_Init
    main.o(i.main) refers to usart.o(i.MX_USART1_UART_Init) for MX_USART1_UART_Init
    main.o(i.main) refers to tim.o(i.MX_TIM3_Init) for MX_TIM3_Init
    main.o(i.main) refers to tim.o(i.MX_TIM4_Init) for MX_TIM4_Init
    main.o(i.main) refers to tim.o(i.MX_TIM8_Init) for MX_TIM8_Init
    main.o(i.main) refers to freertos.o(i.MX_FREERTOS_Init) for MX_FREERTOS_Init
    main.o(i.main) refers to cmsis_os.o(i.osKernelStart) for osKernelStart
    gpio.o(i.MX_GPIO_Init) refers to rt_memclr_w.o(.text) for __aeabi_memclr4
    gpio.o(i.MX_GPIO_Init) refers to stm32f4xx_hal_gpio.o(i.HAL_GPIO_WritePin) for HAL_GPIO_WritePin
    gpio.o(i.MX_GPIO_Init) refers to stm32f4xx_hal_gpio.o(i.HAL_GPIO_Init) for HAL_GPIO_Init
    gpio.o(i.MX_GPIO_Init) refers to stm32f4xx_hal_cortex.o(i.HAL_NVIC_SetPriority) for HAL_NVIC_SetPriority
    gpio.o(i.MX_GPIO_Init) refers to stm32f4xx_hal_cortex.o(i.HAL_NVIC_EnableIRQ) for HAL_NVIC_EnableIRQ
    freertos.o(i.MX_FREERTOS_Init) refers to queue.o(i.xQueueGenericCreate) for xQueueGenericCreate
    freertos.o(i.MX_FREERTOS_Init) refers to rt_memcpy_w.o(.text) for __aeabi_memcpy4
[...]
    .constdata                               0x080052dc   Section       16  system_stm32f4xx.o(.constdata)
    .constdata                               0x080052ec   Section        8  system_stm32f4xx.o(.constdata)
    .conststring                             0x080052f4   Section       45  freertos.o(.conststring)
    .data                                    0x20000000   Section       24  freertos.o(.data)
    .data                                    0x20000018   Section       12  stm32f4xx_hal.o(.data)
    .data                                    0x20000024   Section        4  system_stm32f4xx.o(.data)
    .data                                    0x20000028   Section       60  tasks.o(.data)
    uxDeletedTasksWaitingCleanUp             0x2000002c   Data           4  tasks.o(.data)
    uxCurrentNumberOfTasks                   0x20000030   Data           4  tasks.o(.data)
    xTickCount                               0x20000034   Data           4  tasks.o(.data)
    uxTopReadyPriority                       0x20000038   Data           4  tasks.o(.data)
    xSchedulerRunning                        0x2000003c   Data           4  tasks.o(.data)
    xPendedTicks                             0x20000040   Data           4  tasks.o(.data)
    xYieldPending                            0x20000044   Data           4  tasks.o(.data)
    xNumOfOverflows                          0x20000048   Data           4  tasks.o(.data)
    uxTaskNumber                             0x2000004c   Data           4  tasks.o(.data)
    xNextTaskUnblockTime                     0x20000050   Data           4  tasks.o(.data)
    xIdleTaskHandle                          0x20000054   Data           4  tasks.o(.data)
    uxSchedulerSuspended                     0x20000058   Data           4  tasks.o(.data)
    pxDelayedTaskList                        0x2000005c   Data           4  tasks.o(.data)
    pxOverflowDelayedTaskList                0x20000060   Data           4  tasks.o(.data)
    .data                                    0x20000064   Section       20  timers.o(.data)
    xTimerQueue                              0x20000064   Data           4  timers.o(.data)
    xTimerTaskHandle                         0x20000068   Data           4  timers.o(.data)
    xLastTime                                0x2000006c   Data           4  timers.o(.data)
    pxCurrentTimerList                       0x20000070   Data           4  timers.o(.data)
    pxOverflowTimerList                      0x20000074   Data           4  timers.o(.data)
    .data                                    0x20000078   Section       32  heap_4.o(.data)
    pxEnd                                    0x20000078   Data           4  heap_4.o(.data)
    xFreeBytesRemaining                      0x2000007c   Data           4  heap_4.o(.data)
    xMinimumEverFreeBytesRemaining           0x20000080   Data           4  heap_4.o(.data)
    xNumberOfSuccessfulAllocations           0x20000084   Data           4  heap_4.o(.data)
    xNumberOfSuccessfulFrees                 0x20000088   Data           4  heap_4.o(.data)
    xBlockAllocatedBit                       0x2000008c   Data           4  heap_4.o(.data)
    xStart                                   0x20000090   Data           8  heap_4.o(.data)
    .data                                    0x20000098   Section       12  port.o(.data)
    ucMaxSysCallPriority                     0x20000098   Data           1  port.o(.data)
    uxCriticalNesting                        0x2000009c   Data           4  port.o(.data)
    ulMaxPRIGROUPValue                       0x200000a0   Data           4  port.o(.data)
    .data                                    0x200000a4   Section        4  keymodule.o(.data)
    prvButtonClickedFlag                     0x200000a4   Data           4  keymodule.o(.data)
    .data                                    0x200000a8   Section        4  peripheraltest.o(.data)
    .data                                    0x200000ac   Section        6  serial.o(.data)
    Pack                                     0x200000ac   Data           6  serial.o(.data)
    .data                                    0x200000b4   Section      132  stepper.o(.data)
    StepperArray                             0x200000b4   Data         132  stepper.o(.data)
    .data                                    0x20000138   Section       32  switch.o(.data)
    pUserSW1Clicked                          0x20000138   Data           4  switch.o(.data)
    pUserSW2Clicked                          0x2000013c   Data           4  switch.o(.data)
    pUserSW3Clicked                          0x20000140   Data           4  switch.o(.data)
    pUserSW4Clicked                          0x20000144   Data           4  switch.o(.data)
    pUserSW1Released                         0x20000148   Data           4  switch.o(.data)
    pUserSW2Released                         0x2000014c   Data           4  switch.o(.data)
    pUserSW3Released                         0x20000150   Data           4  switch.o(.data)
    pUserSW4Released                         0x20000154   Data           4  switch.o(.data)
    .bss                                     0x20000158   Section     1224  freertos.o(.bss)
    xIdleTaskTCBBuffer                       0x20000158   Data         100  freertos.o(.bss)
    xIdleStack                               0x200001bc   Data         512  freertos.o(.bss)
    xTimerTaskTCBBuffer                      0x200003bc   Data         100  freertos.o(.bss)
    xTimerStack                              0x20000420   Data         512  freertos.o(.bss)
    .bss                                     0x20000620   Section      720  tim.o(.bss)
    .bss                                     0x200008f0   Section      308  usart.o(.bss)
    .bss                                     0x20000a24   Section      180  stm32f4xx_hal_timebase_tim.o(.bss)
    .bss                                     0x20000ad8   Section       64  queue.o(.bss)
    .bss                                     0x20000b18   Section      240  tasks.o(.bss)
    pxReadyTasksLists                        0x20000b18   Data         140  tasks.o(.bss)
    xDelayedTaskList1                        0x20000ba4   Data          20  tasks.o(.bss)
    xDelayedTaskList2                        0x20000bb8   Data          20  tasks.o(.bss)
    xPendingReadyList                        0x20000bcc   Data          20  tasks.o(.bss)
    xTasksWaitingTermination                 0x20000be0   Data          20  tasks.o(.bss)
    xSuspendedTaskList                       0x20000bf4   Data          20  tasks.o(.bss)
    .bss                                     0x20000c08   Section      208  timers.o(.bss)
    xStaticTimerQueue                        0x20000c08   Data          72  timers.o(.bss)
    ucStaticTimerQueueStorage                0x20000c50   Data          96  timers.o(.bss)
    xActiveTimerList1                        0x20000cb0   Data          20  timers.o(.bss)
    xActiveTimerList2                        0x20000cc4   Data          20  timers.o(.bss)
    .bss                                     0x20000cd8   Section    15360  heap_4.o(.bss)
    ucHeap                                   0x20000cd8   Data       15360  heap_4.o(.bss)
    .bss                                     0x200048d8   Section       36  ultrasonic.o(.bss)
    prvUltraSonic                            0x200048d8   Data          36  ultrasonic.o(.bss)
    .bss                                     0x200048fc   Section      512  serial.o(.bss)
    UartTxBuffer                             0x200048fc   Data         256  serial.o(.bss)
    UartRxBuffer                             0x200049fc   Data         256  serial.o(.bss)
    .bss                                     0x20004afc   Section       96  libspace.o(.bss)
    HEAP                                     0x20004b60   Section      512  startup_stm32f407xx.o(HEAP)
    Heap_Mem                                 0x20004b60   Data         512  startup_stm32f407xx.o(HEAP)
    STACK                                    0x20004d60   Section     1024  startup_stm32f407xx.o(STACK)
    Stack_Mem                                0x20004d60   Data        1024  startup_stm32f407xx.o(STACK)
    __initial_sp                             0x20005160   Data           0  startup_stm32f407xx.o(STACK)

    Global Symbols

    Symbol Name                              Value     Ov Type        Size  Object(Section)

    BuildAttributes$$THM_ISAv4$E$P$D$K$B$S$7EM$VFPi3$EXTD16$VFPS$VFMA$PE$A:L22UL41UL21$X:L11$S22US41US21$IEEE1$IW$USESV6$~STKCKD$USESV7$~SHL$OTIME$ROPI$IEEEJ$EBA8$UX$STANDARDLIB$REQ8$PRES8$EABIv2 0x00000000   Number         0  anon$$obj.o ABSOLUTE
    __ARM_use_no_argv                        0x00000000   Number         0  main.o ABSOLUTE
    _printf_flags                            0x00000000   Number         0  printf_stubs.o ABSOLUTE
    _printf_return_value                     0x00000000   Number         0  printf_stubs.o ABSOLUTE
    _printf_sizespec                         0x00000000   Number         0  printf_stubs.o ABSOLUTE
    _printf_widthprec                        0x00000000   Number         0  printf_stubs.o ABSOLUTE
    __ARM_exceptions_init                     - Undefined Weak Reference
    __alloca_initialize                       - Undefined Weak Reference
    __arm_fini_                               - Undefined Weak Reference
    __arm_preinit_                            - Undefined Weak Reference
    __cpp_initialize__aeabi_                  - Undefined Weak Reference
    __cxa_finalize                            - Undefined Weak Reference
    __sigvec_lookup                           - Undefined Weak Reference
    _atexit_init                              - Undefined Weak Reference
    _call_atexit_fns                          - Undefined Weak Reference
    _clock_init                               - Undefined Weak Reference
    _fp_trap_init                             - Undefined Weak Reference
    _fp_trap_shutdown                         - Undefined Weak Reference
    _get_lc_collate                           - Undefined Weak Reference
    _get_lc_monetary                          - Undefined Weak Reference
    _get_lc_time                              - Undefined Weak Reference
    _getenv_init                              - Undefined Weak Reference
    _handle_redirection                       - Undefined Weak Reference
    _init_alloc                               - Undefined Weak Reference
    _init_user_alloc                          - Undefined Weak Reference
    _initio                                   - Undefined Weak Reference
    _printf_mbtowc                            - Undefined Weak Reference
    _printf_wc                                - Undefined Weak Reference
    _rand_init                                - Undefined Weak Reference
    _signal_finish                            - Undefined Weak Reference
    _signal_init                              - Undefined Weak Reference
    _terminate_alloc                          - Undefined Weak Reference
    _terminate_user_alloc                     - Undefined Weak Reference
    _terminateio                              - Undefined Weak Reference
    __Vectors_Size                           0x00000188   Number         0  startup_stm32f407xx.o ABSOLUTE
    __Vectors                                0x08000000   Data           4  startup_stm32f407xx.o(RESET)
    __Vectors_End                            0x08000188   Data           0  startup_stm32f407xx.o(RESET)
    __main                                   0x08000189   Thumb Code     8  __main.o(!!!main)
    __scatterload                            0x08000191   Thumb Code     0  __scatter.o(!!!scatter)
    __scatterload_rt2                        0x08000191   Thumb Code    44  __scatter.o(!!!scatter)
    __scatterload_rt2_thumb_only             0x08000191   Thumb Code     0  __scatter.o(!!!scatter)
    __scatterload_null                       0x0800019f   Thumb Code     0  __scatter.o(!!!scatter)
    __decompress                             0x080001c5   Thumb Code    90  __dczerorl2.o(!!dczerorl2)
    __decompress1                            0x080001c5   Thumb Code     0  __dczerorl2.o(!!dczerorl2)
    __scatterload_zeroinit                   0x08000221   Thumb Code    28  __scatter_zi.o(!!handler_zi)
    __rt_lib_init                            0x0800023d   Thumb Code     0  libinit.o(.ARM.Collect$$libinit$$00000000)
    __rt_lib_init_fp_1                       0x0800023f   Thumb Code     0  libinit2.o(.ARM.Collect$$libinit$$00000001)
    __rt_lib_init_alloca_1                   0x08000243   Thumb Code     0  libinit2.o(.ARM.Collect$$libinit$$0000002E)
    __rt_lib_init_argv_1                     0x08000243   Thumb Code     0  libinit2.o(.ARM.Collect$$libinit$$0000002C)
    __rt_lib_init_atexit_1                   0x08000243   Thumb Code     0  libinit2.o(.ARM.Collect$$libinit$$0000001B)
    __rt_lib_init_clock_1                    0x08000243   Thumb Code     0  libinit2.o(.ARM.Collect$$libinit$$00000021)
    __rt_lib_init_cpp_1                      0x08000243   Thumb Code     0  libinit2.o(.ARM.Collect$$libinit$$00000032)
    __rt_lib_init_exceptions_1               0x08000243   Thumb Code     0  libinit2.o(.ARM.Collect$$libinit$$00000030)
    __rt_lib_init_fp_trap_1                  0x08000243   Thumb Code     0  libinit2.o(.ARM.Collect$$libinit$$0000001F)
    __rt_lib_init_getenv_1                   0x08000243   Thumb Code     0  libinit2.o(.ARM.Collect$$libinit$$00000023)
    __rt_lib_init_heap_1                     0x08000243   Thumb Code     0  libinit2.o(.ARM.Collect$$libinit$$0000000A)
    __rt_lib_init_lc_collate_1               0x08000243   Thumb Code     0  libinit2.o(.ARM.Collect$$libinit$$00000011)
    __rt_lib_init_lc_ctype_1                 0x08000243   Thumb Code     0  libinit2.o(.ARM.Collect$$libinit$$00000013)
    __rt_lib_init_lc_monetary_1              0x08000243   Thumb Code     0  libinit2.o(.ARM.Collect$$libinit$$00000015)
    __rt_lib_init_lc_numeric_1               0x08000243   Thumb Code     0  libinit2.o(.ARM.Collect$$libinit$$00000017)
    __rt_lib_init_lc_time_1                  0x08000243   Thumb Code     0  libinit2.o(.ARM.Collect$$libinit$$00000019)
    __rt_lib_init_preinit_1                  0x08000243   Thumb Code     0  libinit2.o(.ARM.Collect$$libinit$$00000004)
    __rt_lib_init_rand_1                     0x08000243   Thumb Code     0  libinit2.o(.ARM.Collect$$libinit$$0000000E)
    __rt_lib_init_return                     0x08000243   Thumb Code     0  libinit2.o(.ARM.Collect$$libinit$$00000033)
    __rt_lib_init_signal_1                   0x08000243   Thumb Code     0  libinit2.o(.ARM.Collect$$libinit$$0000001D)
    __rt_lib_init_stdio_1                    0x08000243   Thumb Code     0  libinit2.o(.ARM.Collect$$libinit$$00000025)
    __rt_lib_init_user_alloc_1               0x08000243   Thumb Code     0  libinit2.o(.ARM.Collect$$libinit$$0000000C)
    __rt_lib_shutdown                        0x08000245   Thumb Code     0  libshutdown.o(.ARM.Collect$$libshutdown$$00000000)
    __rt_lib_shutdown_cpp_1                  0x08000247   Thumb Code     0  libshutdown2.o(.ARM.Collect$$libshutdown$$00000004)
    __rt_lib_shutdown_fini_1                 0x08000247   Thumb Code     0  libshutdown2.o(.ARM.Collect$$libshutdown$$00000002)
    __rt_lib_shutdown_fp_trap_1              0x08000247   Thumb Code     0  libshutdown2.o(.ARM.Collect$$libshutdown$$00000009)
    __rt_lib_shutdown_heap_1                 0x08000247   Thumb Code     0  libshutdown2.o(.ARM.Collect$$libshutdown$$00000011)
    __rt_lib_shutdown_return                 0x08000247   Thumb Code     0  libshutdown2.o(.ARM.Collect$$libshutdown$$00000012)
    __rt_lib_shutdown_signal_1               0x08000247   Thumb Code     0  libshutdown2.o(.ARM.Collect$$libshutdown$$0000000C)
    __rt_lib_shutdown_stdio_1                0x08000247   Thumb Code     0  libshutdown2.o(.ARM.Collect$$libshutdown$$00000006)
    __rt_lib_shutdown_user_alloc_1           0x08000247   Thumb Code     0  libshutdown2.o(.ARM.Collect$$libshutdown$$0000000E)
    __rt_entry                               0x08000249   Thumb Code     0  __rtentry.o(.ARM.Collect$$rtentry$$00000000)
    __rt_entry_presh_1                       0x08000249   Thumb Code     0  __rtentry2.o(.ARM.Collect$$rtentry$$00000002)
    __rt_entry_sh                            0x08000249   Thumb Code     0  __rtentry4.o(.ARM.Collect$$rtentry$$00000004)
    __rt_entry_li                            0x0800024f   Thumb Code     0  __rtentry2.o(.ARM.Collect$$rtentry$$0000000A)
    __rt_entry_postsh_1                      0x0800024f   Thumb Code     0  __rtentry2.o(.ARM.Collect$$rtentry$$00000009)
    __rt_entry_main                          0x08000253   Thumb Code     0  __rtentry2.o(.ARM.Collect$$rtentry$$0000000D)
    __rt_entry_postli_1                      0x08000253   Thumb Code     0  __rtentry2.o(.ARM.Collect$$rtentry$$0000000C)
    __rt_exit                                0x0800025b   Thumb Code     0  rtexit.o(.ARM.Collect$$rtexit$$00000000)
    __rt_exit_ls                             0x0800025d   Thumb Code     0  rtexit2.o(.ARM.Collect$$rtexit$$00000003)
    __rt_exit_prels_1                        0x0800025d   Thumb Code     0  rtexit2.o(.ARM.Collect$$rtexit$$00000002)
    __rt_exit_exit                           0x08000261   Thumb Code     0  rtexit2.o(.ARM.Collect$$rtexit$$00000004)
    SVC_Handler                              0x08000269   Thumb Code    28  port.o(.emb_text)
    __asm___6_port_c_39a90d8d__prvStartFirstTask 0x08000289   Thumb Code    36  port.o(.emb_text)
    __asm___6_port_c_39a90d8d__prvEnableVFP  0x080002b1   Thumb Code    16  port.o(.emb_text)
    PendSV_Handler                           0x080002c5   Thumb Code    88  port.o(.emb_text)
    vPortGetIPSR                             0x08000321   Thumb Code     6  port.o(.emb_text)
    Reset_Handler                            0x08000329   Thumb Code     8  startup_stm32f407xx.o(.text)
    ADC_IRQHandler                           0x08000343   Thumb Code     0  startup_stm32f407xx.o(.text)
    CAN1_RX0_IRQHandler                      0x08000343   Thumb Code     0  startup_stm32f407xx.o(.text)
    CAN1_RX1_IRQHandler                      0x08000343   Thumb Code     0  startup_stm32f407xx.o(.text)
    CAN1_SCE_IRQHandler                      0x08000343   Thumb Code     0  startup_stm32f407xx.o(.text)
    CAN1_TX_IRQHandler                       0x08000343   Thumb Code     0  startup_stm32f407xx.o(.text)
    CAN2_RX0_IRQHandler                      0x08000343   Thumb Code     0  startup_stm32f407xx.o(.text)
    CAN2_RX1_IRQHandler                      0x08000343   Thumb Code     0  startup_stm32f407xx.o(.text)
    CAN2_SCE_IRQHandler                      0x08000343   Thumb Code     0  startup_stm32f407xx.o(.text)
    CAN2_TX_IRQHandler                       0x08000343   Thumb Code     0  startup_stm32f407xx.o(.text)
    DCMI_IRQHandler                          0x08000343   Thumb Code     0  startup_stm32f407xx.o(.text)
    DMA1_Stream0_IRQHandler                  0x08000343   Thumb Code     0  startup_stm32f407xx.o(.text)
    DMA1_Stream1_IRQHandler                  0x08000343   Thumb Code     0  startup_stm32f407xx.o(.text)
    DMA1_Stream2_IRQHandler                  0x08000343   Thumb Code     0  startup_stm32f407xx.o(.text)
    DMA1_Stream3_IRQHandler                  0x08000343   Thumb Code     0  startup_stm32f407xx.o(.text)
    DMA1_Stream4_IRQHandler                  0x08000343   Thumb Code     0  startup_stm32f407xx.o(.text)
    DMA1_Stream5_IRQHandler                  0x08000343   Thumb Code     0  startup_stm32f407xx.o(.text)
    DMA1_Stream6_IRQHandler                  0x08000343   Thumb Code     0  startup_stm32f407xx.o(.text)
    DMA1_Stream7_IRQHandler                  0x08000343   Thumb Code     0  startup_stm32f407xx.o(.text)
    DMA2_Stream0_IRQHandler                  0x08000343   Thumb Code     0  startup_stm32f407xx.o(.text)
    DMA2_Stream1_IRQHandler                  0x08000343   Thumb Code     0  startup_stm32f407xx.o(.text)
    DMA2_Stream3_IRQHandler                  0x08000343   Thumb Code     0  startup_stm32f407xx.o(.text)
    DMA2_Stream4_IRQHandler                  0x08000343   Thumb Code     0  startup_stm32f407xx.o(.text)
    DMA2_Stream5_IRQHandler                  0x08000343   Thumb Code     0  startup_stm32f407xx.o(.text)
    DMA2_Stream6_IRQHandler                  0x08000343   Thumb Code     0  startup_stm32f407xx.o(.text)
    ETH_IRQHandler                           0x08000343   Thumb Code     0  startup_stm32f407xx.o(.text)
    ETH_WKUP_IRQHandler                      0x08000343   Thumb Code     0  startup_stm32f407xx.o(.text)
    EXTI0_IRQHandler                         0x08000343   Thumb Code     0  startup_stm32f407xx.o(.text)
    EXTI15_10_IRQHandler                     0x08000343   Thumb Code     0  startup_stm32f407xx.o(.text)
    EXTI9_5_IRQHandler                       0x08000343   Thumb Code     0  startup_stm32f407xx.o(.text)
    FLASH_IRQHandler                         0x08000343   Thumb Code     0  startup_stm32f407xx.o(.text)
    FMC_IRQHandler                           0x08000343   Thumb Code     0  startup_stm32f407xx.o(.text)
    FPU_IRQHandler                           0x08000343   Thumb Code     0  startup_stm32f407xx.o(.text)
    HASH_RNG_IRQHandler                      0x08000343   Thumb Code     0  startup_stm32f407xx.o(.text)
    I2C1_ER_IRQHandler                       0x08000343   Thumb Code     0  startup_stm32f407xx.o(.text)
    I2C1_EV_IRQHandler                       0x08000343   Thumb Code     0  startup_stm32f407xx.o(.text)
    I2C2_ER_IRQHandler                       0x08000343   Thumb Code     0  startup_stm32f407xx.o(.text)
    I2C2_EV_IRQHandler                       0x08000343   Thumb Code     0  startup_stm32f407xx.o(.text)
    I2C3_ER_IRQHandler                       0x08000343   Thumb Code     0  startup_stm32f407xx.o(.text)
    I2C3_EV_IRQHandler                       0x08000343   Thumb Code     0  startup_stm32f407xx.o(.text)
    OTG_FS_IRQHandler                        0x08000343   Thumb Code     0  startup_stm32f407xx.o(.text)
    OTG_FS_WKUP_IRQHandler                   0x08000343   Thumb Code     0  startup_stm32f407xx.o(.text)
    OTG_HS_EP1_IN_IRQHandler                 0x08000343   Thumb Code     0  startup_stm32f407xx.o(.text)
    OTG_HS_EP1_OUT_IRQHandler                0x08000343   Thumb Code     0  startup_stm32f407xx.o(.text)
    OTG_HS_IRQHandler                        0x08000343   Thumb Code     0  startup_stm32f407xx.o(.text)
    OTG_HS_WKUP_IRQHandler                   0x08000343   Thumb Code     0  startup_stm32f407xx.o(.text)
    PVD_IRQHandler                           0x08000343   Thumb Code     0  startup_stm32f407xx.o(.text)
    RCC_IRQHandler                           0x08000343   Thumb Code     0  startup_stm32f407xx.o(.text)
    RTC_Alarm_IRQHandler                     0x08000343   Thumb Code     0  startup_stm32f407xx.o(.text)
    RTC_WKUP_IRQHandler                      0x08000343   Thumb Code     0  startup_stm32f407xx.o(.text)
    SDIO_IRQHandler                          0x08000343   Thumb Code     0  startup_stm32f407xx.o(.text)
    SPI1_IRQHandler                          0x08000343   Thumb Code     0  startup_stm32f407xx.o(.text)
    SPI2_IRQHandler                          0x08000343   Thumb Code     0  startup_stm32f407xx.o(.text)
    SPI3_IRQHandler                          0x08000343   Thumb Code     0  startup_stm32f407xx.o(.text)
    TAMP_STAMP_IRQHandler                    0x08000343   Thumb Code     0  startup_stm32f407xx.o(.text)
    TIM1_BRK_TIM9_IRQHandler                 0x08000343   Thumb Code     0  startup_stm32f407xx.o(.text)
    TIM1_CC_IRQHandler                       0x08000343   Thumb Code     0  startup_stm32f407xx.o(.text)
    TIM1_TRG_COM_TIM11_IRQHandler            0x08000343   Thumb Code     0  startup_stm32f407xx.o(.text)
    TIM2_IRQHandler                          0x08000343   Thumb Code     0  startup_stm32f407xx.o(.text)
    TIM5_IRQHandler                          0x08000343   Thumb Code     0  startup_stm32f407xx.o(.text)
    TIM6_DAC_IRQHandler                      0x08000343   Thumb Code     0  startup_stm32f407xx.o(.text)
    TIM7_IRQHandler                          0x08000343   Thumb Code     0  startup_stm32f407xx.o(.text)
    TIM8_CC_IRQHandler                       0x08000343   Thumb Code     0  startup_stm32f407xx.o(.text)
    TIM8_TRG_COM_TIM14_IRQHandler            0x08000343   Thumb Code     0  startup_stm32f407xx.o(.text)
    UART4_IRQHandler                         0x08000343   Thumb Code     0  startup_stm32f407xx.o(.text)
    UART5_IRQHandler                         0x08000343   Thumb Code     0  startup_stm32f407xx.o(.text)
    USART2_IRQHandler                        0x08000343   Thumb Code     0  startup_stm32f407xx.o(.text)
    USART3_IRQHandler                        0x08000343   Thumb Code     0  startup_stm32f407xx.o(.text)
    USART6_IRQHandler                        0x08000343   Thumb Code     0  startup_stm32f407xx.o(.text)
    WWDG_IRQHandler                          0x08000343   Thumb Code     0  startup_stm32f407xx.o(.text)
    __user_initial_stackheap                 0x08000345   Thumb Code     0  startup_stm32f407xx.o(.text)
    __aeabi_uldivmod                         0x08000369   Thumb Code     0  lludivv7m.o(.text)
    _ll_udiv                                 0x08000369   Thumb Code   238  lludivv7m.o(.text)
    __aeabi_memcpy                           0x08000457   Thumb Code     0  rt_memcpy_v6.o(.text)
    __rt_memcpy                              0x08000457   Thumb Code   138  rt_memcpy_v6.o(.text)
    _memcpy_lastbytes                        0x080004bd   Thumb Code     0  rt_memcpy_v6.o(.text)
    __aeabi_memcpy4                          0x080004e1   Thumb Code     0  rt_memcpy_w.o(.text)
    __aeabi_memcpy8                          0x080004e1   Thumb Code     0  rt_memcpy_w.o(.text)
    __rt_memcpy_w                            0x080004e1   Thumb Code   100  rt_memcpy_w.o(.text)
    _memcpy_lastbytes_aligned                0x08000529   Thumb Code     0  rt_memcpy_w.o(.text)
    __aeabi_memclr4                          0x08000545   Thumb Code     0  rt_memclr_w.o(.text)
    __aeabi_memclr8                          0x08000545   Thumb Code     0  rt_memclr_w.o(.text)
    __rt_memclr_w                            0x08000545   Thumb Code    78  rt_memclr_w.o(.text)
    _memset_w                                0x08000549   Thumb Code     0  rt_memclr_w.o(.text)
    __use_two_region_memory                  0x08000593   Thumb Code     2  heapauxi.o(.text)
    __rt_heap_escrow$2region                 0x08000595   Thumb Code     2  heapauxi.o(.text)
    __rt_heap_expand$2region                 0x08000597   Thumb Code     2  heapauxi.o(.text)
    __user_setup_stackheap                   0x08000599   Thumb Code    74  sys_stackheap_outer.o(.text)
    exit                                     0x080005e3   Thumb Code    18  exit.o(.text)
    __user_libspace                          0x080005f5   Thumb Code     8  libspace.o(.text)
    __user_perproc_libspace                  0x080005f5   Thumb Code     0  libspace.o(.text)
    __user_perthread_libspace                0x080005f5   Thumb Code     0  libspace.o(.text)
    _sys_exit                                0x080005fd   Thumb Code     8  sys_exit.o(.text)
    __I$use$semihosting                      0x08000609   Thumb Code     0  use_no_semi.o(.text)
    __use_no_semihosting_swi                 0x08000609   Thumb Code     2  use_no_semi.o(.text)
    AlarmLED                                 0x0800060b   Thumb Code     8  ledmodule.o(i.AlarmLED)
    __semihosting_library_function           0x0800060b   Thumb Code     0  indicate_semi.o(.text)
    BusFault_Handler                         0x08000613   Thumb Code     2  stm32f4xx_it.o(i.BusFault_Handler)
    DMA2_Stream2_IRQHandler                  0x08000615   Thumb Code     6  stm32f4xx_it.o(i.DMA2_Stream2_IRQHandler)
    DMA2_Stream7_IRQHandler                  0x08000621   Thumb Code     6  stm32f4xx_it.o(i.DMA2_Stream7_IRQHandler)
    DebugMon_Handler                         0x080006d1   Thumb Code     2  stm32f4xx_it.o(i.DebugMon_Handler)
    EXTI1_IRQHandler                         0x080006d5   Thumb Code    48  switch.o(i.EXTI1_IRQHandler)
    EXTI2_IRQHandler                         0x08000711   Thumb Code    48  switch.o(i.EXTI2_IRQHandler)
    EXTI3_IRQHandler                         0x0800074d   Thumb Code    48  switch.o(i.EXTI3_IRQHandler)
    EXTI4_IRQHandler                         0x08000789   Thumb Code    48  switch.o(i.EXTI4_IRQHandler)
    Error_Handler                            0x080007c5   Thumb Code     4  main.o(i.Error_Handler)
    GetStepperDir                            0x080007c9   Thumb Code    20  stepper.o(i.GetStepperDir)
    HAL_DMA_Abort                            0x080007e1   Thumb Code   146  stm32f4xx_hal_dma.o(i.HAL_DMA_Abort)
    HAL_DMA_Abort_IT                         0x08000873   Thumb Code    36  stm32f4xx_hal_dma.o(i.HAL_DMA_Abort_IT)
    HAL_DMA_IRQHandler                       0x08000899   Thumb Code   412  stm32f4xx_hal_dma.o(i.HAL_DMA_IRQHandler)
    HAL_DMA_Init                             0x08000a39   Thumb Code   206  stm32f4xx_hal_dma.o(i.HAL_DMA_Init)
    HAL_DMA_Start_IT                         0x08000b0d   Thumb Code   110  stm32f4xx_hal_dma.o(i.HAL_DMA_Start_IT)
    HAL_Delay                                0x08000b7d   Thumb Code    32  stm32f4xx_hal.o(i.HAL_Delay)
    HAL_GPIO_Init                            0x08000ba1   Thumb Code   450  stm32f4xx_hal_gpio.o(i.HAL_GPIO_Init)
    HAL_GPIO_ReadPin                         0x08000d91   Thumb Code    10  stm32f4xx_hal_gpio.o(i.HAL_GPIO_ReadPin)
    HAL_GPIO_TogglePin                       0x08000d9b   Thumb Code    16  stm32f4xx_hal_gpio.o(i.HAL_GPIO_TogglePin)
    HAL_GPIO_WritePin                        0x08000dab   Thumb Code    10  stm32f4xx_hal_gpio.o(i.HAL_GPIO_WritePin)
    HAL_GetTick                              0x08000db5   Thumb Code     6  stm32f4xx_hal.o(i.HAL_GetTick)
    HAL_IncTick                              0x08000dc1   Thumb Code    12  stm32f4xx_hal.o(i.HAL_IncTick)
    HAL_Init                                 0x08000dd1   Thumb Code    48  stm32f4xx_hal.o(i.HAL_Init)
    HAL_InitTick                             0x08000e05   Thumb Code   100  stm32f4xx_hal_timebase_tim.o(i.HAL_InitTick)
    HAL_MspInit                              0x08000e79   Thumb Code    52  stm32f4xx_hal_msp.o(i.HAL_MspInit)
    HAL_NVIC_EnableIRQ                       0x08000eb1   Thumb Code    26  stm32f4xx_hal_cortex.o(i.HAL_NVIC_EnableIRQ)
    HAL_NVIC_SetPriority                     0x08000ecd   Thumb Code    60  stm32f4xx_hal_cortex.o(i.HAL_NVIC_SetPriority)
    HAL_NVIC_SetPriorityGrouping             0x08000f0d   Thumb Code    26  stm32f4xx_hal_cortex.o(i.HAL_NVIC_SetPriorityGrouping)
    HAL_RCC_ClockConfig                      0x08000f31   Thumb Code   288  stm32f4xx_hal_rcc.o(i.HAL_RCC_ClockConfig)
    HAL_RCC_GetClockConfig                   0x08001065   Thumb Code    54  stm32f4xx_hal_rcc.o(i.HAL_RCC_GetClockConfig)
    HAL_RCC_GetPCLK1Freq                     0x080010a5   Thumb Code    20  stm32f4xx_hal_rcc.o(i.HAL_RCC_GetPCLK1Freq)
    HAL_RCC_GetPCLK2Freq                     0x080010c5   Thumb Code    20  stm32f4xx_hal_rcc.o(i.HAL_RCC_GetPCLK2Freq)
    HAL_RCC_GetSysClockFreq                  0x080010e5   Thumb Code    88  stm32f4xx_hal_rcc.o(i.HAL_RCC_GetSysClockFreq)
    HAL_RCC_OscConfig                        0x08001145   Thumb Code   856  stm32f4xx_hal_rcc.o(i.HAL_RCC_OscConfig)
    HAL_TIMEx_BreakCallback                  0x080014b1   Thumb Code     2  stm32f4xx_hal_tim_ex.o(i.HAL_TIMEx_BreakCallback)
    HAL_TIMEx_CommutCallback                 0x080014b3   Thumb Code     2  stm32f4xx_hal_tim_ex.o(i.HAL_TIMEx_CommutCallback)
    HAL_TIMEx_CommutHalfCpltCallback         0x080014b5   Thumb Code     2  stm32f4xx_hal_tim_ex.o(i.HAL_TIMEx_CommutHalfCpltCallback)
    HAL_TIMEx_ConfigBreakDeadTime            0x080014b7   Thumb Code    84  stm32f4xx_hal_tim_ex.o(i.HAL_TIMEx_ConfigBreakDeadTime)
    HAL_TIMEx_MasterConfigSynchronization    0x0800150d   Thumb Code   116  stm32f4xx_hal_tim_ex.o(i.HAL_TIMEx_MasterConfigSynchronization)
    HAL_TIM_Base_Init                        0x0800159d   Thumb Code   104  stm32f4xx_hal_tim.o(i.HAL_TIM_Base_Init)
    HAL_TIM_Base_MspInit                     0x08001609   Thumb Code   142  tim.o(i.HAL_TIM_Base_MspInit)
    HAL_TIM_Base_Start_IT                    0x080016a9   Thumb Code   100  stm32f4xx_hal_tim.o(i.HAL_TIM_Base_Start_IT)
    HAL_TIM_Base_Stop_IT                     0x08001729   Thumb Code    48  stm32f4xx_hal_tim.o(i.HAL_TIM_Base_Stop_IT)
    HAL_TIM_ConfigClockSource                0x08001759   Thumb Code   220  stm32f4xx_hal_tim.o(i.HAL_TIM_ConfigClockSource)
    HAL_TIM_ErrorCallback                    0x08001835   Thumb Code     2  stm32f4xx_hal_tim.o(i.HAL_TIM_ErrorCallback)
    HAL_TIM_IC_CaptureCallback               0x08001839   Thumb Code   186  ultrasonic.o(i.HAL_TIM_IC_CaptureCallback)
    HAL_TIM_IC_CaptureHalfCpltCallback       0x080018f9   Thumb Code     2  stm32f4xx_hal_tim.o(i.HAL_TIM_IC_CaptureHalfCpltCallback)
    HAL_TIM_IC_ConfigChannel                 0x080018fb   Thumb Code   286  stm32f4xx_hal_tim.o(i.HAL_TIM_IC_ConfigChannel)
    HAL_TIM_IC_Init                          0x08001a19   Thumb Code   104  stm32f4xx_hal_tim.o(i.HAL_TIM_IC_Init)
    HAL_TIM_IC_MspInit                       0x08001a85   Thumb Code     2  stm32f4xx_hal_tim.o(i.HAL_TIM_IC_MspInit)
    HAL_TIM_IRQHandler                       0x08001a87   Thumb Code   382  stm32f4xx_hal_tim.o(i.HAL_TIM_IRQHandler)
    HAL_TIM_MspPostInit                      0x08001c05   Thumb Code   144  tim.o(i.HAL_TIM_MspPostInit)
    HAL_TIM_OC_DelayElapsedCallback          0x08001cad   Thumb Code     2  stm32f4xx_hal_tim.o(i.HAL_TIM_OC_DelayElapsedCallback)
    HAL_TIM_PWM_ConfigChannel                0x08001caf   Thumb Code   204  stm32f4xx_hal_tim.o(i.HAL_TIM_PWM_ConfigChannel)
    HAL_TIM_PWM_Init                         0x08001d7d   Thumb Code   104  stm32f4xx_hal_tim.o(i.HAL_TIM_PWM_Init)
    HAL_TIM_PWM_MspInit                      0x08001de9   Thumb Code   106  tim.o(i.HAL_TIM_PWM_MspInit)
    HAL_TIM_PWM_PulseFinishedCallback        0x08001e61   Thumb Code     2  stm32f4xx_hal_tim.o(i.HAL_TIM_PWM_PulseFinishedCallback)
    HAL_TIM_PWM_PulseFinishedHalfCpltCallback 0x08001e63   Thumb Code     2  stm32f4xx_hal_tim.o(i.HAL_TIM_PWM_PulseFinishedHalfCpltCallback)
    HAL_TIM_PWM_Start                        0x08001e65   Thumb Code   172  stm32f4xx_hal_tim.o(i.HAL_TIM_PWM_Start)
    HAL_TIM_PWM_Stop                         0x08001f2d   Thumb Code   114  stm32f4xx_hal_tim.o(i.HAL_TIM_PWM_Stop)
    HAL_TIM_PeriodElapsedCallback            0x08001fa9   Thumb Code    14  main.o(i.HAL_TIM_PeriodElapsedCallback)
    HAL_TIM_PeriodElapsedHalfCpltCallback    0x08001fbd   Thumb Code     2  stm32f4xx_hal_tim.o(i.HAL_TIM_PeriodElapsedHalfCpltCallback)
    HAL_TIM_RegisterCallback                 0x08001fbf   Thumb Code   250  stm32f4xx_hal_tim.o(i.HAL_TIM_RegisterCallback)
    HAL_TIM_TriggerCallback                  0x080020b9   Thumb Code     2  stm32f4xx_hal_tim.o(i.HAL_TIM_TriggerCallback)
    HAL_TIM_TriggerHalfCpltCallback          0x080020bb   Thumb Code     2  stm32f4xx_hal_tim.o(i.HAL_TIM_TriggerHalfCpltCallback)
    HAL_UARTEx_ReceiveToIdle_DMA             0x080020bd   Thumb Code    86  stm32f4xx_hal_uart.o(i.HAL_UARTEx_ReceiveToIdle_DMA)
    HAL_UARTEx_RxEventCallback               0x08002113   Thumb Code     2  stm32f4xx_hal_uart.o(i.HAL_UARTEx_RxEventCallback)
    HAL_UART_AbortCpltCallback               0x08002115   Thumb Code     2  stm32f4xx_hal_uart.o(i.HAL_UART_AbortCpltCallback)
    HAL_UART_AbortReceiveCpltCallback        0x08002117   Thumb Code     2  stm32f4xx_hal_uart.o(i.HAL_UART_AbortReceiveCpltCallback)
    HAL_UART_AbortTransmitCpltCallback       0x08002119   Thumb Code     2  stm32f4xx_hal_uart.o(i.HAL_UART_AbortTransmitCpltCallback)
    HAL_UART_ErrorCallback                   0x0800211b   Thumb Code     2  stm32f4xx_hal_uart.o(i.HAL_UART_ErrorCallback)
    HAL_UART_IRQHandler                      0x0800211d   Thumb Code   612  stm32f4xx_hal_uart.o(i.HAL_UART_IRQHandler)
    HAL_UART_Init                            0x08002385   Thumb Code   112  stm32f4xx_hal_uart.o(i.HAL_UART_Init)
    HAL_UART_MspInit                         0x080023f9   Thumb Code   214  usart.o(i.HAL_UART_MspInit)
    HAL_UART_RegisterRxEventCallback         0x080024e5   Thumb Code    66  stm32f4xx_hal_uart.o(i.HAL_UART_RegisterRxEventCallback)
    HAL_UART_RxCpltCallback                  0x08002527   Thumb Code     2  stm32f4xx_hal_uart.o(i.HAL_UART_RxCpltCallback)
    HAL_UART_RxHalfCpltCallback              0x08002529   Thumb Code     2  stm32f4xx_hal_uart.o(i.HAL_UART_RxHalfCpltCallback)
    HAL_UART_Transmit_DMA                    0x0800252d   Thumb Code   126  stm32f4xx_hal_uart.o(i.HAL_UART_Transmit_DMA)
    HAL_UART_TxCpltCallback                  0x080025b9   Thumb Code     2  stm32f4xx_hal_uart.o(i.HAL_UART_TxCpltCallback)
    HAL_UART_TxHalfCpltCallback              0x080025bb   Thumb Code     2  stm32f4xx_hal_uart.o(i.HAL_UART_TxHalfCpltCallback)
    HardFault_Handler                        0x080025bd   Thumb Code     2  stm32f4xx_it.o(i.HardFault_Handler)
    KeyScan                                  0x080025c1   Thumb Code   124  keymodule.o(i.KeyScan)
    MX_DMA_Init                              0x08002645   Thumb Code    56  dma.o(i.MX_DMA_Init)
    MX_FREERTOS_Init                         0x08002681   Thumb Code   120  freertos.o(i.MX_FREERTOS_Init)
    MX_GPIO_Init                             0x08002701   Thumb Code   410  gpio.o(i.MX_GPIO_Init)
    MX_TIM12_Init                            0x080028b1   Thumb Code   120  tim.o(i.MX_TIM12_Init)
    MX_TIM3_Init                             0x08002931   Thumb Code   150  tim.o(i.MX_TIM3_Init)
    MX_TIM4_Init                             0x080029d1   Thumb Code   108  tim.o(i.MX_TIM4_Init)
    MX_TIM8_Init                             0x08002a45   Thumb Code   154  tim.o(i.MX_TIM8_Init)
    MX_USART1_UART_Init                      0x08002ae9   Thumb Code    48  usart.o(i.MX_USART1_UART_Init)
    MemManage_Handler                        0x08002b21   Thumb Code     2  stm32f4xx_it.o(i.MemManage_Handler)
    NMI_Handler                              0x08002b23   Thumb Code     2  stm32f4xx_it.o(i.NMI_Handler)
    RangingTaskFunc                          0x08002b25   Thumb Code    38  peripheraltest.o(i.RangingTaskFunc)
    SW1Clicked                               0x08002b4d   Thumb Code    68  peripheraltest.o(i.SW1Clicked)
    SW1Released                              0x08002b95   Thumb Code    52  peripheraltest.o(i.SW1Released)
    SW2Clicked                               0x08002bcd   Thumb Code     2  peripheraltest.o(i.SW2Clicked)
    SW2Released                              0x08002bcf   Thumb Code     2  peripheraltest.o(i.SW2Released)
    SW3Clicked                               0x08002bd1   Thumb Code     2  peripheraltest.o(i.SW3Clicked)
    SW3Released                              0x08002bd3   Thumb Code     2  peripheraltest.o(i.SW3Released)
    SW4Clicked                               0x08002bd5   Thumb Code     2  peripheraltest.o(i.SW4Clicked)
    SW4Released                              0x08002bd7   Thumb Code     2  peripheraltest.o(i.SW4Released)
    SerialInit                               0x08002bd9   Thumb Code    30  serial.o(i.SerialInit)
    SerialPackExtract                        0x08002c05   Thumb Code    40  serial.o(i.SerialPackExtract)
    SerialPackTransmit                       0x08002c2d   Thumb Code    68  serial.o(i.SerialPackTransmit)
    SerialTaskFunc                           0x08002c79   Thumb Code    52  peripheraltest.o(i.SerialTaskFunc)
    SetLEDOnorOff                            0x08002cb5   Thumb Code    68  ledmodule.o(i.SetLEDOnorOff)
    SetStepperEnabled                        0x08002d01   Thumb Code    44  stepper.o(i.SetStepperEnabled)
    SetStepperTarPosWithVel                  0x08002d31   Thumb Code   250  stepper.o(i.SetStepperTarPosWithVel)
    SetStepperTarVel                         0x08002e35   Thumb Code   240  stepper.o(i.SetStepperTarVel)
    SetStepperZeroPos                        0x08002f2d   Thumb Code    40  stepper.o(i.SetStepperZeroPos)
    StartDefaultTask                         0x08002f59   Thumb Code     8  freertos.o(i.StartDefaultTask)
    StepperGoSwitchZeros                     0x08002f61   Thumb Code    40  peripheraltest.o(i.StepperGoSwitchZeros)
    StepperModuleInit                        0x08002f8d   Thumb Code    44  stepper.o(i.StepperModuleInit)
    SwitchModuleInit                         0x08002fc1   Thumb Code    16  switch.o(i.SwitchModuleInit)
    SysTick_Handler                          0x08002fd5   Thumb Code    38  port.o(i.SysTick_Handler)
    SystemClock_Config                       0x08003001   Thumb Code   138  main.o(i.SystemClock_Config)
    SystemInit                               0x08003095   Thumb Code    12  system_stm32f4xx.o(i.SystemInit)
    TIM1_UP_TIM10_IRQHandler                 0x080030a5   Thumb Code     6  stm32f4xx_it.o(i.TIM1_UP_TIM10_IRQHandler)
    TIM3_IRQHandler                          0x080030b1   Thumb Code     6  stm32f4xx_it.o(i.TIM3_IRQHandler)
    TIM4_IRQHandler                          0x080030bd   Thumb Code     6  stm32f4xx_it.o(i.TIM4_IRQHandler)
    TIM8_BRK_TIM12_IRQHandler                0x080030c9   Thumb Code    18  stm32f4xx_it.o(i.TIM8_BRK_TIM12_IRQHandler)
    TIM8_UP_TIM13_IRQHandler                 0x080030e5   Thumb Code     6  stm32f4xx_it.o(i.TIM8_UP_TIM13_IRQHandler)
    TIM_Base_SetConfig                       0x080030f1   Thumb Code   156  stm32f4xx_hal_tim.o(i.TIM_Base_SetConfig)
    TIM_CCxChannelCmd                        0x080031b9   Thumb Code    26  stm32f4xx_hal_tim.o(i.TIM_CCxChannelCmd)
    TIM_ETR_SetConfig                        0x080031d3   Thumb Code    20  stm32f4xx_hal_tim.o(i.TIM_ETR_SetConfig)
    TIM_OC2_SetConfig                        0x08003259   Thumb Code    98  stm32f4xx_hal_tim.o(i.TIM_OC2_SetConfig)
    TIM_ResetCallback                        0x0800337d   Thumb Code    56  stm32f4xx_hal_tim.o(i.TIM_ResetCallback)
    TIM_TI1_SetConfig                        0x0800340d   Thumb Code   100  stm32f4xx_hal_tim.o(i.TIM_TI1_SetConfig)
    TestTaskFunc                             0x080034e9   Thumb Code    92  peripheraltest.o(i.TestTaskFunc)
    ToggleLED                                0x08003569   Thumb Code    48  ledmodule.o(i.ToggleLED)
    UART_InitCallbacksToDefault              0x08003739   Thumb Code    38  stm32f4xx_hal_uart.o(i.UART_InitCallbacksToDefault)
    UART_Start_Receive_DMA                   0x08003951   Thumb Code   134  stm32f4xx_hal_uart.o(i.UART_Start_Receive_DMA)
    USART1_IRQHandler                        0x080039e5   Thumb Code     6  stm32f4xx_it.o(i.USART1_IRQHandler)
    UsageFault_Handler                       0x080039f1   Thumb Code     2  stm32f4xx_it.o(i.UsageFault_Handler)
    main                                     0x08003a13   Thumb Code    46  main.o(i.main)
    osDelay                                  0x08003a81   Thumb Code    14  cmsis_os.o(i.osDelay)
    osKernelStart                            0x08003a8f   Thumb Code    10  cmsis_os.o(i.osKernelStart)
    osThreadCreate                           0x08003a99   Thumb Code    84  cmsis_os.o(i.osThreadCreate)
    pvPortMalloc                             0x08004305   Thumb Code   216  heap_4.o(i.pvPortMalloc)
    pxPortInitialiseStack                    0x080043e1   Thumb Code    40  port.o(i.pxPortInitialiseStack)
    uxListRemove                             0x0800440d   Thumb Code    38  list.o(i.uxListRemove)
    vApplicationGetIdleTaskMemory            0x08004435   Thumb Code    16  freertos.o(i.vApplicationGetIdleTaskMemory)
    vApplicationGetTimerTaskMemory           0x08004449   Thumb Code    16  freertos.o(i.vApplicationGetTimerTaskMemory)
    vListInitialise                          0x0800445d   Thumb Code    22  list.o(i.vListInitialise)
    vListInitialiseItem                      0x08004473   Thumb Code     6  list.o(i.vListInitialiseItem)
    vListInsert                              0x08004479   Thumb Code    48  list.o(i.vListInsert)
    vListInsertEnd                           0x080044a9   Thumb Code    24  list.o(i.vListInsertEnd)
    vPortEnterCritical                       0x080044c1   Thumb Code    54  port.o(i.vPortEnterCritical)
    vPortExitCritical                        0x08004501   Thumb Code    34  port.o(i.vPortExitCritical)
    vPortFree                                0x08004529   Thumb Code    94  heap_4.o(i.vPortFree)
    vPortSetupTimerInterrupt                 0x0800458d   Thumb Code    32  port.o(i.vPortSetupTimerInterrupt)
    vPortValidateInterruptPriority           0x080045b1   Thumb Code    74  port.o(i.vPortValidateInterruptPriority)
    vQueueAddToRegistry                      0x08004605   Thumb Code    34  queue.o(i.vQueueAddToRegistry)
    vQueueWaitForMessageRestricted           0x0800462d   Thumb Code    68  queue.o(i.vQueueWaitForMessageRestricted)
    vTaskDelay                               0x08004671   Thumb Code    66  tasks.o(i.vTaskDelay)
    vTaskInternalSetTimeOutState             0x080046bd   Thumb Code    12  tasks.o(i.vTaskInternalSetTimeOutState)
    vTaskMissedYield                         0x080046cd   Thumb Code     8  tasks.o(i.vTaskMissedYield)
    vTaskPlaceOnEventList                    0x080046d9   Thumb Code    44  tasks.o(i.vTaskPlaceOnEventList)
    vTaskPlaceOnEventListRestricted          0x08004709   Thumb Code    52  tasks.o(i.vTaskPlaceOnEventListRestricted)
    vTaskStartScheduler                      0x08004741   Thumb Code   118  tasks.o(i.vTaskStartScheduler)
    vTaskSuspendAll                          0x080047c9   Thumb Code    10  tasks.o(i.vTaskSuspendAll)
    vTaskSwitchContext                       0x080047d9   Thumb Code    82  tasks.o(i.vTaskSwitchContext)
    xPortStartScheduler                      0x08004835   Thumb Code   222  port.o(i.xPortStartScheduler)
    xQueueGenericCreate                      0x08004929   Thumb Code    66  queue.o(i.xQueueGenericCreate)
    xQueueGenericCreateStatic                0x0800496b   Thumb Code   102  queue.o(i.xQueueGenericCreateStatic)
    xQueueGenericReset                       0x080049d1   Thumb Code   132  queue.o(i.xQueueGenericReset)
    xQueueGenericSend                        0x08004a59   Thumb Code   346  queue.o(i.xQueueGenericSend)
    xQueueGenericSendFromISR                 0x08004bb9   Thumb Code   190  queue.o(i.xQueueGenericSendFromISR)
    xQueueReceive                            0x08004c79   Thumb Code   308  queue.o(i.xQueueReceive)
    xTaskCheckForTimeOut                     0x08004db1   Thumb Code   112  tasks.o(i.xTaskCheckForTimeOut)
    xTaskCreate                              0x08004e25   Thumb Code    90  tasks.o(i.xTaskCreate)
    xTaskCreateStatic                        0x08004e7f   Thumb Code    86  tasks.o(i.xTaskCreateStatic)
    xTaskGetSchedulerState                   0x08004ed5   Thumb Code    22  tasks.o(i.xTaskGetSchedulerState)
    xTaskGetTickCount                        0x08004ef1   Thumb Code     6  tasks.o(i.xTaskGetTickCount)
    xTaskIncrementTick                       0x08004efd   Thumb Code   194  tasks.o(i.xTaskIncrementTick)
    xTaskPriorityDisinherit                  0x08004fc9   Thumb Code   144  tasks.o(i.xTaskPriorityDisinherit)
    xTaskRemoveFromEventList                 0x08005061   Thumb Code   108  tasks.o(i.xTaskRemoveFromEventList)
    xTaskResumeAll                           0x080050d5   Thumb Code   182  tasks.o(i.xTaskResumeAll)
    xTimerCreateTimerTask                    0x08005199   Thumb Code    78  timers.o(i.xTimerCreateTimerTask)
    xTimerGenericCommand                     0x080051f9   Thumb Code    92  timers.o(i.xTimerGenericCommand)
    _fp_init                                 0x08005259   Thumb Code    10  fpinit.o(x$fpl$fpinit)
    __fplib_config_fpu_vfp                   0x08005261   Thumb Code     0  fpinit.o(x$fpl$fpinit)
    __fplib_config_pureend_doubles           0x08005261   Thumb Code     0  fpinit.o(x$fpl$fpinit)
    AHBPrescTable                            0x080052dc   Data          16  system_stm32f4xx.o(.constdata)
    APBPrescTable                            0x080052ec   Data           8  system_stm32f4xx.o(.constdata)
    Region$$Table$$Base                      0x08005324   Number         0  anon$$obj.o(Region$$Table)
    Region$$Table$$Limit                     0x08005344   Number         0  anon$$obj.o(Region$$Table)
    Serial_Queue                             0x20000000   Data           4  freertos.o(.data)
    Stepper_Queue                            0x20000004   Data           4  freertos.o(.data)
    defaultTaskHandle                        0x20000008   Data           4  freertos.o(.data)
    TestTaskHandle                           0x2000000c   Data           4  freertos.o(.data)
    RangingTaskHandle                        0x20000010   Data           4  freertos.o(.data)
    SerialTaskHandle                         0x20000014   Data           4  freertos.o(.data)
    uwTickFreq                               0x20000018   Data           1  stm32f4xx_hal.o(.data)
    uwTickPrio                               0x2000001c   Data           4  stm32f4xx_hal.o(.data)
    uwTick                                   0x20000020   Data           4  stm32f4xx_hal.o(.data)
    SystemCoreClock                          0x20000024   Data           4  system_stm32f4xx.o(.data)
    pxCurrentTCB                             0x20000028   Data           4  tasks.o(.data)
    Switch                                   0x200000a8   Data           4  peripheraltest.o(.data)
    htim3                                    0x20000620   Data         180  tim.o(.bss)
    htim4                                    0x200006d4   Data         180  tim.o(.bss)
    htim8                                    0x20000788   Data         180  tim.o(.bss)
    htim12                                   0x2000083c   Data         180  tim.o(.bss)
    huart1                                   0x200008f0   Data         116  usart.o(.bss)
    hdma_usart1_rx                           0x20000964   Data          96  usart.o(.bss)
    hdma_usart1_tx                           0x200009c4   Data          96  usart.o(.bss)
    htim1                                    0x20000a24   Data         180  stm32f4xx_hal_timebase_tim.o(.bss)
    xQueueRegistry                           0x20000ad8   Data          64  queue.o(.bss)
    __libspace_start                         0x20004afc   Data          96  libspace.o(.bss)
    __temporary_stack_top$libspace           0x20004b5c   Data           0  libspace.o(.bss)



==============================================================================

Memory Map of the image

  Image Entry point : 0x08000189

  Load Region LR_IROM1 (Base: 0x08000000, Size: 0x0000549c, Max: 0x00080000, ABSOLUTE, COMPRESSED[0x00005384])

    Execution Region ER_IROM1 (Exec base: 0x08000000, Load base: 0x08000000, Size: 0x00005344, Max: 0x00080000, ABSOLUTE)

    Exec Addr    Load Addr    Size         Type   Attr      Idx    E Section Name        Object

    0x08000000   0x08000000   0x00000188   Data   RO            3    RESET               startup_stm32f407xx.o
    0x08000188   0x08000188   0x00000008   Code   RO         5068  * !!!main             c_w.l(__main.o)
    0x08000190   0x08000190   0x00000034   Code   RO         5423    !!!scatter          c_w.l(__scatter.o)
    0x080001c4   0x080001c4   0x0000005a   Code   RO         5421    !!dczerorl2         c_w.l(__dczerorl2.o)
    0x0800021e   0x0800021e   0x00000002   PAD
    0x08000220   0x08000220   0x0000001c   Code   RO         5425    !!handler_zi        c_w.l(__scatter_zi.o)
    0x0800023c   0x0800023c   0x00000002   Code   RO         5280    .ARM.Collect$$libinit$$00000000  c_w.l(libinit.o)
    0x0800023e   0x0800023e   0x00000004   Code   RO         5301    .ARM.Collect$$libinit$$00000001  c_w.l(libinit2.o)
    0x08000242   0x08000242   0x00000000   Code   RO         5304    .ARM.Collect$$libinit$$00000004  c_w.l(libinit2.o)
    0x08000242   0x08000242   0x00000000   Code   RO         5307    .ARM.Collect$$libinit$$0000000A  c_w.l(libinit2.o)
    0x08000242   0x08000242   0x00000000   Code   RO         5309    .ARM.Collect$$libinit$$0000000C  c_w.l(libinit2.o)
    0x08000242   0x08000242   0x00000000   Code   RO         5311    .ARM.Collect$$libinit$$0000000E  c_w.l(libinit2.o)
    0x08000242   0x08000242   0x00000000   Code   RO         5314    .ARM.Collect$$libinit$$00000011  c_w.l(libinit2.o)
    0x08000242   0x08000242   0x00000000   Code   RO         5316    .ARM.Collect$$libinit$$00000013  c_w.l(libinit2.o)
    0x08000242   0x08000242   0x00000000   Code   RO         5318    .ARM.Collect$$libinit$$00000015  c_w.l(libinit2.o)
    0x08000242   0x08000242   0x00000000   Code   RO         5320    .ARM.Collect$$libinit$$00000017  c_w.l(libinit2.o)
    0x08000242   0x08000242   0x00000000   Code   RO         5322    .ARM.Collect$$libinit$$00000019  c_w.l(libinit2.o)
    0x08000242   0x08000242   0x00000000   Code   RO         5324    .ARM.Collect$$libinit$$0000001B  c_w.l(libinit2.o)
    0x08000242   0x08000242   0x00000000   Code   RO         5326    .ARM.Collect$$libinit$$0000001D  c_w.l(libinit2.o)
    0x08000242   0x08000242   0x00000000   Code   RO         5328    .ARM.Collect$$libinit$$0000001F  c_w.l(libinit2.o)
    0x08000242   0x08000242   0x00000000   Code   RO         5330    .ARM.Collect$$libinit$$00000021  c_w.l(libinit2.o)
    0x08000242   0x08000242   0x00000000   Code   RO         5332    .ARM.Collect$$libinit$$00000023  c_w.l(libinit2.o)
    0x08000242   0x08000242   0x00000000   Code   RO         5334    .ARM.Collect$$libinit$$00000025  c_w.l(libinit2.o)
    0x08000242   0x08000242   0x00000000   Code   RO         5338    .ARM.Collect$$libinit$$0000002C  c_w.l(libinit2.o)
    0x08000242   0x08000242   0x00000000   Code   RO         5340    .ARM.Collect$$libinit$$0000002E  c_w.l(libinit2.o)
    0x08000242   0x08000242   0x00000000   Code   RO         5342    .ARM.Collect$$libinit$$00000030  c_w.l(libinit2.o)
    0x08000242   0x08000242   0x00000000   Code   RO         5344    .ARM.Collect$$libinit$$00000032  c_w.l(libinit2.o)
    0x08000242   0x08000242   0x00000002   Code   RO         5345    .ARM.Collect$$libinit$$00000033  c_w.l(libinit2.o)
    0x08000244   0x08000244   0x00000002   Code   RO         5376    .ARM.Collect$$libshutdown$$00000000  c_w.l(libshutdown.o)
    0x08000246   0x08000246   0x00000000   Code   RO         5402    .ARM.Collect$$libshutdown$$00000002  c_w.l(libshutdown2.o)
    0x08000246   0x08000246   0x00000000   Code   RO         5404    .ARM.Collect$$libshutdown$$00000004  c_w.l(libshutdown2.o)
    0x08000246   0x08000246   0x00000000   Code   RO         5406    .ARM.Collect$$libshutdown$$00000006  c_w.l(libshutdown2.o)
    0x08000246   0x08000246   0x00000000   Code   RO         5409    .ARM.Collect$$libshutdown$$00000009  c_w.l(libshutdown2.o)
    0x08000246   0x08000246   0x00000000   Code   RO         5412    .ARM.Collect$$libshutdown$$0000000C  c_w.l(libshutdown2.o)
    0x08000246   0x08000246   0x00000000   Code   RO         5414    .ARM.Collect$$libshutdown$$0000000E  c_w.l(libshutdown2.o)
    0x08000246   0x08000246   0x00000000   Code   RO         5417    .ARM.Collect$$libshutdown$$00000011  c_w.l(libshutdown2.o)
    0x08000246   0x08000246   0x00000002   Code   RO         5418    .ARM.Collect$$libshutdown$$00000012  c_w.l(libshutdown2.o)
    0x08000248   0x08000248   0x00000000   Code   RO         5080    .ARM.Collect$$rtentry$$00000000  c_w.l(__rtentry.o)
    0x08000248   0x08000248   0x00000000   Code   RO         5196    .ARM.Collect$$rtentry$$00000002  c_w.l(__rtentry2.o)
    0x08000248   0x08000248   0x00000006   Code   RO         5208    .ARM.Collect$$rtentry$$00000004  c_w.l(__rtentry4.o)
    0x0800024e   0x0800024e   0x00000000   Code   RO         5198    .ARM.Collect$$rtentry$$00000009  c_w.l(__rtentry2.o)
    0x0800024e   0x0800024e   0x00000004   Code   RO         5199    .ARM.Collect$$rtentry$$0000000A  c_w.l(__rtentry2.o)
    0x08000252   0x08000252   0x00000000   Code   RO         5201    .ARM.Collect$$rtentry$$0000000C  c_w.l(__rtentry2.o)
    0x08000252   0x08000252   0x00000008   Code   RO         5202    .ARM.Collect$$rtentry$$0000000D  c_w.l(__rtentry2.o)
    0x0800025a   0x0800025a   0x00000002   Code   RO         5288    .ARM.Collect$$rtexit$$00000000  c_w.l(rtexit.o)
    0x0800025c   0x0800025c   0x00000000   Code   RO         5349    .ARM.Collect$$rtexit$$00000002  c_w.l(rtexit2.o)
    0x0800025c   0x0800025c   0x00000004   Code   RO         5350    .ARM.Collect$$rtexit$$00000003  c_w.l(rtexit2.o)
    0x08000260   0x08000260   0x00000006   Code   RO         5351    .ARM.Collect$$rtexit$$00000004  c_w.l(rtexit2.o)
    0x08000266   0x08000266   0x00000002   PAD
    0x08000268   0x08000268   0x000000be   Code   RO         4538    .emb_text           port.o
    0x08000326   0x08000326   0x00000002   PAD
    0x08000328   0x08000328   0x00000040   Code   RO            4    .text               startup_stm32f407xx.o
    0x08000368   0x08000368   0x000000ee   Code   RO         5054    .text               c_w.l(lludivv7m.o)
    0x08000456   0x08000456   0x0000008a   Code   RO         5058    .text               c_w.l(rt_memcpy_v6.o)
    0x080004e0   0x080004e0   0x00000064   Code   RO         5060    .text               c_w.l(rt_memcpy_w.o)
    0x08000544   0x08000544   0x0000004e   Code   RO         5064    .text               c_w.l(rt_memclr_w.o)
    0x08000592   0x08000592   0x00000006   Code   RO         5066    .text               c_w.l(heapauxi.o)
    0x08000598   0x08000598   0x0000004a   Code   RO         5230    .text               c_w.l(sys_stackheap_outer.o)
    0x080005e2   0x080005e2   0x00000012   Code   RO         5269    .text               c_w.l(exit.o)
    0x080005f4   0x080005f4   0x00000008   Code   RO         5285    .text               c_w.l(libspace.o)
    0x080005fc   0x080005fc   0x0000000c   Code   RO         5346    .text               c_w.l(sys_exit.o)
    0x08000608   0x08000608   0x00000002   Code   RO         5365    .text               c_w.l(use_no_semi.o)
    0x0800060a   0x0800060a   0x00000000   Code   RO         5367    .text               c_w.l(indicate_semi.o)
    0x0800060a   0x0800060a   0x00000008   Code   RO         4647    i.AlarmLED          ledmodule.o
    0x08000612   0x08000612   0x00000002   Code   RO          456    i.BusFault_Handler  stm32f4xx_it.o
    0x08000614   0x08000614   0x0000000c   Code   RO          457    i.DMA2_Stream2_IRQHandler  stm32f4xx_it.o
    0x08000620   0x08000620   0x0000000c   Code   RO          458    i.DMA2_Stream7_IRQHandler  stm32f4xx_it.o
    0x0800062c   0x0800062c   0x00000028   Code   RO         1084    i.DMA_CalcBaseAndBitshift  stm32f4xx_hal_dma.o
    0x08000654   0x08000654   0x00000054   Code   RO         1085    i.DMA_CheckFifoParam  stm32f4xx_hal_dma.o
    0x080006a8   0x080006a8   0x00000028   Code   RO         1086    i.DMA_SetConfig     stm32f4xx_hal_dma.o
    0x080006d0   0x080006d0   0x00000002   Code   RO          459    i.DebugMon_Handler  stm32f4xx_it.o
    0x080006d2   0x080006d2   0x00000002   PAD
    0x080006d4   0x080006d4   0x0000003c   Code   RO         5002    i.EXTI1_IRQHandler  switch.o
    0x08000710   0x08000710   0x0000003c   Code   RO         5003    i.EXTI2_IRQHandler  switch.o
    0x0800074c   0x0800074c   0x0000003c   Code   RO         5004    i.EXTI3_IRQHandler  switch.o
    0x08000788   0x08000788   0x0000003c   Code   RO         5005    i.EXTI4_IRQHandler  switch.o
    0x080007c4   0x080007c4   0x00000004   Code   RO           13    i.Error_Handler     main.o
    0x080007c8   0x080007c8   0x00000018   Code   RO         4920    i.GetStepperDir     stepper.o
    0x080007e0   0x080007e0   0x00000092   Code   RO         1087    i.HAL_DMA_Abort     stm32f4xx_hal_dma.o
    0x08000872   0x08000872   0x00000024   Code   RO         1088    i.HAL_DMA_Abort_IT  stm32f4xx_hal_dma.o
    0x08000896   0x08000896   0x00000002   PAD
    0x08000898   0x08000898   0x000001a0   Code   RO         1092    i.HAL_DMA_IRQHandler  stm32f4xx_hal_dma.o
    0x08000a38   0x08000a38   0x000000d4   Code   RO         1093    i.HAL_DMA_Init      stm32f4xx_hal_dma.o
    0x08000b0c   0x08000b0c   0x0000006e   Code   RO         1097    i.HAL_DMA_Start_IT  stm32f4xx_hal_dma.o
    0x08000b7a   0x08000b7a   0x00000002   PAD
    0x08000b7c   0x08000b7c   0x00000024   Code   RO         1506    i.HAL_Delay         stm32f4xx_hal.o
    0x08000ba0   0x08000ba0   0x000001f0   Code   RO          980    i.HAL_GPIO_Init     stm32f4xx_hal_gpio.o
    0x08000d90   0x08000d90   0x0000000a   Code   RO          982    i.HAL_GPIO_ReadPin  stm32f4xx_hal_gpio.o
    0x08000d9a   0x08000d9a   0x00000010   Code   RO          983    i.HAL_GPIO_TogglePin  stm32f4xx_hal_gpio.o
    0x08000daa   0x08000daa   0x0000000a   Code   RO          984    i.HAL_GPIO_WritePin  stm32f4xx_hal_gpio.o
    0x08000db4   0x08000db4   0x0000000c   Code   RO         1512    i.HAL_GetTick       stm32f4xx_hal.o
    0x08000dc0   0x08000dc0   0x00000010   Code   RO         1518    i.HAL_IncTick       stm32f4xx_hal.o
    0x08000dd0   0x08000dd0   0x00000034   Code   RO         1519    i.HAL_Init          stm32f4xx_hal.o
    0x08000e04   0x08000e04   0x00000074   Code   RO          586    i.HAL_InitTick      stm32f4xx_hal_timebase_tim.o
    0x08000e78   0x08000e78   0x00000038   Code   RO          562    i.HAL_MspInit       stm32f4xx_hal_msp.o
    0x08000eb0   0x08000eb0   0x0000001a   Code   RO         1369    i.HAL_NVIC_EnableIRQ  stm32f4xx_hal_cortex.o
    0x08000eca   0x08000eca   0x00000002   PAD
    0x08000ecc   0x08000ecc   0x00000040   Code   RO         1375    i.HAL_NVIC_SetPriority  stm32f4xx_hal_cortex.o
    0x08000f0c   0x08000f0c   0x00000024   Code   RO         1376    i.HAL_NVIC_SetPriorityGrouping  stm32f4xx_hal_cortex.o
    0x08000f30   0x08000f30   0x00000134   Code   RO          626    i.HAL_RCC_ClockConfig  stm32f4xx_hal_rcc.o
    0x08001064   0x08001064   0x00000040   Code   RO          630    i.HAL_RCC_GetClockConfig  stm32f4xx_hal_rcc.o
    0x080010a4   0x080010a4   0x00000020   Code   RO          633    i.HAL_RCC_GetPCLK1Freq  stm32f4xx_hal_rcc.o
    0x080010c4   0x080010c4   0x00000020   Code   RO          634    i.HAL_RCC_GetPCLK2Freq  stm32f4xx_hal_rcc.o
    0x080010e4   0x080010e4   0x00000060   Code   RO          635    i.HAL_RCC_GetSysClockFreq  stm32f4xx_hal_rcc.o
    0x08001144   0x08001144   0x0000036c   Code   RO          638    i.HAL_RCC_OscConfig  stm32f4xx_hal_rcc.o
    0x080014b0   0x080014b0   0x00000002   Code   RO         2481    i.HAL_TIMEx_BreakCallback  stm32f4xx_hal_tim_ex.o
    0x080014b2   0x080014b2   0x00000002   Code   RO         2482    i.HAL_TIMEx_CommutCallback  stm32f4xx_hal_tim_ex.o
    0x080014b4   0x080014b4   0x00000002   Code   RO         2483    i.HAL_TIMEx_CommutHalfCpltCallback  stm32f4xx_hal_tim_ex.o
    0x080014b6   0x080014b6   0x00000054   Code   RO         2484    i.HAL_TIMEx_ConfigBreakDeadTime  stm32f4xx_hal_tim_ex.o
    0x0800150a   0x0800150a   0x00000002   PAD
    0x0800150c   0x0800150c   0x00000090   Code   RO         2500    i.HAL_TIMEx_MasterConfigSynchronization  stm32f4xx_hal_tim_ex.o
    0x0800159c   0x0800159c   0x0000006c   Code   RO         1759    i.HAL_TIM_Base_Init  stm32f4xx_hal_tim.o
    0x08001608   0x08001608   0x000000a0   Code   RO          337    i.HAL_TIM_Base_MspInit  tim.o
    0x080016a8   0x080016a8   0x00000080   Code   RO         1764    i.HAL_TIM_Base_Start_IT  stm32f4xx_hal_tim.o
    0x08001728   0x08001728   0x00000030   Code   RO         1767    i.HAL_TIM_Base_Stop_IT  stm32f4xx_hal_tim.o
    0x08001758   0x08001758   0x000000dc   Code   RO         1768    i.HAL_TIM_ConfigClockSource  stm32f4xx_hal_tim.o
    0x08001834   0x08001834   0x00000002   Code   RO         1789    i.HAL_TIM_ErrorCallback  stm32f4xx_hal_tim.o
    0x08001836   0x08001836   0x00000002   PAD
    0x08001838   0x08001838   0x000000c0   Code   RO         4800    i.HAL_TIM_IC_CaptureCallback  ultrasonic.o
    0x080018f8   0x080018f8   0x00000002   Code   RO         1794    i.HAL_TIM_IC_CaptureHalfCpltCallback  stm32f4xx_hal_tim.o
    0x080018fa   0x080018fa   0x0000011e   Code   RO         1795    i.HAL_TIM_IC_ConfigChannel  stm32f4xx_hal_tim.o
    0x08001a18   0x08001a18   0x0000006c   Code   RO         1798    i.HAL_TIM_IC_Init   stm32f4xx_hal_tim.o
    0x08001a84   0x08001a84   0x00000002   Code   RO         1800    i.HAL_TIM_IC_MspInit  stm32f4xx_hal_tim.o
    0x08001a86   0x08001a86   0x0000017e   Code   RO         1807    i.HAL_TIM_IRQHandler  stm32f4xx_hal_tim.o
    0x08001c04   0x08001c04   0x000000a8   Code   RO          338    i.HAL_TIM_MspPostInit  tim.o
    0x08001cac   0x08001cac   0x00000002   Code   RO         1810    i.HAL_TIM_OC_DelayElapsedCallback  stm32f4xx_hal_tim.o
    0x08001cae   0x08001cae   0x000000cc   Code   RO         1831    i.HAL_TIM_PWM_ConfigChannel  stm32f4xx_hal_tim.o
    0x08001d7a   0x08001d7a   0x00000002   PAD
    0x08001d7c   0x08001d7c   0x0000006c   Code   RO         1834    i.HAL_TIM_PWM_Init  stm32f4xx_hal_tim.o
    0x08001de8   0x08001de8   0x00000078   Code   RO          340    i.HAL_TIM_PWM_MspInit  tim.o
    0x08001e60   0x08001e60   0x00000002   Code   RO         1837    i.HAL_TIM_PWM_PulseFinishedCallback  stm32f4xx_hal_tim.o
    0x08001e62   0x08001e62   0x00000002   Code   RO         1838    i.HAL_TIM_PWM_PulseFinishedHalfCpltCallback  stm32f4xx_hal_tim.o
    0x08001e64   0x08001e64   0x000000c8   Code   RO         1839    i.HAL_TIM_PWM_Start  stm32f4xx_hal_tim.o
    0x08001f2c   0x08001f2c   0x0000007c   Code   RO         1842    i.HAL_TIM_PWM_Stop  stm32f4xx_hal_tim.o
    0x08001fa8   0x08001fa8   0x00000014   Code   RO           14    i.HAL_TIM_PeriodElapsedCallback  main.o
    0x08001fbc   0x08001fbc   0x00000002   Code   RO         1846    i.HAL_TIM_PeriodElapsedHalfCpltCallback  stm32f4xx_hal_tim.o
    0x08001fbe   0x08001fbe   0x000000fa   Code   RO         1848    i.HAL_TIM_RegisterCallback  stm32f4xx_hal_tim.o
    0x080020b8   0x080020b8   0x00000002   Code   RO         1851    i.HAL_TIM_TriggerCallback  stm32f4xx_hal_tim.o
    0x080020ba   0x080020ba   0x00000002   Code   RO         1852    i.HAL_TIM_TriggerHalfCpltCallback  stm32f4xx_hal_tim.o
    0x080020bc   0x080020bc   0x00000056   Code   RO         2757    i.HAL_UARTEx_ReceiveToIdle_DMA  stm32f4xx_hal_uart.o
    0x08002112   0x08002112   0x00000002   Code   RO         2759    i.HAL_UARTEx_RxEventCallback  stm32f4xx_hal_uart.o
    0x08002114   0x08002114   0x00000002   Code   RO         2761    i.HAL_UART_AbortCpltCallback  stm32f4xx_hal_uart.o
    0x08002116   0x08002116   0x00000002   Code   RO         2763    i.HAL_UART_AbortReceiveCpltCallback  stm32f4xx_hal_uart.o
    0x08002118   0x08002118   0x00000002   Code   RO         2766    i.HAL_UART_AbortTransmitCpltCallback  stm32f4xx_hal_uart.o
    0x0800211a   0x0800211a   0x00000002   Code   RO         2773    i.HAL_UART_ErrorCallback  stm32f4xx_hal_uart.o
    0x0800211c   0x0800211c   0x00000268   Code   RO         2776    i.HAL_UART_IRQHandler  stm32f4xx_hal_uart.o
    0x08002384   0x08002384   0x00000074   Code   RO         2777    i.HAL_UART_Init     stm32f4xx_hal_uart.o
    0x080023f8   0x080023f8   0x000000ec   Code   RO          415    i.HAL_UART_MspInit  usart.o
    0x080024e4   0x080024e4   0x00000042   Code   RO         2784    i.HAL_UART_RegisterRxEventCallback  stm32f4xx_hal_uart.o
    0x08002526   0x08002526   0x00000002   Code   RO         2785    i.HAL_UART_RxCpltCallback  stm32f4xx_hal_uart.o
    0x08002528   0x08002528   0x00000002   Code   RO         2786    i.HAL_UART_RxHalfCpltCallback  stm32f4xx_hal_uart.o
    0x0800252a   0x0800252a   0x00000002   PAD
    0x0800252c   0x0800252c   0x0000008c   Code   RO         2788    i.HAL_UART_Transmit_DMA  stm32f4xx_hal_uart.o
    0x080025b8   0x080025b8   0x00000002   Code   RO         2790    i.HAL_UART_TxCpltCallback  stm32f4xx_hal_uart.o
    0x080025ba   0x080025ba   0x00000002   Code   RO         2791    i.HAL_UART_TxHalfCpltCallback  stm32f4xx_hal_uart.o
    0x080025bc   0x080025bc   0x00000002   Code   RO          460    i.HardFault_Handler  stm32f4xx_it.o
    0x080025be   0x080025be   0x00000002   PAD
    0x080025c0   0x080025c0   0x00000084   Code   RO         4618    i.KeyScan           keymodule.o
    0x08002644   0x08002644   0x0000003c   Code   RO          312    i.MX_DMA_Init       dma.o
    0x08002680   0x08002680   0x00000080   Code   RO          232    i.MX_FREERTOS_Init  freertos.o
    0x08002700   0x08002700   0x000001b0   Code   RO          208    i.MX_GPIO_Init      gpio.o
    0x080028b0   0x080028b0   0x00000080   Code   RO          341    i.MX_TIM12_Init     tim.o
    0x08002930   0x08002930   0x000000a0   Code   RO          342    i.MX_TIM3_Init      tim.o
    0x080029d0   0x080029d0   0x00000074   Code   RO          343    i.MX_TIM4_Init      tim.o
    0x08002a44   0x08002a44   0x000000a4   Code   RO          344    i.MX_TIM8_Init      tim.o
    0x08002ae8   0x08002ae8   0x00000038   Code   RO          416    i.MX_USART1_UART_Init  usart.o
    0x08002b20   0x08002b20   0x00000002   Code   RO          461    i.MemManage_Handler  stm32f4xx_it.o
    0x08002b22   0x08002b22   0x00000002   Code   RO          462    i.NMI_Handler       stm32f4xx_it.o
    0x08002b24   0x08002b24   0x00000026   Code   RO         4686    i.RangingTaskFunc   peripheraltest.o
    0x08002b4a   0x08002b4a   0x00000002   PAD
    0x08002b4c   0x08002b4c   0x00000048   Code   RO         4687    i.SW1Clicked        peripheraltest.o
    0x08002b94   0x08002b94   0x00000038   Code   RO         4688    i.SW1Released       peripheraltest.o
    0x08002bcc   0x08002bcc   0x00000002   Code   RO         4689    i.SW2Clicked        peripheraltest.o
    0x08002bce   0x08002bce   0x00000002   Code   RO         4690    i.SW2Released       peripheraltest.o
    0x08002bd0   0x08002bd0   0x00000002   Code   RO         4691    i.SW3Clicked        peripheraltest.o
    0x08002bd2   0x08002bd2   0x00000002   Code   RO         4692    i.SW3Released       peripheraltest.o
    0x08002bd4   0x08002bd4   0x00000002   Code   RO         4693    i.SW4Clicked        peripheraltest.o
    0x08002bd6   0x08002bd6   0x00000002   Code   RO         4694    i.SW4Released       peripheraltest.o
    0x08002bd8   0x08002bd8   0x0000002c   Code   RO         4841    i.SerialInit        serial.o
    0x08002c04   0x08002c04   0x00000028   Code   RO         4842    i.SerialPackExtract  serial.o
    0x08002c2c   0x08002c2c   0x0000004c   Code   RO         4843    i.SerialPackTransmit  serial.o
    0x08002c78   0x08002c78   0x0000003c   Code   RO         4695    i.SerialTaskFunc    peripheraltest.o
    0x08002cb4   0x08002cb4   0x0000004c   Code   RO         4648    i.SetLEDOnorOff     ledmodule.o
    0x08002d00   0x08002d00   0x00000030   Code   RO         4921    i.SetStepperEnabled  stepper.o
    0x08002d30   0x08002d30   0x00000104   Code   RO         4923    i.SetStepperTarPosWithVel  stepper.o
    0x08002e34   0x08002e34   0x000000f8   Code   RO         4924    i.SetStepperTarVel  stepper.o
    0x08002f2c   0x08002f2c   0x0000002c   Code   RO         4925    i.SetStepperZeroPos  stepper.o
    0x08002f58   0x08002f58   0x00000008   Code   RO          235    i.StartDefaultTask  freertos.o
    0x08002f60   0x08002f60   0x0000002c   Code   RO         4696    i.StepperGoSwitchZeros  peripheraltest.o
    0x08002f8c   0x08002f8c   0x00000034   Code   RO         4926    i.StepperModuleInit  stepper.o
    0x08002fc0   0x08002fc0   0x00000014   Code   RO         5006    i.SwitchModuleInit  switch.o
    0x08002fd4   0x08002fd4   0x0000002c   Code   RO         4539    i.SysTick_Handler   port.o
    0x08003000   0x08003000   0x00000094   Code   RO           15    i.SystemClock_Config  main.o
    0x08003094   0x08003094   0x00000010   Code   RO         3136    i.SystemInit        system_stm32f4xx.o
    0x080030a4   0x080030a4   0x0000000c   Code   RO          463    i.TIM1_UP_TIM10_IRQHandler  stm32f4xx_it.o
    0x080030b0   0x080030b0   0x0000000c   Code   RO          464    i.TIM3_IRQHandler   stm32f4xx_it.o
    0x080030bc   0x080030bc   0x0000000c   Code   RO          465    i.TIM4_IRQHandler   stm32f4xx_it.o
    0x080030c8   0x080030c8   0x0000001c   Code   RO          466    i.TIM8_BRK_TIM12_IRQHandler  stm32f4xx_it.o
    0x080030e4   0x080030e4   0x0000000c   Code   RO          467    i.TIM8_UP_TIM13_IRQHandler  stm32f4xx_it.o
    0x080030f0   0x080030f0   0x000000c8   Code   RO         1854    i.TIM_Base_SetConfig  stm32f4xx_hal_tim.o
    0x080031b8   0x080031b8   0x0000001a   Code   RO         1855    i.TIM_CCxChannelCmd  stm32f4xx_hal_tim.o
    0x080031d2   0x080031d2   0x00000014   Code   RO         1865    i.TIM_ETR_SetConfig  stm32f4xx_hal_tim.o
    0x080031e6   0x080031e6   0x00000010   Code   RO         1866    i.TIM_ITRx_SetConfig  stm32f4xx_hal_tim.o
    0x080031f6   0x080031f6   0x00000002   PAD
    0x080031f8   0x080031f8   0x00000060   Code   RO         1867    i.TIM_OC1_SetConfig  stm32f4xx_hal_tim.o
    0x08003258   0x08003258   0x0000006c   Code   RO         1868    i.TIM_OC2_SetConfig  stm32f4xx_hal_tim.o
    0x080032c4   0x080032c4   0x00000068   Code   RO         1869    i.TIM_OC3_SetConfig  stm32f4xx_hal_tim.o
    0x0800332c   0x0800332c   0x00000050   Code   RO         1870    i.TIM_OC4_SetConfig  stm32f4xx_hal_tim.o
    0x0800337c   0x0800337c   0x0000006c   Code   RO         1871    i.TIM_ResetCallback  stm32f4xx_hal_tim.o
    0x080033e8   0x080033e8   0x00000022   Code   RO         1873    i.TIM_TI1_ConfigInputStage  stm32f4xx_hal_tim.o
    0x0800340a   0x0800340a   0x00000002   PAD
    0x0800340c   0x0800340c   0x00000080   Code   RO         1874    i.TIM_TI1_SetConfig  stm32f4xx_hal_tim.o
    0x0800348c   0x0800348c   0x00000024   Code   RO         1875    i.TIM_TI2_ConfigInputStage  stm32f4xx_hal_tim.o
    0x080034b0   0x080034b0   0x00000036   Code   RO         1876    i.TIM_TI2_SetConfig  stm32f4xx_hal_tim.o
    0x080034e6   0x080034e6   0x00000002   PAD
    0x080034e8   0x080034e8   0x00000080   Code   RO         4697    i.TestTaskFunc      peripheraltest.o
    0x08003568   0x08003568   0x00000038   Code   RO         4649    i.ToggleLED         ledmodule.o
    0x080035a0   0x080035a0   0x0000000c   Code   RO         2794    i.UART_DMAAbortOnError  stm32f4xx_hal_uart.o
    0x080035ac   0x080035ac   0x0000004c   Code   RO         2795    i.UART_DMAError     stm32f4xx_hal_uart.o
    0x080035f8   0x080035f8   0x0000007c   Code   RO         2796    i.UART_DMAReceiveCplt  stm32f4xx_hal_uart.o
    0x08003674   0x08003674   0x00000014   Code   RO         2798    i.UART_DMARxHalfCplt  stm32f4xx_hal_uart.o
    0x08003688   0x08003688   0x0000003e   Code   RO         2800    i.UART_DMATransmitCplt  stm32f4xx_hal_uart.o
    0x080036c6   0x080036c6   0x00000006   Code   RO         2802    i.UART_DMATxHalfCplt  stm32f4xx_hal_uart.o
    0x080036cc   0x080036cc   0x0000004e   Code   RO         2804    i.UART_EndRxTransfer  stm32f4xx_hal_uart.o
    0x0800371a   0x0800371a   0x0000001c   Code   RO         2805    i.UART_EndTxTransfer  stm32f4xx_hal_uart.o
    0x08003736   0x08003736   0x00000002   PAD
    0x08003738   0x08003738   0x0000004c   Code   RO         2806    i.UART_InitCallbacksToDefault  stm32f4xx_hal_uart.o
    0x08003784   0x08003784   0x000000c0   Code   RO         2807    i.UART_Receive_IT   stm32f4xx_hal_uart.o
    0x08003844   0x08003844   0x0000010c   Code   RO         2808    i.UART_SetConfig    stm32f4xx_hal_uart.o
    0x08003950   0x08003950   0x00000094   Code   RO         2809    i.UART_Start_Receive_DMA  stm32f4xx_hal_uart.o
    0x080039e4   0x080039e4   0x0000000c   Code   RO          468    i.USART1_IRQHandler  stm32f4xx_it.o
    0x080039f0   0x080039f0   0x00000002   Code   RO          469    i.UsageFault_Handler  stm32f4xx_it.o
    0x080039f2   0x080039f2   0x00000020   Code   RO         1382    i.__NVIC_SetPriority  stm32f4xx_hal_cortex.o
    0x08003a12   0x08003a12   0x0000002e   Code   RO           16    i.main              main.o
    0x08003a40   0x08003a40   0x0000000c   Code   RO         4116    i.makeFreeRtosPriority  cmsis_os.o
    0x08003a4c   0x08003a4c   0x00000034   Code   RO         4845    i.onUartReceivedData  serial.o
    0x08003a80   0x08003a80   0x0000000e   Code   RO         4118    i.osDelay           cmsis_os.o
    0x08003a8e   0x08003a8e   0x0000000a   Code   RO         4121    i.osKernelStart     cmsis_os.o
    0x08003a98   0x08003a98   0x00000054   Code   RO         4155    i.osThreadCreate    cmsis_os.o
    0x08003aec   0x08003aec   0x00000070   Code   RO         3656    i.prvAddCurrentTaskToDelayedList  tasks.o
    0x08003b5c   0x08003b5c   0x000000d0   Code   RO         3657    i.prvAddNewTaskToReadyList  tasks.o
    0x08003c2c   0x08003c2c   0x00000058   Code   RO         3970    i.prvCheckForValidListAndQueue  timers.o
    0x08003c84   0x08003c84   0x00000026   Code   RO         3314    i.prvCopyDataFromQueue  queue.o
    0x08003caa   0x08003caa   0x0000006c   Code   RO         3315    i.prvCopyDataToQueue  queue.o
    0x08003d16   0x08003d16   0x00000034   Code   RO         3658    i.prvDeleteTCB      tasks.o
    0x08003d4a   0x08003d4a   0x00000002   PAD
    0x08003d4c   0x08003d4c   0x0000004c   Code   RO         4483    i.prvHeapInit       heap_4.o
    0x08003d98   0x08003d98   0x00000060   Code   RO         3659    i.prvIdleTask       tasks.o
    0x08003df8   0x08003df8   0x00000016   Code   RO         3317    i.prvInitialiseNewQueue  queue.o
    0x08003e0e   0x08003e0e   0x00000098   Code   RO         3660    i.prvInitialiseNewTask  tasks.o
    0x08003ea6   0x08003ea6   0x00000002   PAD
    0x08003ea8   0x08003ea8   0x0000004c   Code   RO         4484    i.prvInsertBlockIntoFreeList  heap_4.o
    0x08003ef4   0x08003ef4   0x00000038   Code   RO         3972    i.prvInsertTimerInActiveList  timers.o
    0x08003f2c   0x08003f2c   0x0000001c   Code   RO         3318    i.prvIsQueueEmpty   queue.o
    0x08003f48   0x08003f48   0x000000f0   Code   RO         3973    i.prvProcessReceivedCommands  timers.o
    0x08004038   0x08004038   0x000000c0   Code   RO         3974    i.prvProcessTimerOrBlockTask  timers.o
    0x080040f8   0x080040f8   0x00000020   Code   RO         3661    i.prvResetNextTaskUnblockTime  tasks.o
    0x08004118   0x08004118   0x00000028   Code   RO         3975    i.prvSampleTimeNow  timers.o
    0x08004140   0x08004140   0x0000006c   Code   RO         3976    i.prvSwitchTimerLists  timers.o
    0x080041ac   0x080041ac   0x000000a0   Code   RO         4927    i.prvTIMPeriodElapsedCallback  stepper.o
    0x0800424c   0x0800424c   0x00000028   Code   RO         4540    i.prvTaskExitError  port.o
    0x08004274   0x08004274   0x00000024   Code   RO         3977    i.prvTimerTask      timers.o
    0x08004298   0x08004298   0x0000006a   Code   RO         3319    i.prvUnlockQueue    queue.o
    0x08004302   0x08004302   0x00000002   PAD
    0x08004304   0x08004304   0x000000dc   Code   RO         4485    i.pvPortMalloc      heap_4.o
    0x080043e0   0x080043e0   0x0000002c   Code   RO         4541    i.pxPortInitialiseStack  port.o
    0x0800440c   0x0800440c   0x00000026   Code   RO         3274    i.uxListRemove      list.o
    0x08004432   0x08004432   0x00000002   PAD
    0x08004434   0x08004434   0x00000014   Code   RO          237    i.vApplicationGetIdleTaskMemory  freertos.o
    0x08004448   0x08004448   0x00000014   Code   RO          238    i.vApplicationGetTimerTaskMemory  freertos.o
    0x0800445c   0x0800445c   0x00000016   Code   RO         3275    i.vListInitialise   list.o
    0x08004472   0x08004472   0x00000006   Code   RO         3276    i.vListInitialiseItem  list.o
    0x08004478   0x08004478   0x00000030   Code   RO         3277    i.vListInsert       list.o
    0x080044a8   0x080044a8   0x00000018   Code   RO         3278    i.vListInsertEnd    list.o
    0x080044c0   0x080044c0   0x00000040   Code   RO         4543    i.vPortEnterCritical  port.o
    0x08004500   0x08004500   0x00000028   Code   RO         4544    i.vPortExitCritical  port.o
    0x08004528   0x08004528   0x00000064   Code   RO         4486    i.vPortFree         heap_4.o
    0x0800458c   0x0800458c   0x00000024   Code   RO         4545    i.vPortSetupTimerInterrupt  port.o
    0x080045b0   0x080045b0   0x00000054   Code   RO         4546    i.vPortValidateInterruptPriority  port.o
    0x08004604   0x08004604   0x00000028   Code   RO         3323    i.vQueueAddToRegistry  queue.o
    0x0800462c   0x0800462c   0x00000044   Code   RO         3326    i.vQueueWaitForMessageRestricted  queue.o
    0x08004670   0x08004670   0x0000004c   Code   RO         3670    i.vTaskDelay        tasks.o
    0x080046bc   0x080046bc   0x00000010   Code   RO         3673    i.vTaskInternalSetTimeOutState  tasks.o
    0x080046cc   0x080046cc   0x0000000c   Code   RO         3674    i.vTaskMissedYield  tasks.o
    0x080046d8   0x080046d8   0x00000030   Code   RO         3676    i.vTaskPlaceOnEventList  tasks.o
    0x08004708   0x08004708   0x00000038   Code   RO         3677    i.vTaskPlaceOnEventListRestricted  tasks.o
    0x08004740   0x08004740   0x00000088   Code   RO         3684    i.vTaskStartScheduler  tasks.o
    0x080047c8   0x080047c8   0x00000010   Code   RO         3686    i.vTaskSuspendAll   tasks.o
    0x080047d8   0x080047d8   0x0000005c   Code   RO         3687    i.vTaskSwitchContext  tasks.o
    0x08004834   0x08004834   0x000000f4   Code   RO         4547    i.xPortStartScheduler  port.o
    0x08004928   0x08004928   0x00000042   Code   RO         3331    i.xQueueGenericCreate  queue.o
    0x0800496a   0x0800496a   0x00000066   Code   RO         3332    i.xQueueGenericCreateStatic  queue.o
    0x080049d0   0x080049d0   0x00000088   Code   RO         3333    i.xQueueGenericReset  queue.o
    0x08004a58   0x08004a58   0x00000160   Code   RO         3334    i.xQueueGenericSend  queue.o
    0x08004bb8   0x08004bb8   0x000000be   Code   RO         3335    i.xQueueGenericSendFromISR  queue.o
    0x08004c76   0x08004c76   0x00000002   PAD
    0x08004c78   0x08004c78   0x00000138   Code   RO         3341    i.xQueueReceive     queue.o
    0x08004db0   0x08004db0   0x00000074   Code   RO         3689    i.xTaskCheckForTimeOut  tasks.o
    0x08004e24   0x08004e24   0x0000005a   Code   RO         3690    i.xTaskCreate       tasks.o
    0x08004e7e   0x08004e7e   0x00000056   Code   RO         3691    i.xTaskCreateStatic  tasks.o
    0x08004ed4   0x08004ed4   0x0000001c   Code   RO         3695    i.xTaskGetSchedulerState  tasks.o
    0x08004ef0   0x08004ef0   0x0000000c   Code   RO         3696    i.xTaskGetTickCount  tasks.o
    0x08004efc   0x08004efc   0x000000cc   Code   RO         3698    i.xTaskIncrementTick  tasks.o
    0x08004fc8   0x08004fc8   0x00000098   Code   RO         3701    i.xTaskPriorityDisinherit  tasks.o
    0x08005060   0x08005060   0x00000074   Code   RO         3703    i.xTaskRemoveFromEventList  tasks.o
    0x080050d4   0x080050d4   0x000000c4   Code   RO         3704    i.xTaskResumeAll    tasks.o
    0x08005198   0x08005198   0x00000060   Code   RO         3984    i.xTimerCreateTimerTask  timers.o
    0x080051f8   0x080051f8   0x00000060   Code   RO         3985    i.xTimerGenericCommand  timers.o
    0x08005258   0x08005258   0x0000000a   Code   RO         5361    x$fpl$fpinit        fz_wm.l(fpinit.o)
    0x08005262   0x08005262   0x00000002   PAD
    0x08005264   0x08005264   0x00000070   Data   RO          240    .constdata          freertos.o
    0x080052d4   0x080052d4   0x00000008   Data   RO         1099    .constdata          stm32f4xx_hal_dma.o
    0x080052dc   0x080052dc   0x00000010   Data   RO         3137    .constdata          system_stm32f4xx.o
    0x080052ec   0x080052ec   0x00000008   Data   RO         3138    .constdata          system_stm32f4xx.o
    0x080052f4   0x080052f4   0x0000002d   Data   RO          241    .conststring        freertos.o
    0x08005321   0x08005321   0x00000003   PAD
    0x08005324   0x08005324   0x00000020   Data   RO         5419    Region$$Table       anon$$obj.o


    Execution Region RW_IRAM1 (Exec base: 0x20000000, Load base: 0x08005344, Size: 0x00005160, Max: 0x0001c000, ABSOLUTE, COMPRESSED[0x00000040])

    Exec Addr    Load Addr    Size         Type   Attr      Idx    E Section Name        Object

    0x20000000   COMPRESSED   0x00000018   Data   RW          242    .data               freertos.o
    0x20000018   COMPRESSED   0x0000000c   Data   RW         1526    .data               stm32f4xx_hal.o
    0x20000024   COMPRESSED   0x00000004   Data   RW         3139    .data               system_stm32f4xx.o
    0x20000028   COMPRESSED   0x0000003c   Data   RW         3707    .data               tasks.o
    0x20000064   COMPRESSED   0x00000014   Data   RW         3991    .data               timers.o
    0x20000078   COMPRESSED   0x00000020   Data   RW         4492    .data               heap_4.o
    0x20000098   COMPRESSED   0x0000000c   Data   RW         4548    .data               port.o
    0x200000a4   COMPRESSED   0x00000004   Data   RW         4619    .data               keymodule.o
    0x200000a8   COMPRESSED   0x00000004   Data   RW         4699    .data               peripheraltest.o
    0x200000ac   COMPRESSED   0x00000006   Data   RW         4847    .data               serial.o
    0x200000b2   COMPRESSED   0x00000002   PAD
    0x200000b4   COMPRESSED   0x00000084   Data   RW         4928    .data               stepper.o
    0x20000138   COMPRESSED   0x00000020   Data   RW         5007    .data               switch.o
    0x20000158        -       0x000004c8   Zero   RW          239    .bss                freertos.o
    0x20000620        -       0x000002d0   Zero   RW          345    .bss                tim.o
    0x200008f0        -       0x00000134   Zero   RW          417    .bss                usart.o
    0x20000a24        -       0x000000b4   Zero   RW          589    .bss                stm32f4xx_hal_timebase_tim.o
    0x20000ad8        -       0x00000040   Zero   RW         3344    .bss                queue.o
    0x20000b18        -       0x000000f0   Zero   RW         3706    .bss                tasks.o
    0x20000c08        -       0x000000d0   Zero   RW         3990    .bss                timers.o
    0x20000cd8        -       0x00003c00   Zero   RW         4491    .bss                heap_4.o
    0x200048d8        -       0x00000024   Zero   RW         4802    .bss                ultrasonic.o
    0x200048fc        -       0x00000200   Zero   RW         4846    .bss                serial.o
    0x20004afc        -       0x00000060   Zero   RW         5286    .bss                c_w.l(libspace.o)
    0x20004b5c   COMPRESSED   0x00000004   PAD
    0x20004b60        -       0x00000200   Zero   RW            2    HEAP                startup_stm32f407xx.o
    0x20004d60        -       0x00000400   Zero   RW            1    STACK               startup_stm32f407xx.o


    Execution Region RW_IRAM2 (Exec base: 0x2001c000, Load base: 0x08005384, Size: 0x00000000, Max: 0x00004000, ABSOLUTE)

    **** No section assigned to this execution region ****


==============================================================================

Image component sizes


      Code (inc. data)   RO Data    RW Data    ZI Data      Debug   Object Name

       120          0          0          0          0      23465   cmsis_os.o
        60          4          0          0          0        834   dma.o
         0          0          0          0          0      20052   event_groups.o
       176         16        157         24       1224       3880   freertos.o
       432         22          0          0          0       1211   gpio.o
       472         24          0         32      15360       5015   heap_4.o
       132          8          0          4          0       1302   keymodule.o
       140         16          0          0          0       2203   ledmodule.o
       138          0          0          0          0       3698   list.o
       218         16          0          0          0     729252   main.o
       410         56          0          4          0      10447   peripheraltest.o
       786         82          0         12          0      12145   port.o
      1568         20          0          0         64      18730   queue.o
       212         36          0          6        512       3505   serial.o
        64         26        392          0       1536        868   startup_stm32f407xx.o
       836         44          0        132          0       5641   stepper.o
       116         18          0         12          0       8898   stm32f4xx_hal.o
       158         14          0          0          0      33286   stm32f4xx_hal_cortex.o
      1084         16          8          0          0       7574   stm32f4xx_hal_dma.o
       532         46          0          0          0       3616   stm32f4xx_hal_gpio.o
        56          4          0          0          0        918   stm32f4xx_hal_msp.o
      1408         82          0          0          0       6069   stm32f4xx_hal_rcc.o
      3194        280          0          0          0      26573   stm32f4xx_hal_tim.o
       234         28          0          0          0       3992   stm32f4xx_hal_tim_ex.o
       116         16          0          0        180       1495   stm32f4xx_hal_timebase_tim.o
      2132         84          0          0          0      19563   stm32f4xx_hal_uart.o
       124         52          0          0          0       6987   stm32f4xx_it.o
         0          0          0          0          0        396   stream_buffer.o
       260         52          0         32          0       3887   switch.o
        16          4         24          4          0       1199   system_stm32f4xx.o
      2104        160          0         60        240      27368   tasks.o
      1016         92          0          0        720       5651   tim.o
       952         80          0         20        208      30375   timers.o
       192          6          0          0         36       2221   ultrasonic.o
       292         30          0          0        308       2000   usart.o

    ----------------------------------------------------------------------
     19790       1434        616        344      20388    1034316   Object Totals
         0          0         32          0          0          0   (incl. Generated)
        40          0          3          2          0          0   (incl. Padding)

    ----------------------------------------------------------------------

      Code (inc. data)   RO Data    RW Data    ZI Data      Debug   Library Member Name

        90          0          0          0          0          0   __dczerorl2.o
         8          0          0          0          0         68   __main.o
         0          0          0          0          0          0   __rtentry.o
        12          0          0          0          0          0   __rtentry2.o
         6          0          0          0          0          0   __rtentry4.o
        52          8          0          0          0          0   __scatter.o
        28          0          0          0          0          0   __scatter_zi.o
        18          0          0          0          0         80   exit.o
         6          0          0          0          0        152   heapauxi.o
         0          0          0          0          0          0   indicate_semi.o
         2          0          0          0          0          0   libinit.o
         6          0          0          0          0          0   libinit2.o
         2          0          0          0          0          0   libshutdown.o
         2          0          0          0          0          0   libshutdown2.o
         8          4          0          0         96         68   libspace.o
       238          0          0          0          0        100   lludivv7m.o
        78          0          0          0          0         80   rt_memclr_w.o
       138          0          0          0          0         68   rt_memcpy_v6.o
       100          0          0          0          0         80   rt_memcpy_w.o
         2          0          0          0          0          0   rtexit.o
        10          0          0          0          0          0   rtexit2.o
        12          4          0          0          0         68   sys_exit.o
        74          0          0          0          0         80   sys_stackheap_outer.o
         2          0          0          0          0         68   use_no_semi.o
        10          0          0          0          0        116   fpinit.o

    ----------------------------------------------------------------------
       910         16          0          0        100       1028   Library Totals
         6          0          0          0          4          0   (incl. Padding)

    ----------------------------------------------------------------------

      Code (inc. data)   RO Data    RW Data    ZI Data      Debug   Library Name

       894         16          0          0         96        912   c_w.l
        10          0          0          0          0        116   fz_wm.l

    ----------------------------------------------------------------------
       910         16          0          0        100       1028   Library Totals

    ----------------------------------------------------------------------

==============================================================================


      Code (inc. data)   RO Data    RW Data    ZI Data      Debug   

     20700       1450        616        344      20488    1012980   Grand Totals
     20700       1450        616         64      20488    1012980   ELF Image Totals (compressed)
     20700       1450        616         64          0          0   ROM Totals

==============================================================================

    Total RO  Size (Code + RO Data)                21316 (  20.82kB)
    Total RW  Size (RW Data + ZI Data)             20832 (  20.34kB)
    Total ROM Size (Code + RO Data + RW Data)      21380 (  20.88kB)

==============================================================================

